******************************************************************************
            TI ARM Clang Linker PC v4.0.0                      
******************************************************************************
>> Linked Wed Nov 13 13:15:47 2024

OUTPUT FILE NAME:   <empty_LP_MSPM0G3507_nortos_ticlang.out>
ENTRY POINT SYMBOL: "_c_int00_noargs"  address: 000020a5


MEMORY CONFIGURATION

         name            origin    length      used     unused   attr    fill
----------------------  --------  ---------  --------  --------  ----  --------
  FLASH                 00000000   00020000  00002408  0001dbf8  R  X
  SRAM                  20200000   00008000  000003ff  00007c01  RW X
  BCR_CONFIG            41c00000   00000080  00000000  00000080  R   
  BSL_CONFIG            41c00100   00000080  00000000  00000080  R   


SEGMENT ALLOCATION MAP

run origin  load origin   length   init length attrs members
----------  ----------- ---------- ----------- ----- -------
00000000    00000000    00002298   00002298    r-x
  00000000    00000000    000000c0   000000c0    r-- .intvecs
  000000c0    000000c0    000021d8   000021d8    r-x .text
000022a0    000022a0    00000170   00000170    r--
  000022a0    000022a0    00000140   00000140    r-- .rodata
  000023e0    000023e0    00000030   00000030    r-- .cinit
20200000    20200000    00000201   00000000    rw-
  20200000    20200000    000001fa   00000000    rw- .bss
  202001fc    202001fc    00000005   00000000    rw- .data
20207e00    20207e00    00000200   00000000    rw-
  20207e00    20207e00    00000200   00000000    rw- .stack


SECTION ALLOCATION MAP

 output                                  attributes/
section   page    origin      length       input sections
--------  ----  ----------  ----------   ----------------
.intvecs   0    00000000    000000c0     
                  00000000    000000c0     startup_mspm0g350x_ticlang.o (.intvecs)

.text      0    000000c0    000021d8     
                  000000c0    000009d0     libc.a : _printfi.c.obj (.text:__TI_printfi)
                  00000a90    00000220            : _printfi.c.obj (.text._pconv_a)
                  00000cb0    000001dc            : _printfi.c.obj (.text._pconv_g)
                  00000e8c    00000192     libclang_rt.builtins.a : adddf3.S.obj (.text.adddf3_subdf3)
                  0000101e    00000002     startup_mspm0g350x_ticlang.o (.text.Default_Handler)
                  00001020    0000013c     libc.a : _printfi.c.obj (.text.fcvt)
                  0000115c    0000012c     tjc_usart_hmi.o (.text.TJCPrintf)
                  00001288    00000120     libc.a : _printfi.c.obj (.text._pconv_e)
                  000013a8    0000010c     libclang_rt.builtins.a : divdf3.S.obj (.text.__divdf3)
                  000014b4    000000e4                            : muldf3.S.obj (.text.__muldf3)
                  00001598    000000d8     libc.a : s_scalbn.c.obj (.text.scalbn)
                  00001670    000000a2     libclang_rt.builtins.a : udivmoddi4.S.obj (.text)
                  00001712    00000002                            : aeabi_div0.c.obj (.text.__aeabi_idiv0)
                  00001714    000000a0     empty.o (.text.main)
                  000017b4    0000009a     libc.a : memcpy16.S.obj (.text:memcpy)
                  0000184e    00000002     libclang_rt.builtins.a : aeabi_div0.c.obj (.text.__aeabi_ldiv0)
                  00001850    0000007c     libc.a : copy_decompress_lzss.c.obj (.text:decompress:lzss)
                  000018cc    00000074     libclang_rt.builtins.a : comparedf2.c.obj (.text.__gedf2)
                  00001940    00000070     ti_msp_dl_config.o (.text.SYSCFG_DL_UART_0_init)
                  000019b0    00000068     libclang_rt.builtins.a : comparedf2.c.obj (.text.__ledf2)
                  00001a18    00000066     libc.a : _printfi.c.obj (.text._mcpy)
                  00001a7e    00000002     --HOLE-- [fill = 0]
                  00001a80    00000062     libclang_rt.builtins.a : aeabi_dcmp.S.obj (.text.__aeabi_dcmp)
                  00001ae2    00000062     libc.a : memset16.S.obj (.text:memset)
                  00001b44    0000005c            : s_frexp.c.obj (.text.frexp)
                  00001ba0    00000058            : _ltoa.c.obj (.text.__TI_ltoa)
                  00001bf8    00000058            : _printfi.c.obj (.text._pconv_f)
                  00001c50    00000056     libclang_rt.builtins.a : aeabi_idivmod.S.obj (.text.__aeabi_idivmod)
                  00001ca6    00000052     libc.a : _printfi.c.obj (.text._ecpy)
                  00001cf8    0000004c     driverlib.a : dl_uart.o (.text.DL_UART_init)
                  00001d44    0000004a     libclang_rt.builtins.a : fixdfsi.S.obj (.text.__fixdfsi)
                  00001d8e    00000002     --HOLE-- [fill = 0]
                  00001d90    00000040     ti_msp_dl_config.o (.text.SYSCFG_DL_SYSCTL_init)
                  00001dd0    00000040     libclang_rt.builtins.a : aeabi_uidivmod.S.obj (.text.__aeabi_uidivmod)
                  00001e10    00000040     libc.a : atoi.c.obj (.text.atoi)
                  00001e50    00000040            : vsnprintf.c.obj (.text.vsnprintf)
                  00001e90    0000003c     tjc_usart_hmi.o (.text.deleteRingBuff)
                  00001ecc    0000003c     libc.a : autoinit.c.obj (.text:__TI_auto_init_nobinit_nopinit)
                  00001f08    0000003a     libclang_rt.builtins.a : muldsi3.S.obj (.text.__muldsi3)
                  00001f42    00000002     --HOLE-- [fill = 0]
                  00001f44    00000034     ti_msp_dl_config.o (.text.SYSCFG_DL_initPower)
                  00001f78    00000030     libc.a : _printfi.c.obj (.text._fcpy)
                  00001fa8    00000030            : vsnprintf.c.obj (.text._outs)
                  00001fd8    0000002c     libclang_rt.builtins.a : floatsidf.S.obj (.text.__floatsidf)
                  00002004    00000028     driverlib.a : dl_uart.o (.text.DL_Common_updateReg)
                  0000202c    00000028     ti_msp_dl_config.o (.text.SYSCFG_DL_GPIO_init)
                  00002054    00000028     empty.o (.text.UART0_IRQHandler)
                  0000207c    00000028     tjc_usart_hmi.o (.text.writeRingBuff)
                  000020a4    00000028     libc.a : boot_cortex_m.c.obj (.text:_c_int00_noargs)
                  000020cc    00000024     driverlib.a : dl_uart.o (.text.DL_UART_setClockConfig)
                  000020f0    00000024     libclang_rt.builtins.a : muldi3.S.obj (.text.__muldi3)
                  00002114    00000022     libc.a : memccpy.c.obj (.text.memccpy)
                  00002136    00000002     --HOLE-- [fill = 0]
                  00002138    0000001e     libclang_rt.builtins.a : ashldi3.S.obj (.text.__ashldi3)
                  00002156    00000002     --HOLE-- [fill = 0]
                  00002158    0000001c     tjc_usart_hmi.o (.text.read1BFromRingBuff)
                  00002174    00000018     libc.a : vsnprintf.c.obj (.text._outc)
                  0000218c    00000016     driverlib.a : dl_uart.o (.text.DL_UART_disable)
                  000021a2    00000016     libc.a : copy_zero_init.c.obj (.text:decompress:ZI:__TI_zero_init_nomemset)
                  000021b8    00000014     driverlib.a : dl_common.o (.text.DL_Common_delayCycles)
                  000021cc    00000014     ti_msp_dl_config.o (.text.SYSCFG_DL_init)
                  000021e0    00000014     libclang_rt.builtins.a : aeabi_uldivmod.S.obj (.text.__aeabi_uldivmod)
                  000021f4    00000014     libc.a : _printfi.c.obj (.text.strchr)
                  00002208    00000012            : copy_decompress_none.c.obj (.text:decompress:none)
                  0000221a    00000010            : wcslen.c.obj (.text.wcslen)
                  0000222a    00000002     --HOLE-- [fill = 0]
                  0000222c    0000000e     libclang_rt.builtins.a : aeabi_memset.S.obj (.text.__aeabi_memset)
                  0000223a    0000000e     libc.a : _printfi.c.obj (.text.strlen)
                  00002248    0000000c     tjc_usart_hmi.o (.text.getRingBuffLenght)
                  00002254    0000000a     libc.a : _printfi.c.obj (.text.OUTLINED_FUNCTION_0)
                  0000225e    00000002     --HOLE-- [fill = 0]
                  00002260    00000010     libclang_rt.builtins.a : adddf3.S.obj (.tramp.__aeabi_dsub.1)
                  00002270    0000000a     libc.a : _printfi.c.obj (.text.OUTLINED_FUNCTION_1)
                  0000227a    00000002     --HOLE-- [fill = 0]
                  0000227c    00000008            : aeabi_portable.c.obj (.text.__aeabi_errno_addr)
                  00002284    00000008     libclang_rt.builtins.a : aeabi_memcpy.S.obj (.text.__aeabi_memcpy)
                  0000228c    00000004     startup_mspm0g350x_ticlang.o (.text.Reset_Handler)
                  00002290    00000004     libc.a : pre_init.c.obj (.text._system_pre_init)
                  00002294    00000004            : exit.c.obj (.text:abort)

.cinit     0    000023e0    00000030     
                  000023e0    0000000c     (__TI_handler_table)
                  000023ec    00000008     (.cinit..bss.load) [load image, compression = zero_init]
                  000023f4    00000007     (.cinit..data.load) [load image, compression = lzss]
                  000023fb    00000001     --HOLE-- [fill = 0]
                  000023fc    00000010     (__TI_cinit_table)
                  0000240c    00000004     --HOLE-- [fill = 0]

.rodata    0    000022a0    00000140     
                  000022a0    00000101     libc.a : aeabi_ctype.S.obj (.rodata:__aeabi_ctype_table_)
                  000023a1    00000011            : _printfi.c.obj (.rodata.str1.103488685894817597201)
                  000023b2    00000011            : _printfi.c.obj (.rodata.str1.153638888446227384661)
                  000023c3    00000001     --HOLE-- [fill = 0]
                  000023c4    0000000a     ti_msp_dl_config.o (.rodata.gUART_0Config)
                  000023ce    00000009     empty.o (.rodata.str1.176633223477948356601)
                  000023d7    00000002     ti_msp_dl_config.o (.rodata.gUART_0ClockConfig)
                  000023d9    00000007     --HOLE-- [fill = 0]

.init_array 
*          0    00000000    00000000     UNINITIALIZED

.binit     0    00000000    00000000     

.bss       0    20200000    000001fa     UNINITIALIZED
                  20200000    000001fa     (.common:ringBuff)

.data      0    202001fc    00000005     UNINITIALIZED
                  202001fc    00000004     libc.a : aeabi_portable.c.obj (.data.__aeabi_errno)
                  20200200    00000001     empty.o (.data.uart_data)

.stack     0    20207e00    00000200     UNINITIALIZED
                  20207e00    00000004     libc.a : boot_cortex_m.c.obj (.stack)
                  20207e04    000001fc     --HOLE--

__llvm_prf_cnts 
*          0    20200000    00000000     UNINITIALIZED

__llvm_prf_bits 
*          0    20200000    00000000     UNINITIALIZED

MODULE SUMMARY

       Module                         code   ro data   rw data
       ------                         ----   -------   -------
    .\
       tjc_usart_hmi.o                440    0         506    
       ti_msp_dl_config.o             288    12        0      
       empty.o                        200    9         1      
       startup_mspm0g350x_ticlang.o   6      192       0      
    +--+------------------------------+------+---------+---------+
       Total:                         934    213       507    
                                                              
    C:\ti\ccstheia151\ccs\tools\compiler\ti-cgt-armllvm_4.0.0.LTS\lib\armv6m-ti-none-eabi/c/libc.a
       _printfi.c.obj                 4510   34        0      
       aeabi_ctype.S.obj              0      257       0      
       s_scalbn.c.obj                 216    0         0      
       memcpy16.S.obj                 154    0         0      
       vsnprintf.c.obj                136    0         0      
       copy_decompress_lzss.c.obj     124    0         0      
       memset16.S.obj                 98     0         0      
       s_frexp.c.obj                  92     0         0      
       _ltoa.c.obj                    88     0         0      
       atoi.c.obj                     64     0         0      
       autoinit.c.obj                 60     0         0      
       boot_cortex_m.c.obj            40     0         0      
       memccpy.c.obj                  34     0         0      
       copy_zero_init.c.obj           22     0         0      
       copy_decompress_none.c.obj     18     0         0      
       wcslen.c.obj                   16     0         0      
       aeabi_portable.c.obj           8      0         4      
       exit.c.obj                     4      0         0      
       pre_init.c.obj                 4      0         0      
    +--+------------------------------+------+---------+---------+
       Total:                         5688   291       4      
                                                              
    C:\ti\ccstheia151\ccs\tools\compiler\ti-cgt-armllvm_4.0.0.LTS\lib\armv6m-ti-none-eabi/libclang_rt.builtins.a
       adddf3.S.obj                   418    0         0      
       divdf3.S.obj                   268    0         0      
       muldf3.S.obj                   228    0         0      
       comparedf2.c.obj               220    0         0      
       udivmoddi4.S.obj               162    0         0      
       aeabi_dcmp.S.obj               98     0         0      
       aeabi_idivmod.S.obj            86     0         0      
       fixdfsi.S.obj                  74     0         0      
       aeabi_uidivmod.S.obj           64     0         0      
       muldsi3.S.obj                  58     0         0      
       floatsidf.S.obj                44     0         0      
       muldi3.S.obj                   36     0         0      
       ashldi3.S.obj                  30     0         0      
       aeabi_uldivmod.S.obj           20     0         0      
       aeabi_memset.S.obj             14     0         0      
       aeabi_memcpy.S.obj             8      0         0      
       aeabi_div0.c.obj               4      0         0      
    +--+------------------------------+------+---------+---------+
       Total:                         1832   0         0      
                                                              
    D:/ccs/mspm0_sdk_2_00_01_00/source/ti/driverlib/lib/ticlang/m0p/mspm0g1x0x_g3x0x/driverlib.a
       dl_uart.o                      174    0         0      
       dl_common.o                    20     0         0      
    +--+------------------------------+------+---------+---------+
       Total:                         194    0         0      
                                                              
       Stack:                         0      0         512    
       Linker Generated:              0      43        0      
    +--+------------------------------+------+---------+---------+
       Grand Total:                   8648   547       1023   


LINKER GENERATED COPY TABLES

__TI_cinit_table @ 000023fc records: 2, size/record: 8, table size: 16
	.bss: load addr=000023ec, load size=00000008 bytes, run addr=20200000, run size=000001fa bytes, compression=zero_init
	.data: load addr=000023f4, load size=00000007 bytes, run addr=202001fc, run size=00000005 bytes, compression=lzss


LINKER GENERATED HANDLER TABLE

__TI_handler_table @ 000023e0 records: 3, size/record: 4, table size: 12
	index: 0, handler: __TI_decompress_lzss
	index: 1, handler: __TI_decompress_none
	index: 2, handler: __TI_zero_init


FAR CALL TRAMPOLINES

callee name               trampoline name
   callee addr  tramp addr   call addr  call info
--------------  -----------  ---------  ----------------
__aeabi_dsub              $Tramp$TT$L$PI$$__aeabi_dsub
   00000e8d     00002260     0000225c   libc.a : _printfi.c.obj (.text.OUTLINED_FUNCTION_0)

[1 trampolines]
[1 trampoline calls]


GLOBAL SYMBOLS: SORTED ALPHABETICALLY BY Name 

address   name                          
-------   ----                          
0000101f  ADC0_IRQHandler               
0000101f  ADC1_IRQHandler               
0000101f  AES_IRQHandler                
00002294  C$$EXIT                       
0000101f  CANFD0_IRQHandler             
0000101f  DAC0_IRQHandler               
000021b9  DL_Common_delayCycles         
00001cf9  DL_UART_init                  
000020cd  DL_UART_setClockConfig        
0000101f  DMA_IRQHandler                
0000101f  Default_Handler               
0000101f  GROUP0_IRQHandler             
0000101f  GROUP1_IRQHandler             
0000101f  HardFault_Handler             
0000101f  I2C0_IRQHandler               
0000101f  I2C1_IRQHandler               
0000101f  NMI_Handler                   
0000101f  PendSV_Handler                
0000101f  RTC_IRQHandler                
0000228d  Reset_Handler                 
0000101f  SPI0_IRQHandler               
0000101f  SPI1_IRQHandler               
0000101f  SVC_Handler                   
0000202d  SYSCFG_DL_GPIO_init           
00001d91  SYSCFG_DL_SYSCTL_init         
00001941  SYSCFG_DL_UART_0_init         
000021cd  SYSCFG_DL_init                
00001f45  SYSCFG_DL_initPower           
0000101f  SysTick_Handler               
0000101f  TIMA0_IRQHandler              
0000101f  TIMA1_IRQHandler              
0000101f  TIMG0_IRQHandler              
0000101f  TIMG12_IRQHandler             
0000101f  TIMG6_IRQHandler              
0000101f  TIMG7_IRQHandler              
0000101f  TIMG8_IRQHandler              
0000115d  TJCPrintf                     
00002055  UART0_IRQHandler              
0000101f  UART1_IRQHandler              
0000101f  UART2_IRQHandler              
0000101f  UART3_IRQHandler              
20208000  __STACK_END                   
00000200  __STACK_SIZE                  
00000000  __TI_ATRegion0_region_sz      
00000000  __TI_ATRegion0_src_addr       
00000000  __TI_ATRegion0_trg_addr       
00000000  __TI_ATRegion1_region_sz      
00000000  __TI_ATRegion1_src_addr       
00000000  __TI_ATRegion1_trg_addr       
00000000  __TI_ATRegion2_region_sz      
00000000  __TI_ATRegion2_src_addr       
00000000  __TI_ATRegion2_trg_addr       
000023fc  __TI_CINIT_Base               
0000240c  __TI_CINIT_Limit              
0000240c  __TI_CINIT_Warm               
000023e0  __TI_Handler_Table_Base       
000023ec  __TI_Handler_Table_Limit      
00001ecd  __TI_auto_init_nobinit_nopinit
00001851  __TI_decompress_lzss          
00002209  __TI_decompress_none          
00001ba1  __TI_ltoa                     
ffffffff  __TI_pprof_out_hndl           
000000c1  __TI_printfi                  
ffffffff  __TI_prof_data_size           
ffffffff  __TI_prof_data_start          
00000000  __TI_static_base__            
000021a3  __TI_zero_init_nomemset       
00000e97  __adddf3                      
000022a0  __aeabi_ctype_table_          
000022a0  __aeabi_ctype_table_C         
00001d45  __aeabi_d2iz                  
00000e97  __aeabi_dadd                  
00001a81  __aeabi_dcmpeq                
00001abd  __aeabi_dcmpge                
00001ad1  __aeabi_dcmpgt                
00001aa9  __aeabi_dcmple                
00001a95  __aeabi_dcmplt                
000013a9  __aeabi_ddiv                  
000014b5  __aeabi_dmul                  
00000e8d  __aeabi_dsub                  
202001fc  __aeabi_errno                 
0000227d  __aeabi_errno_addr            
00001fd9  __aeabi_i2d                   
00001c51  __aeabi_idiv                  
00001713  __aeabi_idiv0                 
00001c51  __aeabi_idivmod               
0000184f  __aeabi_ldiv0                 
00002139  __aeabi_llsl                  
000020f1  __aeabi_lmul                  
00002285  __aeabi_memcpy                
00002285  __aeabi_memcpy4               
00002285  __aeabi_memcpy8               
0000222d  __aeabi_memset                
0000222d  __aeabi_memset4               
0000222d  __aeabi_memset8               
00001dd1  __aeabi_uidiv                 
00001dd1  __aeabi_uidivmod              
000021e1  __aeabi_uldivmod              
00002139  __ashldi3                     
ffffffff  __binit__                     
000019b1  __cmpdf2                      
000013a9  __divdf3                      
000019b1  __eqdf2                       
00001d45  __fixdfsi                     
00001fd9  __floatsidf                   
000018cd  __gedf2                       
000018cd  __gtdf2                       
000019b1  __ledf2                       
000019b1  __ltdf2                       
UNDEFED   __mpu_init                    
000014b5  __muldf3                      
000020f1  __muldi3                      
00001f09  __muldsi3                     
000019b1  __nedf2                       
20207e00  __stack                       
20200000  __start___llvm_prf_bits       
20200000  __start___llvm_prf_cnts       
20200000  __stop___llvm_prf_bits        
20200000  __stop___llvm_prf_cnts        
00000e8d  __subdf3                      
00001671  __udivmoddi4                  
000020a5  _c_int00_noargs               
UNDEFED   _system_post_cinit            
00002291  _system_pre_init              
00002295  abort                         
00001e11  atoi                          
ffffffff  binit                         
00001e91  deleteRingBuff                
00001b45  frexp                         
00001b45  frexpl                        
00002249  getRingBuffLenght             
00000000  interruptVectors              
00001599  ldexp                         
00001599  ldexpl                        
00001715  main                          
00002115  memccpy                       
000017b5  memcpy                        
00001ae3  memset                        
00002159  read1BFromRingBuff            
20200000  ringBuff                      
00001599  scalbn                        
00001599  scalbnl                       
20200200  uart_data                     
00001e51  vsnprintf                     
0000221b  wcslen                        
0000207d  writeRingBuff                 


GLOBAL SYMBOLS: SORTED BY Symbol Address 

address   name                          
-------   ----                          
00000000  __TI_ATRegion0_region_sz      
00000000  __TI_ATRegion0_src_addr       
00000000  __TI_ATRegion0_trg_addr       
00000000  __TI_ATRegion1_region_sz      
00000000  __TI_ATRegion1_src_addr       
00000000  __TI_ATRegion1_trg_addr       
00000000  __TI_ATRegion2_region_sz      
00000000  __TI_ATRegion2_src_addr       
00000000  __TI_ATRegion2_trg_addr       
00000000  __TI_static_base__            
00000000  interruptVectors              
000000c1  __TI_printfi                  
00000200  __STACK_SIZE                  
00000e8d  __aeabi_dsub                  
00000e8d  __subdf3                      
00000e97  __adddf3                      
00000e97  __aeabi_dadd                  
0000101f  ADC0_IRQHandler               
0000101f  ADC1_IRQHandler               
0000101f  AES_IRQHandler                
0000101f  CANFD0_IRQHandler             
0000101f  DAC0_IRQHandler               
0000101f  DMA_IRQHandler                
0000101f  Default_Handler               
0000101f  GROUP0_IRQHandler             
0000101f  GROUP1_IRQHandler             
0000101f  HardFault_Handler             
0000101f  I2C0_IRQHandler               
0000101f  I2C1_IRQHandler               
0000101f  NMI_Handler                   
0000101f  PendSV_Handler                
0000101f  RTC_IRQHandler                
0000101f  SPI0_IRQHandler               
0000101f  SPI1_IRQHandler               
0000101f  SVC_Handler                   
0000101f  SysTick_Handler               
0000101f  TIMA0_IRQHandler              
0000101f  TIMA1_IRQHandler              
0000101f  TIMG0_IRQHandler              
0000101f  TIMG12_IRQHandler             
0000101f  TIMG6_IRQHandler              
0000101f  TIMG7_IRQHandler              
0000101f  TIMG8_IRQHandler              
0000101f  UART1_IRQHandler              
0000101f  UART2_IRQHandler              
0000101f  UART3_IRQHandler              
0000115d  TJCPrintf                     
000013a9  __aeabi_ddiv                  
000013a9  __divdf3                      
000014b5  __aeabi_dmul                  
000014b5  __muldf3                      
00001599  ldexp                         
00001599  ldexpl                        
00001599  scalbn                        
00001599  scalbnl                       
00001671  __udivmoddi4                  
00001713  __aeabi_idiv0                 
00001715  main                          
000017b5  memcpy                        
0000184f  __aeabi_ldiv0                 
00001851  __TI_decompress_lzss          
000018cd  __gedf2                       
000018cd  __gtdf2                       
00001941  SYSCFG_DL_UART_0_init         
000019b1  __cmpdf2                      
000019b1  __eqdf2                       
000019b1  __ledf2                       
000019b1  __ltdf2                       
000019b1  __nedf2                       
00001a81  __aeabi_dcmpeq                
00001a95  __aeabi_dcmplt                
00001aa9  __aeabi_dcmple                
00001abd  __aeabi_dcmpge                
00001ad1  __aeabi_dcmpgt                
00001ae3  memset                        
00001b45  frexp                         
00001b45  frexpl                        
00001ba1  __TI_ltoa                     
00001c51  __aeabi_idiv                  
00001c51  __aeabi_idivmod               
00001cf9  DL_UART_init                  
00001d45  __aeabi_d2iz                  
00001d45  __fixdfsi                     
00001d91  SYSCFG_DL_SYSCTL_init         
00001dd1  __aeabi_uidiv                 
00001dd1  __aeabi_uidivmod              
00001e11  atoi                          
00001e51  vsnprintf                     
00001e91  deleteRingBuff                
00001ecd  __TI_auto_init_nobinit_nopinit
00001f09  __muldsi3                     
00001f45  SYSCFG_DL_initPower           
00001fd9  __aeabi_i2d                   
00001fd9  __floatsidf                   
0000202d  SYSCFG_DL_GPIO_init           
00002055  UART0_IRQHandler              
0000207d  writeRingBuff                 
000020a5  _c_int00_noargs               
000020cd  DL_UART_setClockConfig        
000020f1  __aeabi_lmul                  
000020f1  __muldi3                      
00002115  memccpy                       
00002139  __aeabi_llsl                  
00002139  __ashldi3                     
00002159  read1BFromRingBuff            
000021a3  __TI_zero_init_nomemset       
000021b9  DL_Common_delayCycles         
000021cd  SYSCFG_DL_init                
000021e1  __aeabi_uldivmod              
00002209  __TI_decompress_none          
0000221b  wcslen                        
0000222d  __aeabi_memset                
0000222d  __aeabi_memset4               
0000222d  __aeabi_memset8               
00002249  getRingBuffLenght             
0000227d  __aeabi_errno_addr            
00002285  __aeabi_memcpy                
00002285  __aeabi_memcpy4               
00002285  __aeabi_memcpy8               
0000228d  Reset_Handler                 
00002291  _system_pre_init              
00002294  C$$EXIT                       
00002295  abort                         
000022a0  __aeabi_ctype_table_          
000022a0  __aeabi_ctype_table_C         
000023e0  __TI_Handler_Table_Base       
000023ec  __TI_Handler_Table_Limit      
000023fc  __TI_CINIT_Base               
0000240c  __TI_CINIT_Limit              
0000240c  __TI_CINIT_Warm               
20200000  __start___llvm_prf_bits       
20200000  __start___llvm_prf_cnts       
20200000  __stop___llvm_prf_bits        
20200000  __stop___llvm_prf_cnts        
20200000  ringBuff                      
202001fc  __aeabi_errno                 
20200200  uart_data                     
20207e00  __stack                       
20208000  __STACK_END                   
ffffffff  __TI_pprof_out_hndl           
ffffffff  __TI_prof_data_size           
ffffffff  __TI_prof_data_start          
ffffffff  __binit__                     
ffffffff  binit                         
UNDEFED   __mpu_init                    
UNDEFED   _system_post_cinit            

[146 symbols]
