<?xml version="1.0" encoding="ISO-8859-1" ?>
<link_info>
   <banner>TI ARM Clang Linker Unix v4.0.4.LTS</banner>
   <copyright>Copyright (c) 1996-2018 Texas Instruments Incorporated</copyright>
   <command_line>/home/elysia/Software/ti/CCS2050/ccs/tools/compiler/ti-cgt-armllvm_4.0.4.LTS/bin/tiarmlnk -I/home/elysia/Software/ti/CCS2050/ccs/tools/compiler/ti-cgt-armllvm_4.0.4.LTS/lib -o my_uart.out -mmy_uart.map -i/home/elysia/Software/ti/SDK/mspm0_sdk_2_10_00_04/source -i/home/elysia/Software/ti/MSPM0_Project/my_uart -i/home/elysia/Software/ti/MSPM0_Project/my_uart/Debug/syscfg -i/home/elysia/Software/ti/CCS2050/ccs/tools/compiler/ti-cgt-armllvm_4.0.4.LTS/lib --diag_wrap=off --display_error_number --warn_sections --xml_link_info=my_uart_linkInfo.xml --rom_model ./main.o ./ti_msp_dl_config.o ./startup_mspm0g351x_ticlang.o ./usercode/delay.o ./usercode/tjc_usart_hmi.o -l./device_linker.cmd -ldevice.cmd.genlibs -llibc.a --start-group -llibc++.a -llibc++abi.a -llibc.a -llibsys.a -llibsysbm.a -llibclang_rt.builtins.a -llibclang_rt.profile.a --end-group --cg_opt_level=0</command_line>
   <link_time>0x69ca5d00</link_time>
   <link_errors>0x0</link_errors>
   <output_file>/home/elysia/Software/ti/MSPM0_Project/my_uart/Debug/my_uart.out</output_file>
   <entry_point>
      <name>_c_int00_noargs</name>
      <address>0x2e1d</address>
   </entry_point>
   <input_file_list>
      <input_file id="fl-1">
         <path>/home/elysia/Software/ti/MSPM0_Project/my_uart/Debug/./</path>
         <kind>object</kind>
         <file>main.o</file>
         <name>main.o</name>
      </input_file>
      <input_file id="fl-2">
         <path>/home/elysia/Software/ti/MSPM0_Project/my_uart/Debug/./</path>
         <kind>object</kind>
         <file>ti_msp_dl_config.o</file>
         <name>ti_msp_dl_config.o</name>
      </input_file>
      <input_file id="fl-3">
         <path>/home/elysia/Software/ti/MSPM0_Project/my_uart/Debug/./</path>
         <kind>object</kind>
         <file>startup_mspm0g351x_ticlang.o</file>
         <name>startup_mspm0g351x_ticlang.o</name>
      </input_file>
      <input_file id="fl-4">
         <path>/home/elysia/Software/ti/MSPM0_Project/my_uart/Debug/./usercode/</path>
         <kind>object</kind>
         <file>delay.o</file>
         <name>delay.o</name>
      </input_file>
      <input_file id="fl-5">
         <path>/home/elysia/Software/ti/MSPM0_Project/my_uart/Debug/./usercode/</path>
         <kind>object</kind>
         <file>tjc_usart_hmi.o</file>
         <name>tjc_usart_hmi.o</name>
      </input_file>
      <input_file id="fl-12">
         <path>/home/elysia/Software/ti/MSPM0_Project/my_uart/Debug/</path>
         <kind>object</kind>
         <file>&lt;internal&gt;</file>
         <name>&lt;internal&gt;</name>
      </input_file>
      <input_file id="fl-13">
         <path>/home/elysia/Software/ti/SDK/mspm0_sdk_2_10_00_04/source/ti/driverlib/lib/ticlang/m0p/mspm0gx51x/</path>
         <kind>archive</kind>
         <file>driverlib.a</file>
         <name>dl_common.o</name>
      </input_file>
      <input_file id="fl-14">
         <path>/home/elysia/Software/ti/SDK/mspm0_sdk_2_10_00_04/source/ti/driverlib/lib/ticlang/m0p/mspm0gx51x/</path>
         <kind>archive</kind>
         <file>driverlib.a</file>
         <name>dl_dma.o</name>
      </input_file>
      <input_file id="fl-15">
         <path>/home/elysia/Software/ti/SDK/mspm0_sdk_2_10_00_04/source/ti/driverlib/lib/ticlang/m0p/mspm0gx51x/</path>
         <kind>archive</kind>
         <file>driverlib.a</file>
         <name>dl_uart.o</name>
      </input_file>
      <input_file id="fl-16">
         <path>/home/elysia/Software/ti/SDK/mspm0_sdk_2_10_00_04/source/ti/driverlib/lib/ticlang/m0p/mspm0gx51x/</path>
         <kind>archive</kind>
         <file>driverlib.a</file>
         <name>dl_sysctl_mspm0gx51x.o</name>
      </input_file>
      <input_file id="fl-17">
         <path>/home/elysia/Software/ti/SDK/mspm0_sdk_2_10_00_04/source/ti/driverlib/lib/ticlang/m0p/mspm0gx51x/</path>
         <kind>archive</kind>
         <file>driverlib.a</file>
         <name>dl_factoryregion.o</name>
      </input_file>
      <input_file id="fl-2e">
         <path>/home/elysia/Software/ti/CCS2050/ccs/tools/compiler/ti-cgt-armllvm_4.0.4.LTS/lib/armv6m-ti-none-eabi/c/</path>
         <kind>archive</kind>
         <file>libc.a</file>
         <name>vsnprintf.c.obj</name>
      </input_file>
      <input_file id="fl-2f">
         <path>/home/elysia/Software/ti/CCS2050/ccs/tools/compiler/ti-cgt-armllvm_4.0.4.LTS/lib/armv6m-ti-none-eabi/c/</path>
         <kind>archive</kind>
         <file>libc.a</file>
         <name>atof.c.obj</name>
      </input_file>
      <input_file id="fl-30">
         <path>/home/elysia/Software/ti/CCS2050/ccs/tools/compiler/ti-cgt-armllvm_4.0.4.LTS/lib/armv6m-ti-none-eabi/c/</path>
         <kind>archive</kind>
         <file>libc.a</file>
         <name>strchr.c.obj</name>
      </input_file>
      <input_file id="fl-31">
         <path>/home/elysia/Software/ti/CCS2050/ccs/tools/compiler/ti-cgt-armllvm_4.0.4.LTS/lib/armv6m-ti-none-eabi/c/</path>
         <kind>archive</kind>
         <file>libc.a</file>
         <name>strtod.c.obj</name>
      </input_file>
      <input_file id="fl-32">
         <path>/home/elysia/Software/ti/CCS2050/ccs/tools/compiler/ti-cgt-armllvm_4.0.4.LTS/lib/armv6m-ti-none-eabi/c/</path>
         <kind>archive</kind>
         <file>libc.a</file>
         <name>copy_zero_init.c.obj</name>
      </input_file>
      <input_file id="fl-33">
         <path>/home/elysia/Software/ti/CCS2050/ccs/tools/compiler/ti-cgt-armllvm_4.0.4.LTS/lib/armv6m-ti-none-eabi/c/</path>
         <kind>archive</kind>
         <file>libc.a</file>
         <name>copy_decompress_none.c.obj</name>
      </input_file>
      <input_file id="fl-34">
         <path>/home/elysia/Software/ti/CCS2050/ccs/tools/compiler/ti-cgt-armllvm_4.0.4.LTS/lib/armv6m-ti-none-eabi/c/</path>
         <kind>archive</kind>
         <file>libc.a</file>
         <name>copy_decompress_lzss.c.obj</name>
      </input_file>
      <input_file id="fl-35">
         <path>/home/elysia/Software/ti/CCS2050/ccs/tools/compiler/ti-cgt-armllvm_4.0.4.LTS/lib/armv6m-ti-none-eabi/c/</path>
         <kind>archive</kind>
         <file>libc.a</file>
         <name>boot_cortex_m.c.obj</name>
      </input_file>
      <input_file id="fl-36">
         <path>/home/elysia/Software/ti/CCS2050/ccs/tools/compiler/ti-cgt-armllvm_4.0.4.LTS/lib/armv6m-ti-none-eabi/c/</path>
         <kind>archive</kind>
         <file>libc.a</file>
         <name>mathacl_init.c.obj</name>
      </input_file>
      <input_file id="fl-37">
         <path>/home/elysia/Software/ti/CCS2050/ccs/tools/compiler/ti-cgt-armllvm_4.0.4.LTS/lib/armv6m-ti-none-eabi/c/</path>
         <kind>archive</kind>
         <file>libc.a</file>
         <name>_printfi.c.obj</name>
      </input_file>
      <input_file id="fl-38">
         <path>/home/elysia/Software/ti/CCS2050/ccs/tools/compiler/ti-cgt-armllvm_4.0.4.LTS/lib/armv6m-ti-none-eabi/c/</path>
         <kind>archive</kind>
         <file>libc.a</file>
         <name>s_frexp.c.obj</name>
      </input_file>
      <input_file id="fl-39">
         <path>/home/elysia/Software/ti/CCS2050/ccs/tools/compiler/ti-cgt-armllvm_4.0.4.LTS/lib/armv6m-ti-none-eabi/c/</path>
         <kind>archive</kind>
         <file>libc.a</file>
         <name>s_scalbn.c.obj</name>
      </input_file>
      <input_file id="fl-3a">
         <path>/home/elysia/Software/ti/CCS2050/ccs/tools/compiler/ti-cgt-armllvm_4.0.4.LTS/lib/armv6m-ti-none-eabi/c/</path>
         <kind>archive</kind>
         <file>libc.a</file>
         <name>wcslen.c.obj</name>
      </input_file>
      <input_file id="fl-3b">
         <path>/home/elysia/Software/ti/CCS2050/ccs/tools/compiler/ti-cgt-armllvm_4.0.4.LTS/lib/armv6m-ti-none-eabi/c/</path>
         <kind>archive</kind>
         <file>libc.a</file>
         <name>aeabi_ctype.S.obj</name>
      </input_file>
      <input_file id="fl-3c">
         <path>/home/elysia/Software/ti/CCS2050/ccs/tools/compiler/ti-cgt-armllvm_4.0.4.LTS/lib/armv6m-ti-none-eabi/c/</path>
         <kind>archive</kind>
         <file>libc.a</file>
         <name>aeabi_portable.c.obj</name>
      </input_file>
      <input_file id="fl-3d">
         <path>/home/elysia/Software/ti/CCS2050/ccs/tools/compiler/ti-cgt-armllvm_4.0.4.LTS/lib/armv6m-ti-none-eabi/c/</path>
         <kind>archive</kind>
         <file>libc.a</file>
         <name>exit.c.obj</name>
      </input_file>
      <input_file id="fl-3e">
         <path>/home/elysia/Software/ti/CCS2050/ccs/tools/compiler/ti-cgt-armllvm_4.0.4.LTS/lib/armv6m-ti-none-eabi/c/</path>
         <kind>archive</kind>
         <file>libc.a</file>
         <name>_lock.c.obj</name>
      </input_file>
      <input_file id="fl-3f">
         <path>/home/elysia/Software/ti/CCS2050/ccs/tools/compiler/ti-cgt-armllvm_4.0.4.LTS/lib/armv6m-ti-none-eabi/c/</path>
         <kind>archive</kind>
         <file>libc.a</file>
         <name>_ltoa.c.obj</name>
      </input_file>
      <input_file id="fl-40">
         <path>/home/elysia/Software/ti/CCS2050/ccs/tools/compiler/ti-cgt-armllvm_4.0.4.LTS/lib/armv6m-ti-none-eabi/c/</path>
         <kind>archive</kind>
         <file>libc.a</file>
         <name>args_main.c.obj</name>
      </input_file>
      <input_file id="fl-41">
         <path>/home/elysia/Software/ti/CCS2050/ccs/tools/compiler/ti-cgt-armllvm_4.0.4.LTS/lib/armv6m-ti-none-eabi/c/</path>
         <kind>archive</kind>
         <file>libc.a</file>
         <name>assert.c.obj</name>
      </input_file>
      <input_file id="fl-42">
         <path>/home/elysia/Software/ti/CCS2050/ccs/tools/compiler/ti-cgt-armllvm_4.0.4.LTS/lib/armv6m-ti-none-eabi/c/</path>
         <kind>archive</kind>
         <file>libc.a</file>
         <name>atoi.c.obj</name>
      </input_file>
      <input_file id="fl-43">
         <path>/home/elysia/Software/ti/CCS2050/ccs/tools/compiler/ti-cgt-armllvm_4.0.4.LTS/lib/armv6m-ti-none-eabi/c/</path>
         <kind>archive</kind>
         <file>libc.a</file>
         <name>defs.c.obj</name>
      </input_file>
      <input_file id="fl-44">
         <path>/home/elysia/Software/ti/CCS2050/ccs/tools/compiler/ti-cgt-armllvm_4.0.4.LTS/lib/armv6m-ti-none-eabi/c/</path>
         <kind>archive</kind>
         <file>libc.a</file>
         <name>memccpy.c.obj</name>
      </input_file>
      <input_file id="fl-45">
         <path>/home/elysia/Software/ti/CCS2050/ccs/tools/compiler/ti-cgt-armllvm_4.0.4.LTS/lib/armv6m-ti-none-eabi/c/</path>
         <kind>archive</kind>
         <file>libc.a</file>
         <name>memory.c.obj</name>
      </input_file>
      <input_file id="fl-46">
         <path>/home/elysia/Software/ti/CCS2050/ccs/tools/compiler/ti-cgt-armllvm_4.0.4.LTS/lib/armv6m-ti-none-eabi/c/</path>
         <kind>archive</kind>
         <file>libc.a</file>
         <name>autoinit.c.obj</name>
      </input_file>
      <input_file id="fl-47">
         <path>/home/elysia/Software/ti/CCS2050/ccs/tools/compiler/ti-cgt-armllvm_4.0.4.LTS/lib/armv6m-ti-none-eabi/c/</path>
         <kind>archive</kind>
         <file>libc.a</file>
         <name>pre_init.c.obj</name>
      </input_file>
      <input_file id="fl-48">
         <path>/home/elysia/Software/ti/CCS2050/ccs/tools/compiler/ti-cgt-armllvm_4.0.4.LTS/lib/armv6m-ti-none-eabi/c/</path>
         <kind>archive</kind>
         <file>libc.a</file>
         <name>cpy_tbl.c.obj</name>
      </input_file>
      <input_file id="fl-49">
         <path>/home/elysia/Software/ti/CCS2050/ccs/tools/compiler/ti-cgt-armllvm_4.0.4.LTS/lib/armv6m-ti-none-eabi/c/</path>
         <kind>archive</kind>
         <file>libc.a</file>
         <name>sprintf.c.obj</name>
      </input_file>
      <input_file id="fl-4a">
         <path>/home/elysia/Software/ti/CCS2050/ccs/tools/compiler/ti-cgt-armllvm_4.0.4.LTS/lib/armv6m-ti-none-eabi/c/</path>
         <kind>archive</kind>
         <file>libc.a</file>
         <name>fflush.c.obj</name>
      </input_file>
      <input_file id="fl-4b">
         <path>/home/elysia/Software/ti/CCS2050/ccs/tools/compiler/ti-cgt-armllvm_4.0.4.LTS/lib/armv6m-ti-none-eabi/c/</path>
         <kind>archive</kind>
         <file>libc.a</file>
         <name>fputs.c.obj</name>
      </input_file>
      <input_file id="fl-4c">
         <path>/home/elysia/Software/ti/CCS2050/ccs/tools/compiler/ti-cgt-armllvm_4.0.4.LTS/lib/armv6m-ti-none-eabi/c/</path>
         <kind>archive</kind>
         <file>libc.a</file>
         <name>_io_perm.c.obj</name>
      </input_file>
      <input_file id="fl-4d">
         <path>/home/elysia/Software/ti/CCS2050/ccs/tools/compiler/ti-cgt-armllvm_4.0.4.LTS/lib/armv6m-ti-none-eabi/c/</path>
         <kind>archive</kind>
         <file>libc.a</file>
         <name>setvbuf.c.obj</name>
      </input_file>
      <input_file id="fl-4e">
         <path>/home/elysia/Software/ti/CCS2050/ccs/tools/compiler/ti-cgt-armllvm_4.0.4.LTS/lib/armv6m-ti-none-eabi/c/</path>
         <kind>archive</kind>
         <file>libc.a</file>
         <name>fopen.c.obj</name>
      </input_file>
      <input_file id="fl-4f">
         <path>/home/elysia/Software/ti/CCS2050/ccs/tools/compiler/ti-cgt-armllvm_4.0.4.LTS/lib/armv6m-ti-none-eabi/c/</path>
         <kind>archive</kind>
         <file>libc.a</file>
         <name>fseek.c.obj</name>
      </input_file>
      <input_file id="fl-50">
         <path>/home/elysia/Software/ti/CCS2050/ccs/tools/compiler/ti-cgt-armllvm_4.0.4.LTS/lib/armv6m-ti-none-eabi/c/</path>
         <kind>archive</kind>
         <file>libc.a</file>
         <name>fclose.c.obj</name>
      </input_file>
      <input_file id="fl-f0">
         <path>/home/elysia/Software/ti/CCS2050/ccs/tools/compiler/ti-cgt-armllvm_4.0.4.LTS/lib/armv6m-ti-none-eabi/c/</path>
         <kind>archive</kind>
         <file>libsysbm.a</file>
         <name>hostexit.c.obj</name>
      </input_file>
      <input_file id="fl-f1">
         <path>/home/elysia/Software/ti/CCS2050/ccs/tools/compiler/ti-cgt-armllvm_4.0.4.LTS/lib/armv6m-ti-none-eabi/c/</path>
         <kind>archive</kind>
         <file>libsysbm.a</file>
         <name>write.c.obj</name>
      </input_file>
      <input_file id="fl-f2">
         <path>/home/elysia/Software/ti/CCS2050/ccs/tools/compiler/ti-cgt-armllvm_4.0.4.LTS/lib/armv6m-ti-none-eabi/c/</path>
         <kind>archive</kind>
         <file>libsysbm.a</file>
         <name>host_device.c.obj</name>
      </input_file>
      <input_file id="fl-f3">
         <path>/home/elysia/Software/ti/CCS2050/ccs/tools/compiler/ti-cgt-armllvm_4.0.4.LTS/lib/armv6m-ti-none-eabi/c/</path>
         <kind>archive</kind>
         <file>libsysbm.a</file>
         <name>remove.c.obj</name>
      </input_file>
      <input_file id="fl-f4">
         <path>/home/elysia/Software/ti/CCS2050/ccs/tools/compiler/ti-cgt-armllvm_4.0.4.LTS/lib/armv6m-ti-none-eabi/c/</path>
         <kind>archive</kind>
         <file>libsysbm.a</file>
         <name>open.c.obj</name>
      </input_file>
      <input_file id="fl-f5">
         <path>/home/elysia/Software/ti/CCS2050/ccs/tools/compiler/ti-cgt-armllvm_4.0.4.LTS/lib/armv6m-ti-none-eabi/c/</path>
         <kind>archive</kind>
         <file>libsysbm.a</file>
         <name>lseek.c.obj</name>
      </input_file>
      <input_file id="fl-f6">
         <path>/home/elysia/Software/ti/CCS2050/ccs/tools/compiler/ti-cgt-armllvm_4.0.4.LTS/lib/armv6m-ti-none-eabi/c/</path>
         <kind>archive</kind>
         <file>libsysbm.a</file>
         <name>close.c.obj</name>
      </input_file>
      <input_file id="fl-f7">
         <path>/home/elysia/Software/ti/CCS2050/ccs/tools/compiler/ti-cgt-armllvm_4.0.4.LTS/lib/armv6m-ti-none-eabi/c/</path>
         <kind>archive</kind>
         <file>libsysbm.a</file>
         <name>unlink.c.obj</name>
      </input_file>
      <input_file id="fl-f8">
         <path>/home/elysia/Software/ti/CCS2050/ccs/tools/compiler/ti-cgt-armllvm_4.0.4.LTS/lib/armv6m-ti-none-eabi/c/</path>
         <kind>archive</kind>
         <file>libsysbm.a</file>
         <name>hostclose.c.obj</name>
      </input_file>
      <input_file id="fl-f9">
         <path>/home/elysia/Software/ti/CCS2050/ccs/tools/compiler/ti-cgt-armllvm_4.0.4.LTS/lib/armv6m-ti-none-eabi/c/</path>
         <kind>archive</kind>
         <file>libsysbm.a</file>
         <name>hostlseek.c.obj</name>
      </input_file>
      <input_file id="fl-fa">
         <path>/home/elysia/Software/ti/CCS2050/ccs/tools/compiler/ti-cgt-armllvm_4.0.4.LTS/lib/armv6m-ti-none-eabi/c/</path>
         <kind>archive</kind>
         <file>libsysbm.a</file>
         <name>hostopen.c.obj</name>
      </input_file>
      <input_file id="fl-fb">
         <path>/home/elysia/Software/ti/CCS2050/ccs/tools/compiler/ti-cgt-armllvm_4.0.4.LTS/lib/armv6m-ti-none-eabi/c/</path>
         <kind>archive</kind>
         <file>libsysbm.a</file>
         <name>hostread.c.obj</name>
      </input_file>
      <input_file id="fl-fc">
         <path>/home/elysia/Software/ti/CCS2050/ccs/tools/compiler/ti-cgt-armllvm_4.0.4.LTS/lib/armv6m-ti-none-eabi/c/</path>
         <kind>archive</kind>
         <file>libsysbm.a</file>
         <name>hostrename.c.obj</name>
      </input_file>
      <input_file id="fl-fd">
         <path>/home/elysia/Software/ti/CCS2050/ccs/tools/compiler/ti-cgt-armllvm_4.0.4.LTS/lib/armv6m-ti-none-eabi/c/</path>
         <kind>archive</kind>
         <file>libsysbm.a</file>
         <name>hostunlink.c.obj</name>
      </input_file>
      <input_file id="fl-fe">
         <path>/home/elysia/Software/ti/CCS2050/ccs/tools/compiler/ti-cgt-armllvm_4.0.4.LTS/lib/armv6m-ti-none-eabi/c/</path>
         <kind>archive</kind>
         <file>libsysbm.a</file>
         <name>hostwrite.c.obj</name>
      </input_file>
      <input_file id="fl-ff">
         <path>/home/elysia/Software/ti/CCS2050/ccs/tools/compiler/ti-cgt-armllvm_4.0.4.LTS/lib/armv6m-ti-none-eabi/c/</path>
         <kind>archive</kind>
         <file>libsysbm.a</file>
         <name>trgmsg.c.obj</name>
      </input_file>
      <input_file id="fl-100">
         <path>/home/elysia/Software/ti/CCS2050/ccs/tools/compiler/ti-cgt-armllvm_4.0.4.LTS/lib/armv6m-ti-none-eabi/</path>
         <kind>archive</kind>
         <file>libclang_rt.builtins.a</file>
         <name>addsf3.S.obj</name>
      </input_file>
      <input_file id="fl-101">
         <path>/home/elysia/Software/ti/CCS2050/ccs/tools/compiler/ti-cgt-armllvm_4.0.4.LTS/lib/armv6m-ti-none-eabi/</path>
         <kind>archive</kind>
         <file>libclang_rt.builtins.a</file>
         <name>adddf3.S.obj</name>
      </input_file>
      <input_file id="fl-102">
         <path>/home/elysia/Software/ti/CCS2050/ccs/tools/compiler/ti-cgt-armllvm_4.0.4.LTS/lib/armv6m-ti-none-eabi/</path>
         <kind>archive</kind>
         <file>libclang_rt.builtins.a</file>
         <name>muldf3.S.obj</name>
      </input_file>
      <input_file id="fl-103">
         <path>/home/elysia/Software/ti/CCS2050/ccs/tools/compiler/ti-cgt-armllvm_4.0.4.LTS/lib/armv6m-ti-none-eabi/</path>
         <kind>archive</kind>
         <file>libclang_rt.builtins.a</file>
         <name>muldsi3.S.obj</name>
      </input_file>
      <input_file id="fl-104">
         <path>/home/elysia/Software/ti/CCS2050/ccs/tools/compiler/ti-cgt-armllvm_4.0.4.LTS/lib/armv6m-ti-none-eabi/</path>
         <kind>archive</kind>
         <file>libclang_rt.builtins.a</file>
         <name>divdf3.S.obj</name>
      </input_file>
      <input_file id="fl-105">
         <path>/home/elysia/Software/ti/CCS2050/ccs/tools/compiler/ti-cgt-armllvm_4.0.4.LTS/lib/armv6m-ti-none-eabi/</path>
         <kind>archive</kind>
         <file>libclang_rt.builtins.a</file>
         <name>extendsfdf2.S.obj</name>
      </input_file>
      <input_file id="fl-106">
         <path>/home/elysia/Software/ti/CCS2050/ccs/tools/compiler/ti-cgt-armllvm_4.0.4.LTS/lib/armv6m-ti-none-eabi/</path>
         <kind>archive</kind>
         <file>libclang_rt.builtins.a</file>
         <name>fixdfsi.S.obj</name>
      </input_file>
      <input_file id="fl-107">
         <path>/home/elysia/Software/ti/CCS2050/ccs/tools/compiler/ti-cgt-armllvm_4.0.4.LTS/lib/armv6m-ti-none-eabi/</path>
         <kind>archive</kind>
         <file>libclang_rt.builtins.a</file>
         <name>floatsidf.S.obj</name>
      </input_file>
      <input_file id="fl-108">
         <path>/home/elysia/Software/ti/CCS2050/ccs/tools/compiler/ti-cgt-armllvm_4.0.4.LTS/lib/armv6m-ti-none-eabi/</path>
         <kind>archive</kind>
         <file>libclang_rt.builtins.a</file>
         <name>floatunsidf.S.obj</name>
      </input_file>
      <input_file id="fl-109">
         <path>/home/elysia/Software/ti/CCS2050/ccs/tools/compiler/ti-cgt-armllvm_4.0.4.LTS/lib/armv6m-ti-none-eabi/</path>
         <kind>archive</kind>
         <file>libclang_rt.builtins.a</file>
         <name>muldi3.S.obj</name>
      </input_file>
      <input_file id="fl-10a">
         <path>/home/elysia/Software/ti/CCS2050/ccs/tools/compiler/ti-cgt-armllvm_4.0.4.LTS/lib/armv6m-ti-none-eabi/</path>
         <kind>archive</kind>
         <file>libclang_rt.builtins.a</file>
         <name>truncdfsf2.S.obj</name>
      </input_file>
      <input_file id="fl-10b">
         <path>/home/elysia/Software/ti/CCS2050/ccs/tools/compiler/ti-cgt-armllvm_4.0.4.LTS/lib/armv6m-ti-none-eabi/</path>
         <kind>archive</kind>
         <file>libclang_rt.builtins.a</file>
         <name>aeabi_dcmp.S.obj</name>
      </input_file>
      <input_file id="fl-10c">
         <path>/home/elysia/Software/ti/CCS2050/ccs/tools/compiler/ti-cgt-armllvm_4.0.4.LTS/lib/armv6m-ti-none-eabi/</path>
         <kind>archive</kind>
         <file>libclang_rt.builtins.a</file>
         <name>aeabi_fcmp.S.obj</name>
      </input_file>
      <input_file id="fl-10d">
         <path>/home/elysia/Software/ti/CCS2050/ccs/tools/compiler/ti-cgt-armllvm_4.0.4.LTS/lib/armv6m-ti-none-eabi/</path>
         <kind>archive</kind>
         <file>libclang_rt.builtins.a</file>
         <name>aeabi_idivmod.S.obj</name>
      </input_file>
      <input_file id="fl-10e">
         <path>/home/elysia/Software/ti/CCS2050/ccs/tools/compiler/ti-cgt-armllvm_4.0.4.LTS/lib/armv6m-ti-none-eabi/</path>
         <kind>archive</kind>
         <file>libclang_rt.builtins.a</file>
         <name>aeabi_memcpy.S.obj</name>
      </input_file>
      <input_file id="fl-10f">
         <path>/home/elysia/Software/ti/CCS2050/ccs/tools/compiler/ti-cgt-armllvm_4.0.4.LTS/lib/armv6m-ti-none-eabi/</path>
         <kind>archive</kind>
         <file>libclang_rt.builtins.a</file>
         <name>aeabi_memset.S.obj</name>
      </input_file>
      <input_file id="fl-110">
         <path>/home/elysia/Software/ti/CCS2050/ccs/tools/compiler/ti-cgt-armllvm_4.0.4.LTS/lib/armv6m-ti-none-eabi/</path>
         <kind>archive</kind>
         <file>libclang_rt.builtins.a</file>
         <name>aeabi_uidivmod.S.obj</name>
      </input_file>
      <input_file id="fl-111">
         <path>/home/elysia/Software/ti/CCS2050/ccs/tools/compiler/ti-cgt-armllvm_4.0.4.LTS/lib/armv6m-ti-none-eabi/</path>
         <kind>archive</kind>
         <file>libclang_rt.builtins.a</file>
         <name>aeabi_uldivmod.S.obj</name>
      </input_file>
      <input_file id="fl-112">
         <path>/home/elysia/Software/ti/CCS2050/ccs/tools/compiler/ti-cgt-armllvm_4.0.4.LTS/lib/armv6m-ti-none-eabi/</path>
         <kind>archive</kind>
         <file>libclang_rt.builtins.a</file>
         <name>comparesf2.S.obj</name>
      </input_file>
      <input_file id="fl-113">
         <path>/home/elysia/Software/ti/CCS2050/ccs/tools/compiler/ti-cgt-armllvm_4.0.4.LTS/lib/armv6m-ti-none-eabi/</path>
         <kind>archive</kind>
         <file>libclang_rt.builtins.a</file>
         <name>udivmoddi4.S.obj</name>
      </input_file>
      <input_file id="fl-114">
         <path>/home/elysia/Software/ti/CCS2050/ccs/tools/compiler/ti-cgt-armllvm_4.0.4.LTS/lib/armv6m-ti-none-eabi/</path>
         <kind>archive</kind>
         <file>libclang_rt.builtins.a</file>
         <name>ashldi3.S.obj</name>
      </input_file>
      <input_file id="fl-115">
         <path>/home/elysia/Software/ti/CCS2050/ccs/tools/compiler/ti-cgt-armllvm_4.0.4.LTS/lib/armv6m-ti-none-eabi/</path>
         <kind>archive</kind>
         <file>libclang_rt.builtins.a</file>
         <name>comparedf2.c.obj</name>
      </input_file>
      <input_file id="fl-116">
         <path>/home/elysia/Software/ti/CCS2050/ccs/tools/compiler/ti-cgt-armllvm_4.0.4.LTS/lib/armv6m-ti-none-eabi/</path>
         <kind>archive</kind>
         <file>libclang_rt.builtins.a</file>
         <name>aeabi_div0.c.obj</name>
      </input_file>
      <input_file id="fl-117">
         <path>/home/elysia/Software/ti/CCS2050/ccs/tools/compiler/ti-cgt-armllvm_4.0.4.LTS/lib/armv6m-ti-none-eabi/c/</path>
         <kind>archive</kind>
         <file>libc.a</file>
         <name>getdevice.c.obj</name>
      </input_file>
      <input_file id="fl-118">
         <path>/home/elysia/Software/ti/CCS2050/ccs/tools/compiler/ti-cgt-armllvm_4.0.4.LTS/lib/armv6m-ti-none-eabi/c/</path>
         <kind>archive</kind>
         <file>libc.a</file>
         <name>memcpy16.S.obj</name>
      </input_file>
      <input_file id="fl-119">
         <path>/home/elysia/Software/ti/CCS2050/ccs/tools/compiler/ti-cgt-armllvm_4.0.4.LTS/lib/armv6m-ti-none-eabi/c/</path>
         <kind>archive</kind>
         <file>libc.a</file>
         <name>memset16.S.obj</name>
      </input_file>
      <input_file id="fl-11a">
         <path>/home/elysia/Software/ti/CCS2050/ccs/tools/compiler/ti-cgt-armllvm_4.0.4.LTS/lib/armv6m-ti-none-eabi/c/</path>
         <kind>archive</kind>
         <file>libc.a</file>
         <name>strcmp-armv6m.S.obj</name>
      </input_file>
   </input_file_list>
   <object_component_list>
      <object_component id="oc-1a">
         <name>.intvecs</name>
         <load_address>0x0</load_address>
         <readonly>true</readonly>
         <run_address>0x0</run_address>
         <size>0xc0</size>
         <alignment>0x4</alignment>
         <input_file_ref idref="fl-3"/>
      </object_component>
      <object_component id="oc-19e">
         <name>.text:__TI_printfi</name>
         <load_address>0xc0</load_address>
         <readonly>true</readonly>
         <executable>true</executable>
         <run_address>0xc0</run_address>
         <size>0x9d0</size>
         <alignment>0x4</alignment>
         <input_file_ref idref="fl-37"/>
      </object_component>
      <object_component id="oc-109">
         <name>.text.strtod</name>
         <load_address>0xa90</load_address>
         <readonly>true</readonly>
         <executable>true</executable>
         <run_address>0xa90</run_address>
         <size>0x3b8</size>
         <alignment>0x4</alignment>
         <input_file_ref idref="fl-31"/>
      </object_component>
      <object_component id="oc-1dc">
         <name>.text._pconv_a</name>
         <load_address>0xe48</load_address>
         <readonly>true</readonly>
         <executable>true</executable>
         <run_address>0xe48</run_address>
         <size>0x220</size>
         <alignment>0x4</alignment>
         <input_file_ref idref="fl-37"/>
      </object_component>
      <object_component id="oc-7f">
         <name>.text.TJC_Page1_Handler</name>
         <load_address>0x1068</load_address>
         <readonly>true</readonly>
         <executable>true</executable>
         <run_address>0x1068</run_address>
         <size>0x214</size>
         <alignment>0x4</alignment>
         <input_file_ref idref="fl-1"/>
      </object_component>
      <object_component id="oc-1dd">
         <name>.text._pconv_g</name>
         <load_address>0x127c</load_address>
         <readonly>true</readonly>
         <executable>true</executable>
         <run_address>0x127c</run_address>
         <size>0x1dc</size>
         <alignment>0x4</alignment>
         <input_file_ref idref="fl-37"/>
      </object_component>
      <object_component id="oc-5d">
         <name>.text.TJC_Receive_Process</name>
         <load_address>0x1458</load_address>
         <readonly>true</readonly>
         <executable>true</executable>
         <run_address>0x1458</run_address>
         <size>0x1a0</size>
         <alignment>0x4</alignment>
         <input_file_ref idref="fl-1"/>
      </object_component>
      <object_component id="oc-15e">
         <name>.text.adddf3_subdf3</name>
         <load_address>0x15f8</load_address>
         <readonly>true</readonly>
         <executable>true</executable>
         <run_address>0x15f8</run_address>
         <size>0x192</size>
         <alignment>0x4</alignment>
         <input_file_ref idref="fl-101"/>
      </object_component>
      <object_component id="oc-1b8">
         <name>.text.__aeabi_idiv0</name>
         <load_address>0x178a</load_address>
         <readonly>true</readonly>
         <executable>true</executable>
         <run_address>0x178a</run_address>
         <size>0x2</size>
         <alignment>0x2</alignment>
         <input_file_ref idref="fl-116"/>
      </object_component>
      <object_component id="oc-20a">
         <name>.text.fcvt</name>
         <load_address>0x178c</load_address>
         <readonly>true</readonly>
         <executable>true</executable>
         <run_address>0x178c</run_address>
         <size>0x13c</size>
         <alignment>0x4</alignment>
         <input_file_ref idref="fl-37"/>
      </object_component>
      <object_component id="oc-1df">
         <name>.text._pconv_e</name>
         <load_address>0x18c8</load_address>
         <readonly>true</readonly>
         <executable>true</executable>
         <run_address>0x18c8</run_address>
         <size>0x120</size>
         <alignment>0x4</alignment>
         <input_file_ref idref="fl-37"/>
      </object_component>
      <object_component id="oc-16f">
         <name>.text.__divdf3</name>
         <load_address>0x19e8</load_address>
         <readonly>true</readonly>
         <executable>true</executable>
         <run_address>0x19e8</run_address>
         <size>0x10c</size>
         <alignment>0x4</alignment>
         <input_file_ref idref="fl-104"/>
      </object_component>
      <object_component id="oc-130">
         <name>.text.DL_SYSCTL_configSYSPLL</name>
         <load_address>0x1af4</load_address>
         <readonly>true</readonly>
         <executable>true</executable>
         <run_address>0x1af4</run_address>
         <size>0xf8</size>
         <alignment>0x4</alignment>
         <input_file_ref idref="fl-16"/>
      </object_component>
      <object_component id="oc-131">
         <name>.text.SYSCFG_DL_SYSCTL_SYSPLL_init</name>
         <load_address>0x1bec</load_address>
         <readonly>true</readonly>
         <executable>true</executable>
         <run_address>0x1bec</run_address>
         <size>0xe8</size>
         <alignment>0x4</alignment>
         <input_file_ref idref="fl-2"/>
      </object_component>
      <object_component id="oc-15a">
         <name>.text.__muldf3</name>
         <load_address>0x1cd4</load_address>
         <readonly>true</readonly>
         <executable>true</executable>
         <run_address>0x1cd4</run_address>
         <size>0xe4</size>
         <alignment>0x4</alignment>
         <input_file_ref idref="fl-102"/>
      </object_component>
      <object_component id="oc-16b">
         <name>.text.scalbn</name>
         <load_address>0x1db8</load_address>
         <readonly>true</readonly>
         <executable>true</executable>
         <run_address>0x1db8</run_address>
         <size>0xd8</size>
         <alignment>0x4</alignment>
         <input_file_ref idref="fl-39"/>
      </object_component>
      <object_component id="oc-b1">
         <name>.text</name>
         <load_address>0x1e90</load_address>
         <readonly>true</readonly>
         <executable>true</executable>
         <run_address>0x1e90</run_address>
         <size>0xd8</size>
         <alignment>0x4</alignment>
         <input_file_ref idref="fl-100"/>
      </object_component>
      <object_component id="oc-1f0">
         <name>.text</name>
         <load_address>0x1f68</load_address>
         <readonly>true</readonly>
         <executable>true</executable>
         <run_address>0x1f68</run_address>
         <size>0xa2</size>
         <alignment>0x4</alignment>
         <input_file_ref idref="fl-113"/>
      </object_component>
      <object_component id="oc-20c">
         <name>.text.__aeabi_ldiv0</name>
         <load_address>0x200a</load_address>
         <readonly>true</readonly>
         <executable>true</executable>
         <run_address>0x200a</run_address>
         <size>0x2</size>
         <alignment>0x2</alignment>
         <input_file_ref idref="fl-116"/>
      </object_component>
      <object_component id="oc-12a">
         <name>.text.DL_SYSCTL_setHFCLKSourceHFXTParams</name>
         <load_address>0x200c</load_address>
         <readonly>true</readonly>
         <executable>true</executable>
         <run_address>0x200c</run_address>
         <size>0x88</size>
         <alignment>0x4</alignment>
         <input_file_ref idref="fl-16"/>
      </object_component>
      <object_component id="oc-196">
         <name>.text.__NVIC_SetPriority</name>
         <load_address>0x2094</load_address>
         <readonly>true</readonly>
         <executable>true</executable>
         <run_address>0x2094</run_address>
         <size>0x84</size>
         <alignment>0x4</alignment>
         <input_file_ref idref="fl-2"/>
      </object_component>
      <object_component id="oc-b9">
         <name>.text.HMI_Printf</name>
         <load_address>0x2118</load_address>
         <readonly>true</readonly>
         <executable>true</executable>
         <run_address>0x2118</run_address>
         <size>0x7c</size>
         <alignment>0x4</alignment>
         <input_file_ref idref="fl-5"/>
      </object_component>
      <object_component id="oc-1e">
         <name>.text:decompress:lzss</name>
         <load_address>0x2194</load_address>
         <readonly>true</readonly>
         <executable>true</executable>
         <run_address>0x2194</run_address>
         <size>0x7c</size>
         <alignment>0x4</alignment>
         <input_file_ref idref="fl-34"/>
      </object_component>
      <object_component id="oc-d7">
         <name>.text.SYSCFG_DL_SYSCTL_init</name>
         <load_address>0x2210</load_address>
         <readonly>true</readonly>
         <executable>true</executable>
         <run_address>0x2210</run_address>
         <size>0x74</size>
         <alignment>0x4</alignment>
         <input_file_ref idref="fl-2"/>
      </object_component>
      <object_component id="oc-1ab">
         <name>.text.__gedf2</name>
         <load_address>0x2284</load_address>
         <readonly>true</readonly>
         <executable>true</executable>
         <run_address>0x2284</run_address>
         <size>0x74</size>
         <alignment>0x4</alignment>
         <input_file_ref idref="fl-115"/>
      </object_component>
      <object_component id="oc-158">
         <name>.text.OUTLINED_FUNCTION_0</name>
         <load_address>0x22f8</load_address>
         <readonly>true</readonly>
         <executable>true</executable>
         <run_address>0x22f8</run_address>
         <size>0x8</size>
         <alignment>0x2</alignment>
         <input_file_ref idref="fl-31"/>
      </object_component>
      <object_component id="oc-c2">
         <name>.text.__truncdfsf2</name>
         <load_address>0x2300</load_address>
         <readonly>true</readonly>
         <executable>true</executable>
         <run_address>0x2300</run_address>
         <size>0x74</size>
         <alignment>0x10</alignment>
         <input_file_ref idref="fl-10a"/>
      </object_component>
      <object_component id="oc-1a5">
         <name>.text.__ledf2</name>
         <load_address>0x2374</load_address>
         <readonly>true</readonly>
         <executable>true</executable>
         <run_address>0x2374</run_address>
         <size>0x68</size>
         <alignment>0x4</alignment>
         <input_file_ref idref="fl-115"/>
      </object_component>
      <object_component id="oc-209">
         <name>.text._mcpy</name>
         <load_address>0x23dc</load_address>
         <readonly>true</readonly>
         <executable>true</executable>
         <run_address>0x23dc</run_address>
         <size>0x66</size>
         <alignment>0x2</alignment>
         <input_file_ref idref="fl-37"/>
      </object_component>
      <object_component id="oc-162">
         <name>.text.__aeabi_dcmp</name>
         <load_address>0x2444</load_address>
         <readonly>true</readonly>
         <executable>true</executable>
         <run_address>0x2444</run_address>
         <size>0x62</size>
         <alignment>0x4</alignment>
         <input_file_ref idref="fl-10b"/>
      </object_component>
      <object_component id="oc-ba">
         <name>.text.__aeabi_fcmp</name>
         <load_address>0x24a8</load_address>
         <readonly>true</readonly>
         <executable>true</executable>
         <run_address>0x24a8</run_address>
         <size>0x62</size>
         <alignment>0x4</alignment>
         <input_file_ref idref="fl-10c"/>
      </object_component>
      <object_component id="oc-94">
         <name>.text.HMI_Init</name>
         <load_address>0x250c</load_address>
         <readonly>true</readonly>
         <executable>true</executable>
         <run_address>0x250c</run_address>
         <size>0x60</size>
         <alignment>0x4</alignment>
         <input_file_ref idref="fl-5"/>
      </object_component>
      <object_component id="oc-d8">
         <name>.text.SYSCFG_DL_UART_0_init</name>
         <load_address>0x256c</load_address>
         <readonly>true</readonly>
         <executable>true</executable>
         <run_address>0x256c</run_address>
         <size>0x60</size>
         <alignment>0x4</alignment>
         <input_file_ref idref="fl-2"/>
      </object_component>
      <object_component id="oc-1f5">
         <name>.text.frexp</name>
         <load_address>0x25cc</load_address>
         <readonly>true</readonly>
         <executable>true</executable>
         <run_address>0x25cc</run_address>
         <size>0x5c</size>
         <alignment>0x4</alignment>
         <input_file_ref idref="fl-38"/>
      </object_component>
      <object_component id="oc-17c">
         <name>.text.DL_FactoryRegion_initTrimTable</name>
         <load_address>0x2628</load_address>
         <readonly>true</readonly>
         <executable>true</executable>
         <run_address>0x2628</run_address>
         <size>0x58</size>
         <alignment>0x4</alignment>
         <input_file_ref idref="fl-17"/>
      </object_component>
      <object_component id="oc-d5">
         <name>.text.SYSCFG_DL_initPower</name>
         <load_address>0x2680</load_address>
         <readonly>true</readonly>
         <executable>true</executable>
         <run_address>0x2680</run_address>
         <size>0x58</size>
         <alignment>0x4</alignment>
         <input_file_ref idref="fl-2"/>
      </object_component>
      <object_component id="oc-1fd">
         <name>.text.__TI_ltoa</name>
         <load_address>0x26d8</load_address>
         <readonly>true</readonly>
         <executable>true</executable>
         <run_address>0x26d8</run_address>
         <size>0x58</size>
         <alignment>0x2</alignment>
         <input_file_ref idref="fl-3f"/>
      </object_component>
      <object_component id="oc-1de">
         <name>.text._pconv_f</name>
         <load_address>0x2730</load_address>
         <readonly>true</readonly>
         <executable>true</executable>
         <run_address>0x2730</run_address>
         <size>0x58</size>
         <alignment>0x2</alignment>
         <input_file_ref idref="fl-37"/>
      </object_component>
      <object_component id="oc-216">
         <name>.text.__aeabi_idivmod</name>
         <load_address>0x2788</load_address>
         <readonly>true</readonly>
         <executable>true</executable>
         <run_address>0x2788</run_address>
         <size>0x56</size>
         <alignment>0x4</alignment>
         <input_file_ref idref="fl-10d"/>
      </object_component>
      <object_component id="oc-207">
         <name>.text._ecpy</name>
         <load_address>0x27de</load_address>
         <readonly>true</readonly>
         <executable>true</executable>
         <run_address>0x27de</run_address>
         <size>0x52</size>
         <alignment>0x2</alignment>
         <input_file_ref idref="fl-37"/>
      </object_component>
      <object_component id="oc-144">
         <name>.text.SysTick_Config</name>
         <load_address>0x2830</load_address>
         <readonly>true</readonly>
         <executable>true</executable>
         <run_address>0x2830</run_address>
         <size>0x50</size>
         <alignment>0x4</alignment>
         <input_file_ref idref="fl-2"/>
      </object_component>
      <object_component id="oc-190">
         <name>.text.DL_DMA_initChannel</name>
         <load_address>0x2880</load_address>
         <readonly>true</readonly>
         <executable>true</executable>
         <run_address>0x2880</run_address>
         <size>0x4c</size>
         <alignment>0x4</alignment>
         <input_file_ref idref="fl-14"/>
      </object_component>
      <object_component id="oc-13a">
         <name>.text.DL_UART_setBaudRateDivisor</name>
         <load_address>0x28cc</load_address>
         <readonly>true</readonly>
         <executable>true</executable>
         <run_address>0x28cc</run_address>
         <size>0x4c</size>
         <alignment>0x4</alignment>
         <input_file_ref idref="fl-2"/>
      </object_component>
      <object_component id="oc-d6">
         <name>.text.SYSCFG_DL_GPIO_init</name>
         <load_address>0x2918</load_address>
         <readonly>true</readonly>
         <executable>true</executable>
         <run_address>0x2918</run_address>
         <size>0x4c</size>
         <alignment>0x4</alignment>
         <input_file_ref idref="fl-2"/>
      </object_component>
      <object_component id="oc-1f9">
         <name>.text.__fixdfsi</name>
         <load_address>0x2964</load_address>
         <readonly>true</readonly>
         <executable>true</executable>
         <run_address>0x2964</run_address>
         <size>0x4a</size>
         <alignment>0x4</alignment>
         <input_file_ref idref="fl-106"/>
      </object_component>
      <object_component id="oc-138">
         <name>.text.DL_UART_init</name>
         <load_address>0x29b0</load_address>
         <readonly>true</readonly>
         <executable>true</executable>
         <run_address>0x29b0</run_address>
         <size>0x48</size>
         <alignment>0x4</alignment>
         <input_file_ref idref="fl-15"/>
      </object_component>
      <object_component id="oc-135">
         <name>.text.DL_SYSCTL_switchMCLKfromSYSOSCtoHSCLK</name>
         <load_address>0x29f8</load_address>
         <readonly>true</readonly>
         <executable>true</executable>
         <run_address>0x29f8</run_address>
         <size>0x44</size>
         <alignment>0x4</alignment>
         <input_file_ref idref="fl-16"/>
      </object_component>
      <object_component id="oc-188">
         <name>.text.__aeabi_uidivmod</name>
         <load_address>0x2a3c</load_address>
         <readonly>true</readonly>
         <executable>true</executable>
         <run_address>0x2a3c</run_address>
         <size>0x40</size>
         <alignment>0x4</alignment>
         <input_file_ref idref="fl-110"/>
      </object_component>
      <object_component id="oc-b5">
         <name>.text.__extendsfdf2</name>
         <load_address>0x2a7c</load_address>
         <readonly>true</readonly>
         <executable>true</executable>
         <run_address>0x2a7c</run_address>
         <size>0x40</size>
         <alignment>0x4</alignment>
         <input_file_ref idref="fl-105"/>
      </object_component>
      <object_component id="oc-1cb">
         <name>.text.atoi</name>
         <load_address>0x2abc</load_address>
         <readonly>true</readonly>
         <executable>true</executable>
         <run_address>0x2abc</run_address>
         <size>0x40</size>
         <alignment>0x4</alignment>
         <input_file_ref idref="fl-42"/>
      </object_component>
      <object_component id="oc-f5">
         <name>.text.vsnprintf</name>
         <load_address>0x2afc</load_address>
         <readonly>true</readonly>
         <executable>true</executable>
         <run_address>0x2afc</run_address>
         <size>0x40</size>
         <alignment>0x4</alignment>
         <input_file_ref idref="fl-2e"/>
      </object_component>
      <object_component id="oc-78">
         <name>.text.HMI_Get_Count</name>
         <load_address>0x2b3c</load_address>
         <readonly>true</readonly>
         <executable>true</executable>
         <run_address>0x2b3c</run_address>
         <size>0x3c</size>
         <alignment>0x4</alignment>
         <input_file_ref idref="fl-5"/>
      </object_component>
      <object_component id="oc-107">
         <name>.text.__gtsf2</name>
         <load_address>0x2b78</load_address>
         <readonly>true</readonly>
         <executable>true</executable>
         <run_address>0x2b78</run_address>
         <size>0x3c</size>
         <alignment>0x4</alignment>
         <input_file_ref idref="fl-112"/>
      </object_component>
      <object_component id="oc-9c">
         <name>.text:__TI_auto_init_nobinit_nopinit</name>
         <load_address>0x2bb4</load_address>
         <readonly>true</readonly>
         <executable>true</executable>
         <run_address>0x2bb4</run_address>
         <size>0x3c</size>
         <alignment>0x4</alignment>
         <input_file_ref idref="fl-46"/>
      </object_component>
      <object_component id="oc-102">
         <name>.text.__eqsf2</name>
         <load_address>0x2bf0</load_address>
         <readonly>true</readonly>
         <executable>true</executable>
         <run_address>0x2bf0</run_address>
         <size>0x3a</size>
         <alignment>0x4</alignment>
         <input_file_ref idref="fl-112"/>
      </object_component>
      <object_component id="oc-19f">
         <name>.text.__muldsi3</name>
         <load_address>0x2c2c</load_address>
         <readonly>true</readonly>
         <executable>true</executable>
         <run_address>0x2c2c</run_address>
         <size>0x3a</size>
         <alignment>0x4</alignment>
         <input_file_ref idref="fl-103"/>
      </object_component>
      <object_component id="oc-e0">
         <name>.text.DL_DMA_setTransferSize</name>
         <load_address>0x2c68</load_address>
         <readonly>true</readonly>
         <executable>true</executable>
         <run_address>0x2c68</run_address>
         <size>0x30</size>
         <alignment>0x4</alignment>
         <input_file_ref idref="fl-5"/>
      </object_component>
      <object_component id="oc-fb">
         <name>.text.DL_UART_transmitDataBlocking</name>
         <load_address>0x2c98</load_address>
         <readonly>true</readonly>
         <executable>true</executable>
         <run_address>0x2c98</run_address>
         <size>0x30</size>
         <alignment>0x4</alignment>
         <input_file_ref idref="fl-15"/>
      </object_component>
      <object_component id="oc-208">
         <name>.text._fcpy</name>
         <load_address>0x2cc8</load_address>
         <readonly>true</readonly>
         <executable>true</executable>
         <run_address>0x2cc8</run_address>
         <size>0x30</size>
         <alignment>0x2</alignment>
         <input_file_ref idref="fl-37"/>
      </object_component>
      <object_component id="oc-151">
         <name>.text._outs</name>
         <load_address>0x2cf8</load_address>
         <readonly>true</readonly>
         <executable>true</executable>
         <run_address>0x2cf8</run_address>
         <size>0x30</size>
         <alignment>0x2</alignment>
         <input_file_ref idref="fl-2e"/>
      </object_component>
      <object_component id="oc-201">
         <name>.text.__floatsidf</name>
         <load_address>0x2d28</load_address>
         <readonly>true</readonly>
         <executable>true</executable>
         <run_address>0x2d28</run_address>
         <size>0x2c</size>
         <alignment>0x4</alignment>
         <input_file_ref idref="fl-107"/>
      </object_component>
      <object_component id="oc-17b">
         <name>.text.DL_Common_updateReg</name>
         <load_address>0x2d54</load_address>
         <readonly>true</readonly>
         <executable>true</executable>
         <run_address>0x2d54</run_address>
         <size>0x28</size>
         <alignment>0x2</alignment>
         <input_file_ref idref="fl-2"/>
      </object_component>
      <object_component id="oc-df">
         <name>.text.DL_DMA_setDestAddr</name>
         <load_address>0x2d7c</load_address>
         <readonly>true</readonly>
         <executable>true</executable>
         <run_address>0x2d7c</run_address>
         <size>0x28</size>
         <alignment>0x4</alignment>
         <input_file_ref idref="fl-5"/>
      </object_component>
      <object_component id="oc-de">
         <name>.text.DL_DMA_setSrcAddr</name>
         <load_address>0x2da4</load_address>
         <readonly>true</readonly>
         <executable>true</executable>
         <run_address>0x2da4</run_address>
         <size>0x28</size>
         <alignment>0x4</alignment>
         <input_file_ref idref="fl-5"/>
      </object_component>
      <object_component id="oc-13d">
         <name>.text.DL_UART_setRXFIFOThreshold</name>
         <load_address>0x2dcc</load_address>
         <readonly>true</readonly>
         <executable>true</executable>
         <run_address>0x2dcc</run_address>
         <size>0x28</size>
         <alignment>0x4</alignment>
         <input_file_ref idref="fl-2"/>
      </object_component>
      <object_component id="oc-13e">
         <name>.text.DL_UART_setTXFIFOThreshold</name>
         <load_address>0x2df4</load_address>
         <readonly>true</readonly>
         <executable>true</executable>
         <run_address>0x2df4</run_address>
         <size>0x28</size>
         <alignment>0x4</alignment>
         <input_file_ref idref="fl-2"/>
      </object_component>
      <object_component id="oc-56">
         <name>.text:_c_int00_noargs</name>
         <load_address>0x2e1c</load_address>
         <readonly>true</readonly>
         <executable>true</executable>
         <run_address>0x2e1c</run_address>
         <size>0x28</size>
         <alignment>0x4</alignment>
         <input_file_ref idref="fl-35"/>
      </object_component>
      <object_component id="oc-e1">
         <name>.text.DL_DMA_enableChannel</name>
         <load_address>0x2e44</load_address>
         <readonly>true</readonly>
         <executable>true</executable>
         <run_address>0x2e44</run_address>
         <size>0x26</size>
         <alignment>0x2</alignment>
         <input_file_ref idref="fl-5"/>
      </object_component>
      <object_component id="oc-ae">
         <name>.text.DL_DMA_getTransferSize</name>
         <load_address>0x2e6c</load_address>
         <readonly>true</readonly>
         <executable>true</executable>
         <run_address>0x2e6c</run_address>
         <size>0x24</size>
         <alignment>0x4</alignment>
         <input_file_ref idref="fl-5"/>
      </object_component>
      <object_component id="oc-18c">
         <name>.text.__floatunsidf</name>
         <load_address>0x2e90</load_address>
         <readonly>true</readonly>
         <executable>true</executable>
         <run_address>0x2e90</run_address>
         <size>0x24</size>
         <alignment>0x4</alignment>
         <input_file_ref idref="fl-108"/>
      </object_component>
      <object_component id="oc-1d3">
         <name>.text.__muldi3</name>
         <load_address>0x2eb4</load_address>
         <readonly>true</readonly>
         <executable>true</executable>
         <run_address>0x2eb4</run_address>
         <size>0x24</size>
         <alignment>0x4</alignment>
         <input_file_ref idref="fl-109"/>
      </object_component>
      <object_component id="oc-1c4">
         <name>.text.memccpy</name>
         <load_address>0x2ed8</load_address>
         <readonly>true</readonly>
         <executable>true</executable>
         <run_address>0x2ed8</run_address>
         <size>0x22</size>
         <alignment>0x2</alignment>
         <input_file_ref idref="fl-44"/>
      </object_component>
      <object_component id="oc-121">
         <name>.text.DL_GPIO_initPeripheralInputFunction</name>
         <load_address>0x2efc</load_address>
         <readonly>true</readonly>
         <executable>true</executable>
         <run_address>0x2efc</run_address>
         <size>0x20</size>
         <alignment>0x4</alignment>
         <input_file_ref idref="fl-2"/>
      </object_component>
      <object_component id="oc-126">
         <name>.text.DL_SYSCTL_setFlashWaitState</name>
         <load_address>0x2f1c</load_address>
         <readonly>true</readonly>
         <executable>true</executable>
         <run_address>0x2f1c</run_address>
         <size>0x20</size>
         <alignment>0x4</alignment>
         <input_file_ref idref="fl-2"/>
      </object_component>
      <object_component id="oc-8f">
         <name>.text.SYSCFG_DL_init</name>
         <load_address>0x2f3c</load_address>
         <readonly>true</readonly>
         <executable>true</executable>
         <run_address>0x2f3c</run_address>
         <size>0x20</size>
         <alignment>0x2</alignment>
         <input_file_ref idref="fl-2"/>
      </object_component>
      <object_component id="oc-139">
         <name>.text.DL_UART_setOversampling</name>
         <load_address>0x2f5c</load_address>
         <readonly>true</readonly>
         <executable>true</executable>
         <run_address>0x2f5c</run_address>
         <size>0x1e</size>
         <alignment>0x2</alignment>
         <input_file_ref idref="fl-2"/>
      </object_component>
      <object_component id="oc-20d">
         <name>.text.__ashldi3</name>
         <load_address>0x2f7c</load_address>
         <readonly>true</readonly>
         <executable>true</executable>
         <run_address>0x2f7c</run_address>
         <size>0x1e</size>
         <alignment>0x4</alignment>
         <input_file_ref idref="fl-114"/>
      </object_component>
      <object_component id="oc-120">
         <name>.text.DL_GPIO_initPeripheralOutputFunction</name>
         <load_address>0x2f9c</load_address>
         <readonly>true</readonly>
         <executable>true</executable>
         <run_address>0x2f9c</run_address>
         <size>0x1c</size>
         <alignment>0x4</alignment>
         <input_file_ref idref="fl-2"/>
      </object_component>
      <object_component id="oc-184">
         <name>.text.DL_SYSCTL_configFCC</name>
         <load_address>0x2fb8</load_address>
         <readonly>true</readonly>
         <executable>true</executable>
         <run_address>0x2fb8</run_address>
         <size>0x1c</size>
         <alignment>0x4</alignment>
         <input_file_ref idref="fl-16"/>
      </object_component>
      <object_component id="oc-183">
         <name>.text.DL_SYSCTL_setFCCPeriods</name>
         <load_address>0x2fd4</load_address>
         <readonly>true</readonly>
         <executable>true</executable>
         <run_address>0x2fd4</run_address>
         <size>0x1c</size>
         <alignment>0x4</alignment>
         <input_file_ref idref="fl-2"/>
      </object_component>
      <object_component id="oc-127">
         <name>.text.DL_SYSCTL_setSYSOSCFreq</name>
         <load_address>0x2ff0</load_address>
         <readonly>true</readonly>
         <executable>true</executable>
         <run_address>0x2ff0</run_address>
         <size>0x1c</size>
         <alignment>0x4</alignment>
         <input_file_ref idref="fl-2"/>
      </object_component>
      <object_component id="oc-134">
         <name>.text.DL_SYSCTL_setULPCLKDivider</name>
         <load_address>0x300c</load_address>
         <readonly>true</readonly>
         <executable>true</executable>
         <run_address>0x300c</run_address>
         <size>0x1c</size>
         <alignment>0x4</alignment>
         <input_file_ref idref="fl-2"/>
      </object_component>
      <object_component id="oc-7e">
         <name>.text.HMI_Delete</name>
         <load_address>0x3028</load_address>
         <readonly>true</readonly>
         <executable>true</executable>
         <run_address>0x3028</run_address>
         <size>0x1c</size>
         <alignment>0x2</alignment>
         <input_file_ref idref="fl-5"/>
      </object_component>
      <object_component id="oc-7d">
         <name>.text.HMI_Peek</name>
         <load_address>0x3044</load_address>
         <readonly>true</readonly>
         <executable>true</executable>
         <run_address>0x3044</run_address>
         <size>0x1c</size>
         <alignment>0x2</alignment>
         <input_file_ref idref="fl-5"/>
      </object_component>
      <object_component id="oc-db">
         <name>.text.SYSCFG_DL_SYSCTL_CLK_init</name>
         <load_address>0x3060</load_address>
         <readonly>true</readonly>
         <executable>true</executable>
         <run_address>0x3060</run_address>
         <size>0x1c</size>
         <alignment>0x4</alignment>
         <input_file_ref idref="fl-2"/>
      </object_component>
      <object_component id="oc-124">
         <name>.text.DL_GPIO_enableOutput</name>
         <load_address>0x307c</load_address>
         <readonly>true</readonly>
         <executable>true</executable>
         <run_address>0x307c</run_address>
         <size>0x18</size>
         <alignment>0x4</alignment>
         <input_file_ref idref="fl-2"/>
      </object_component>
      <object_component id="oc-119">
         <name>.text.DL_GPIO_enablePower</name>
         <load_address>0x3094</load_address>
         <readonly>true</readonly>
         <executable>true</executable>
         <run_address>0x3094</run_address>
         <size>0x18</size>
         <alignment>0x4</alignment>
         <input_file_ref idref="fl-2"/>
      </object_component>
      <object_component id="oc-122">
         <name>.text.DL_GPIO_initDigitalOutput</name>
         <load_address>0x30ac</load_address>
         <readonly>true</readonly>
         <executable>true</executable>
         <run_address>0x30ac</run_address>
         <size>0x18</size>
         <alignment>0x4</alignment>
         <input_file_ref idref="fl-2"/>
      </object_component>
      <object_component id="oc-11f">
         <name>.text.DL_GPIO_initPeripheralAnalogFunction</name>
         <load_address>0x30c4</load_address>
         <readonly>true</readonly>
         <executable>true</executable>
         <run_address>0x30c4</run_address>
         <size>0x18</size>
         <alignment>0x4</alignment>
         <input_file_ref idref="fl-2"/>
      </object_component>
      <object_component id="oc-117">
         <name>.text.DL_GPIO_reset</name>
         <load_address>0x30dc</load_address>
         <readonly>true</readonly>
         <executable>true</executable>
         <run_address>0x30dc</run_address>
         <size>0x18</size>
         <alignment>0x4</alignment>
         <input_file_ref idref="fl-2"/>
      </object_component>
      <object_component id="oc-123">
         <name>.text.DL_GPIO_setPins</name>
         <load_address>0x30f4</load_address>
         <readonly>true</readonly>
         <executable>true</executable>
         <run_address>0x30f4</run_address>
         <size>0x18</size>
         <alignment>0x4</alignment>
         <input_file_ref idref="fl-2"/>
      </object_component>
      <object_component id="oc-125">
         <name>.text.DL_SYSCTL_setBORThreshold</name>
         <load_address>0x310c</load_address>
         <readonly>true</readonly>
         <executable>true</executable>
         <run_address>0x310c</run_address>
         <size>0x18</size>
         <alignment>0x4</alignment>
         <input_file_ref idref="fl-2"/>
      </object_component>
      <object_component id="oc-13b">
         <name>.text.DL_UART_enableDMAReceiveEvent</name>
         <load_address>0x3124</load_address>
         <readonly>true</readonly>
         <executable>true</executable>
         <run_address>0x3124</run_address>
         <size>0x18</size>
         <alignment>0x4</alignment>
         <input_file_ref idref="fl-2"/>
      </object_component>
      <object_component id="oc-e2">
         <name>.text.DL_UART_enableDMAReceiveEvent</name>
         <load_address>0x313c</load_address>
         <readonly>true</readonly>
         <executable>true</executable>
         <run_address>0x313c</run_address>
         <size>0x18</size>
         <alignment>0x4</alignment>
         <input_file_ref idref="fl-5"/>
      </object_component>
      <object_component id="oc-13c">
         <name>.text.DL_UART_enableFIFOs</name>
         <load_address>0x3154</load_address>
         <readonly>true</readonly>
         <executable>true</executable>
         <run_address>0x3154</run_address>
         <size>0x18</size>
         <alignment>0x2</alignment>
         <input_file_ref idref="fl-2"/>
      </object_component>
      <object_component id="oc-11a">
         <name>.text.DL_UART_enablePower</name>
         <load_address>0x316c</load_address>
         <readonly>true</readonly>
         <executable>true</executable>
         <run_address>0x316c</run_address>
         <size>0x18</size>
         <alignment>0x4</alignment>
         <input_file_ref idref="fl-2"/>
      </object_component>
      <object_component id="oc-118">
         <name>.text.DL_UART_reset</name>
         <load_address>0x3184</load_address>
         <readonly>true</readonly>
         <executable>true</executable>
         <run_address>0x3184</run_address>
         <size>0x18</size>
         <alignment>0x4</alignment>
         <input_file_ref idref="fl-2"/>
      </object_component>
      <object_component id="oc-143">
         <name>.text.SYSCFG_DL_DMA_CH0_init</name>
         <load_address>0x319c</load_address>
         <readonly>true</readonly>
         <executable>true</executable>
         <run_address>0x319c</run_address>
         <size>0x18</size>
         <alignment>0x4</alignment>
         <input_file_ref idref="fl-2"/>
      </object_component>
      <object_component id="oc-142">
         <name>.text.SYSCFG_DL_DMA_CH1_init</name>
         <load_address>0x31b4</load_address>
         <readonly>true</readonly>
         <executable>true</executable>
         <run_address>0x31b4</run_address>
         <size>0x18</size>
         <alignment>0x4</alignment>
         <input_file_ref idref="fl-2"/>
      </object_component>
      <object_component id="oc-152">
         <name>.text._outc</name>
         <load_address>0x31cc</load_address>
         <readonly>true</readonly>
         <executable>true</executable>
         <run_address>0x31cc</run_address>
         <size>0x18</size>
         <alignment>0x2</alignment>
         <input_file_ref idref="fl-2e"/>
      </object_component>
      <object_component id="oc-13f">
         <name>.text.DL_UART_enable</name>
         <load_address>0x31e4</load_address>
         <readonly>true</readonly>
         <executable>true</executable>
         <run_address>0x31e4</run_address>
         <size>0x16</size>
         <alignment>0x2</alignment>
         <input_file_ref idref="fl-2"/>
      </object_component>
      <object_component id="oc-4d">
         <name>.text:decompress:ZI:__TI_zero_init_nomemset</name>
         <load_address>0x31fa</load_address>
         <readonly>true</readonly>
         <executable>true</executable>
         <run_address>0x31fa</run_address>
         <size>0x16</size>
         <alignment>0x2</alignment>
         <input_file_ref idref="fl-32"/>
      </object_component>
      <object_component id="oc-129">
         <name>.text.DL_SYSCTL_disableSYSPLL</name>
         <load_address>0x3210</load_address>
         <readonly>true</readonly>
         <executable>true</executable>
         <run_address>0x3210</run_address>
         <size>0x14</size>
         <alignment>0x4</alignment>
         <input_file_ref idref="fl-2"/>
      </object_component>
      <object_component id="oc-132">
         <name>.text.DL_SYSCTL_enableSYSPLL</name>
         <load_address>0x3224</load_address>
         <readonly>true</readonly>
         <executable>true</executable>
         <run_address>0x3224</run_address>
         <size>0x14</size>
         <alignment>0x4</alignment>
         <input_file_ref idref="fl-2"/>
      </object_component>
      <object_component id="oc-1d8">
         <name>.text.__aeabi_uldivmod</name>
         <load_address>0x3238</load_address>
         <readonly>true</readonly>
         <executable>true</executable>
         <run_address>0x3238</run_address>
         <size>0x14</size>
         <alignment>0x4</alignment>
         <input_file_ref idref="fl-111"/>
      </object_component>
      <object_component id="oc-6d">
         <name>.text.main</name>
         <load_address>0x324c</load_address>
         <readonly>true</readonly>
         <executable>true</executable>
         <run_address>0x324c</run_address>
         <size>0x14</size>
         <alignment>0x2</alignment>
         <input_file_ref idref="fl-1"/>
      </object_component>
      <object_component id="oc-206">
         <name>.text.strchr</name>
         <load_address>0x3260</load_address>
         <readonly>true</readonly>
         <executable>true</executable>
         <run_address>0x3260</run_address>
         <size>0x14</size>
         <alignment>0x2</alignment>
         <input_file_ref idref="fl-37"/>
      </object_component>
      <object_component id="oc-c6">
         <name>.text.strchr</name>
         <load_address>0x3274</load_address>
         <readonly>true</readonly>
         <executable>true</executable>
         <run_address>0x3274</run_address>
         <size>0x14</size>
         <alignment>0x2</alignment>
         <input_file_ref idref="fl-30"/>
      </object_component>
      <object_component id="oc-137">
         <name>.text.DL_UART_setClockConfig</name>
         <load_address>0x3288</load_address>
         <readonly>true</readonly>
         <executable>true</executable>
         <run_address>0x3288</run_address>
         <size>0x12</size>
         <alignment>0x2</alignment>
         <input_file_ref idref="fl-15"/>
      </object_component>
      <object_component id="oc-85">
         <name>.text:TI_memcpy_small</name>
         <load_address>0x329a</load_address>
         <readonly>true</readonly>
         <executable>true</executable>
         <run_address>0x329a</run_address>
         <size>0x12</size>
         <alignment>0x1</alignment>
         <input_file_ref idref="fl-118"/>
      </object_component>
      <object_component id="oc-22">
         <name>.text:decompress:none</name>
         <load_address>0x32ac</load_address>
         <readonly>true</readonly>
         <executable>true</executable>
         <run_address>0x32ac</run_address>
         <size>0x12</size>
         <alignment>0x2</alignment>
         <input_file_ref idref="fl-33"/>
      </object_component>
      <object_component id="oc-128">
         <name>.text.DL_SYSCTL_disableHFXT</name>
         <load_address>0x32c0</load_address>
         <readonly>true</readonly>
         <executable>true</executable>
         <run_address>0x32c0</run_address>
         <size>0x10</size>
         <alignment>0x4</alignment>
         <input_file_ref idref="fl-2"/>
      </object_component>
      <object_component id="oc-186">
         <name>.text.DL_SYSCTL_isFCCDone</name>
         <load_address>0x32d0</load_address>
         <readonly>true</readonly>
         <executable>true</executable>
         <run_address>0x32d0</run_address>
         <size>0x10</size>
         <alignment>0x2</alignment>
         <input_file_ref idref="fl-2"/>
      </object_component>
      <object_component id="oc-185">
         <name>.text.DL_SYSCTL_startFCC</name>
         <load_address>0x32e0</load_address>
         <readonly>true</readonly>
         <executable>true</executable>
         <run_address>0x32e0</run_address>
         <size>0x10</size>
         <alignment>0x4</alignment>
         <input_file_ref idref="fl-2"/>
      </object_component>
      <object_component id="oc-da">
         <name>.text.SYSCFG_DL_SYSTICK_init</name>
         <load_address>0x32f0</load_address>
         <readonly>true</readonly>
         <executable>true</executable>
         <run_address>0x32f0</run_address>
         <size>0x10</size>
         <alignment>0x4</alignment>
         <input_file_ref idref="fl-2"/>
      </object_component>
      <object_component id="oc-1cf">
         <name>.text.wcslen</name>
         <load_address>0x3300</load_address>
         <readonly>true</readonly>
         <executable>true</executable>
         <run_address>0x3300</run_address>
         <size>0x10</size>
         <alignment>0x2</alignment>
         <input_file_ref idref="fl-3a"/>
      </object_component>
      <object_component id="oc-1c3">
         <name>.text.__aeabi_memset</name>
         <load_address>0x3310</load_address>
         <readonly>true</readonly>
         <executable>true</executable>
         <run_address>0x3310</run_address>
         <size>0xe</size>
         <alignment>0x4</alignment>
         <input_file_ref idref="fl-10f"/>
      </object_component>
      <object_component id="oc-1c2">
         <name>.text.strlen</name>
         <load_address>0x331e</load_address>
         <readonly>true</readonly>
         <executable>true</executable>
         <run_address>0x331e</run_address>
         <size>0xe</size>
         <alignment>0x2</alignment>
         <input_file_ref idref="fl-37"/>
      </object_component>
      <object_component id="oc-cf">
         <name>.text:TI_memset_small</name>
         <load_address>0x332c</load_address>
         <readonly>true</readonly>
         <executable>true</executable>
         <run_address>0x332c</run_address>
         <size>0xe</size>
         <alignment>0x1</alignment>
         <input_file_ref idref="fl-119"/>
      </object_component>
      <object_component id="oc-133">
         <name>.text.DL_SYSCTL_getClockStatus</name>
         <load_address>0x333c</load_address>
         <readonly>true</readonly>
         <executable>true</executable>
         <run_address>0x333c</run_address>
         <size>0xc</size>
         <alignment>0x4</alignment>
         <input_file_ref idref="fl-2"/>
      </object_component>
      <object_component id="oc-187">
         <name>.text.DL_SYSCTL_readFCC</name>
         <load_address>0x3348</load_address>
         <readonly>true</readonly>
         <executable>true</executable>
         <run_address>0x3348</run_address>
         <size>0xc</size>
         <alignment>0x4</alignment>
         <input_file_ref idref="fl-2"/>
      </object_component>
      <object_component id="oc-d9">
         <name>.text.SYSCFG_DL_DMA_init</name>
         <load_address>0x3354</load_address>
         <readonly>true</readonly>
         <executable>true</executable>
         <run_address>0x3354</run_address>
         <size>0xc</size>
         <alignment>0x2</alignment>
         <input_file_ref idref="fl-2"/>
      </object_component>
      <object_component id="oc-80">
         <name>.text.TJC_Page2_Handler</name>
         <load_address>0x3360</load_address>
         <readonly>true</readonly>
         <executable>true</executable>
         <run_address>0x3360</run_address>
         <size>0xc</size>
         <alignment>0x2</alignment>
         <input_file_ref idref="fl-1"/>
      </object_component>
      <object_component id="oc-81">
         <name>.text.TJC_Page3_Handler</name>
         <load_address>0x336c</load_address>
         <readonly>true</readonly>
         <executable>true</executable>
         <run_address>0x336c</run_address>
         <size>0xc</size>
         <alignment>0x2</alignment>
         <input_file_ref idref="fl-1"/>
      </object_component>
      <object_component id="oc-11b">
         <name>.text.DL_Common_delayCycles</name>
         <load_address>0x3378</load_address>
         <readonly>true</readonly>
         <executable>true</executable>
         <run_address>0x3378</run_address>
         <size>0xa</size>
         <alignment>0x2</alignment>
         <input_file_ref idref="fl-13"/>
      </object_component>
      <object_component id="oc-205">
         <name>.text.OUTLINED_FUNCTION_0</name>
         <load_address>0x3382</load_address>
         <readonly>true</readonly>
         <executable>true</executable>
         <run_address>0x3382</run_address>
         <size>0xa</size>
         <alignment>0x2</alignment>
         <input_file_ref idref="fl-37"/>
      </object_component>
      <object_component id="oc-26a">
         <name>.tramp.__aeabi_dsub.1</name>
         <load_address>0x338c</load_address>
         <readonly>true</readonly>
         <executable>true</executable>
         <run_address>0x338c</run_address>
         <size>0x10</size>
         <alignment>0x4</alignment>
         <input_file_ref idref="fl-101"/>
      </object_component>
      <object_component id="oc-20b">
         <name>.text.OUTLINED_FUNCTION_1</name>
         <load_address>0x339c</load_address>
         <readonly>true</readonly>
         <executable>true</executable>
         <run_address>0x339c</run_address>
         <size>0xa</size>
         <alignment>0x2</alignment>
         <input_file_ref idref="fl-37"/>
      </object_component>
      <object_component id="oc-be">
         <name>.text.atof</name>
         <load_address>0x33a6</load_address>
         <readonly>true</readonly>
         <executable>true</executable>
         <run_address>0x33a6</run_address>
         <size>0xa</size>
         <alignment>0x2</alignment>
         <input_file_ref idref="fl-2f"/>
      </object_component>
      <object_component id="oc-159">
         <name>.text.OUTLINED_FUNCTION_1</name>
         <load_address>0x33b0</load_address>
         <readonly>true</readonly>
         <executable>true</executable>
         <run_address>0x33b0</run_address>
         <size>0x8</size>
         <alignment>0x2</alignment>
         <input_file_ref idref="fl-31"/>
      </object_component>
      <object_component id="oc-26b">
         <name>.tramp.__aeabi_dcmpeq.1</name>
         <load_address>0x33b8</load_address>
         <readonly>true</readonly>
         <executable>true</executable>
         <run_address>0x33b8</run_address>
         <size>0x10</size>
         <alignment>0x4</alignment>
         <input_file_ref idref="fl-10b"/>
      </object_component>
      <object_component id="oc-36">
         <name>.text.SysTick_Handler</name>
         <load_address>0x33c8</load_address>
         <readonly>true</readonly>
         <executable>true</executable>
         <run_address>0x33c8</run_address>
         <size>0x8</size>
         <alignment>0x2</alignment>
         <input_file_ref idref="fl-1"/>
      </object_component>
      <object_component id="oc-166">
         <name>.text.__aeabi_errno_addr</name>
         <load_address>0x33d0</load_address>
         <readonly>true</readonly>
         <executable>true</executable>
         <run_address>0x33d0</run_address>
         <size>0x8</size>
         <alignment>0x4</alignment>
         <input_file_ref idref="fl-3c"/>
      </object_component>
      <object_component id="oc-46">
         <name>.text.__aeabi_memcpy</name>
         <load_address>0x33d8</load_address>
         <readonly>true</readonly>
         <executable>true</executable>
         <run_address>0x33d8</run_address>
         <size>0x8</size>
         <alignment>0x4</alignment>
         <input_file_ref idref="fl-10e"/>
      </object_component>
      <object_component id="oc-95">
         <name>.text:abort</name>
         <load_address>0x33e0</load_address>
         <readonly>true</readonly>
         <executable>true</executable>
         <run_address>0x33e0</run_address>
         <size>0x6</size>
         <alignment>0x2</alignment>
         <input_file_ref idref="fl-3d"/>
      </object_component>
      <object_component id="oc-35">
         <name>.text.Default_Handler</name>
         <load_address>0x33e6</load_address>
         <readonly>true</readonly>
         <executable>true</executable>
         <run_address>0x33e6</run_address>
         <size>0x4</size>
         <alignment>0x2</alignment>
         <input_file_ref idref="fl-3"/>
      </object_component>
      <object_component id="oc-e3">
         <name>.text.HOSTexit</name>
         <load_address>0x33ea</load_address>
         <readonly>true</readonly>
         <executable>true</executable>
         <run_address>0x33ea</run_address>
         <size>0x4</size>
         <alignment>0x2</alignment>
         <input_file_ref idref="fl-f0"/>
      </object_component>
      <object_component id="oc-31">
         <name>.text.Reset_Handler</name>
         <load_address>0x33ee</load_address>
         <readonly>true</readonly>
         <executable>true</executable>
         <run_address>0x33ee</run_address>
         <size>0x4</size>
         <alignment>0x2</alignment>
         <input_file_ref idref="fl-3"/>
      </object_component>
      <object_component id="oc-69">
         <name>.text._system_pre_init</name>
         <load_address>0x33f2</load_address>
         <readonly>true</readonly>
         <executable>true</executable>
         <run_address>0x33f2</run_address>
         <size>0x4</size>
         <alignment>0x2</alignment>
         <input_file_ref idref="fl-47"/>
      </object_component>
      <object_component id="oc-265">
         <name>.cinit..data.load</name>
         <load_address>0x3670</load_address>
         <readonly>true</readonly>
         <run_address>0x3670</run_address>
         <size>0x15</size>
         <alignment>0x1</alignment>
      </object_component>
      <object_component id="oc-263">
         <name>__TI_handler_table</name>
         <load_address>0x3688</load_address>
         <readonly>true</readonly>
         <run_address>0x3688</run_address>
         <size>0xc</size>
         <alignment>0x4</alignment>
      </object_component>
      <object_component id="oc-267">
         <name>.cinit..TrimTable.load</name>
         <load_address>0x3694</load_address>
         <readonly>true</readonly>
         <run_address>0x3694</run_address>
         <size>0x8</size>
         <alignment>0x4</alignment>
      </object_component>
      <object_component id="oc-266">
         <name>.cinit..bss.load</name>
         <load_address>0x369c</load_address>
         <readonly>true</readonly>
         <run_address>0x369c</run_address>
         <size>0x8</size>
         <alignment>0x4</alignment>
      </object_component>
      <object_component id="oc-264">
         <name>__TI_cinit_table</name>
         <load_address>0x36a4</load_address>
         <readonly>true</readonly>
         <run_address>0x36a4</run_address>
         <size>0x18</size>
         <alignment>0x4</alignment>
      </object_component>
      <object_component id="oc-173">
         <name>.rodata:__aeabi_ctype_table_</name>
         <load_address>0x3400</load_address>
         <readonly>true</readonly>
         <run_address>0x3400</run_address>
         <size>0x101</size>
         <alignment>0x10</alignment>
         <input_file_ref idref="fl-3b"/>
      </object_component>
      <object_component id="oc-140">
         <name>.rodata.gUART_0ClockConfig</name>
         <load_address>0x3501</load_address>
         <readonly>true</readonly>
         <run_address>0x3501</run_address>
         <size>0x2</size>
         <alignment>0x1</alignment>
         <input_file_ref idref="fl-2"/>
      </object_component>
      <object_component id="oc-174">
         <name>.rodata.digits</name>
         <load_address>0x3508</load_address>
         <readonly>true</readonly>
         <run_address>0x3508</run_address>
[...]
      </symbol>
      <symbol id="sm-138">
         <name>LFSS_IRQHandler</name>
         <value>0x33e7</value>
         <object_component_ref idref="oc-35"/>
      </symbol>
      <symbol id="sm-139">
         <name>DMA_IRQHandler</name>
         <value>0x33e7</value>
         <object_component_ref idref="oc-35"/>
      </symbol>
      <symbol id="sm-167">
         <name>HMI_Init</name>
         <value>0x250d</value>
         <object_component_ref idref="oc-94"/>
      </symbol>
      <symbol id="sm-168">
         <name>tjc_rb</name>
         <value>0x20200000</value>
      </symbol>
      <symbol id="sm-169">
         <name>tjc_huart</name>
         <value>0x202000d4</value>
         <object_component_ref idref="oc-82"/>
      </symbol>
      <symbol id="sm-16a">
         <name>HMI_Get_Count</name>
         <value>0x2b3d</value>
         <object_component_ref idref="oc-78"/>
      </symbol>
      <symbol id="sm-16b">
         <name>HMI_Delete</name>
         <value>0x3029</value>
         <object_component_ref idref="oc-7e"/>
      </symbol>
      <symbol id="sm-16c">
         <name>HMI_Peek</name>
         <value>0x3045</value>
         <object_component_ref idref="oc-7d"/>
      </symbol>
      <symbol id="sm-16d">
         <name>HMI_Printf</name>
         <value>0x2119</value>
         <object_component_ref idref="oc-b9"/>
      </symbol>
      <symbol id="sm-16e">
         <name>__TI_ATRegion0_src_addr</name>
         <value>0x0</value>
      </symbol>
      <symbol id="sm-16f">
         <name>__TI_ATRegion0_trg_addr</name>
         <value>0x0</value>
      </symbol>
      <symbol id="sm-170">
         <name>__TI_ATRegion0_region_sz</name>
         <value>0x0</value>
      </symbol>
      <symbol id="sm-171">
         <name>__TI_ATRegion1_src_addr</name>
         <value>0x0</value>
      </symbol>
      <symbol id="sm-172">
         <name>__TI_ATRegion1_trg_addr</name>
         <value>0x0</value>
      </symbol>
      <symbol id="sm-173">
         <name>__TI_ATRegion1_region_sz</name>
         <value>0x0</value>
      </symbol>
      <symbol id="sm-174">
         <name>__TI_ATRegion2_src_addr</name>
         <value>0x0</value>
      </symbol>
      <symbol id="sm-175">
         <name>__TI_ATRegion2_trg_addr</name>
         <value>0x0</value>
      </symbol>
      <symbol id="sm-176">
         <name>__TI_ATRegion2_region_sz</name>
         <value>0x0</value>
      </symbol>
      <symbol id="sm-17f">
         <name>DL_Common_delayCycles</name>
         <value>0x3379</value>
         <object_component_ref idref="oc-11b"/>
      </symbol>
      <symbol id="sm-189">
         <name>DL_DMA_initChannel</name>
         <value>0x2881</value>
         <object_component_ref idref="oc-190"/>
      </symbol>
      <symbol id="sm-199">
         <name>DL_UART_init</name>
         <value>0x29b1</value>
         <object_component_ref idref="oc-138"/>
      </symbol>
      <symbol id="sm-19a">
         <name>DL_UART_setClockConfig</name>
         <value>0x3289</value>
         <object_component_ref idref="oc-137"/>
      </symbol>
      <symbol id="sm-19b">
         <name>DL_UART_transmitDataBlocking</name>
         <value>0x2c99</value>
         <object_component_ref idref="oc-fb"/>
      </symbol>
      <symbol id="sm-1af">
         <name>DL_SYSCTL_configSYSPLL</name>
         <value>0x1af5</value>
         <object_component_ref idref="oc-130"/>
      </symbol>
      <symbol id="sm-1b0">
         <name>DL_SYSCTL_switchMCLKfromSYSOSCtoHSCLK</name>
         <value>0x29f9</value>
         <object_component_ref idref="oc-135"/>
      </symbol>
      <symbol id="sm-1b1">
         <name>DL_SYSCTL_setHFCLKSourceHFXTParams</name>
         <value>0x200d</value>
         <object_component_ref idref="oc-12a"/>
      </symbol>
      <symbol id="sm-1b2">
         <name>DL_SYSCTL_configFCC</name>
         <value>0x2fb9</value>
         <object_component_ref idref="oc-184"/>
      </symbol>
      <symbol id="sm-1bb">
         <name>DL_FactoryRegion_initTrimTable</name>
         <value>0x2629</value>
         <object_component_ref idref="oc-17c"/>
      </symbol>
      <symbol id="sm-1bc">
         <name>DL_FACTORYREGION_TrimTable</name>
         <value>0x20200084</value>
         <object_component_ref idref="oc-1b5"/>
      </symbol>
      <symbol id="sm-1bd">
         <name>FACTORYVALUE</name>
         <value>0x202000c8</value>
         <object_component_ref idref="oc-180"/>
      </symbol>
      <symbol id="sm-1ce">
         <name>vsnprintf</name>
         <value>0x2afd</value>
         <object_component_ref idref="oc-f5"/>
      </symbol>
      <symbol id="sm-1d7">
         <name>atof</name>
         <value>0x33a7</value>
         <object_component_ref idref="oc-be"/>
      </symbol>
      <symbol id="sm-1e0">
         <name>strchr</name>
         <value>0x3275</value>
         <object_component_ref idref="oc-c6"/>
      </symbol>
      <symbol id="sm-1f5">
         <name>strtod</name>
         <value>0xa91</value>
         <object_component_ref idref="oc-109"/>
      </symbol>
      <symbol id="sm-1f6">
         <name>strtold</name>
         <value>0xa91</value>
         <object_component_ref idref="oc-109"/>
      </symbol>
      <symbol id="sm-200">
         <name>__TI_zero_init_nomemset</name>
         <value>0x31fb</value>
         <object_component_ref idref="oc-4d"/>
      </symbol>
      <symbol id="sm-209">
         <name>__TI_decompress_none</name>
         <value>0x32ad</value>
         <object_component_ref idref="oc-22"/>
      </symbol>
      <symbol id="sm-214">
         <name>__TI_decompress_lzss</name>
         <value>0x2195</value>
         <object_component_ref idref="oc-1e"/>
      </symbol>
      <symbol id="sm-21f">
         <name>_c_int00_noargs</name>
         <value>0x2e1d</value>
         <object_component_ref idref="oc-56"/>
      </symbol>
      <symbol id="sm-220">
         <name>__stack</name>
         <value>0x2020ff00</value>
         <object_component_ref idref="oc-1c"/>
      </symbol>
      <symbol id="sm-26a">
         <name>__TI_printfi</name>
         <value>0xc1</value>
         <object_component_ref idref="oc-19e"/>
      </symbol>
      <symbol id="sm-274">
         <name>frexp</name>
         <value>0x25cd</value>
         <object_component_ref idref="oc-1f5"/>
      </symbol>
      <symbol id="sm-275">
         <name>frexpl</name>
         <value>0x25cd</value>
         <object_component_ref idref="oc-1f5"/>
      </symbol>
      <symbol id="sm-27f">
         <name>scalbn</name>
         <value>0x1db9</value>
         <object_component_ref idref="oc-16b"/>
      </symbol>
      <symbol id="sm-280">
         <name>ldexp</name>
         <value>0x1db9</value>
         <object_component_ref idref="oc-16b"/>
      </symbol>
      <symbol id="sm-281">
         <name>scalbnl</name>
         <value>0x1db9</value>
         <object_component_ref idref="oc-16b"/>
      </symbol>
      <symbol id="sm-282">
         <name>ldexpl</name>
         <value>0x1db9</value>
         <object_component_ref idref="oc-16b"/>
      </symbol>
      <symbol id="sm-28b">
         <name>wcslen</name>
         <value>0x3301</value>
         <object_component_ref idref="oc-1cf"/>
      </symbol>
      <symbol id="sm-28c">
         <name>__aeabi_ctype_table_</name>
         <value>0x3400</value>
         <object_component_ref idref="oc-173"/>
      </symbol>
      <symbol id="sm-28d">
         <name>__aeabi_ctype_table_C</name>
         <value>0x3400</value>
         <object_component_ref idref="oc-173"/>
      </symbol>
      <symbol id="sm-298">
         <name>__aeabi_errno_addr</name>
         <value>0x33d1</value>
         <object_component_ref idref="oc-166"/>
      </symbol>
      <symbol id="sm-299">
         <name>__aeabi_errno</name>
         <value>0x202000cc</value>
         <object_component_ref idref="oc-1ad"/>
      </symbol>
      <symbol id="sm-2a3">
         <name>abort</name>
         <value>0x33e1</value>
         <object_component_ref idref="oc-95"/>
      </symbol>
      <symbol id="sm-2ad">
         <name>__TI_ltoa</name>
         <value>0x26d9</value>
         <object_component_ref idref="oc-1fd"/>
      </symbol>
      <symbol id="sm-2b9">
         <name>atoi</name>
         <value>0x2abd</value>
         <object_component_ref idref="oc-1cb"/>
      </symbol>
      <symbol id="sm-2c3">
         <name>memccpy</name>
         <value>0x2ed9</value>
         <object_component_ref idref="oc-1c4"/>
      </symbol>
      <symbol id="sm-2cf">
         <name>__TI_auto_init_nobinit_nopinit</name>
         <value>0x2bb5</value>
         <object_component_ref idref="oc-9c"/>
      </symbol>
      <symbol id="sm-2d7">
         <name>_system_pre_init</name>
         <value>0x33f3</value>
         <object_component_ref idref="oc-69"/>
      </symbol>
      <symbol id="sm-2e8">
         <name>HOSTexit</name>
         <value>0x33eb</value>
         <object_component_ref idref="oc-e3"/>
      </symbol>
      <symbol id="sm-2e9">
         <name>C$$EXIT</name>
         <value>0x33ea</value>
         <object_component_ref idref="oc-e3"/>
      </symbol>
      <symbol id="sm-2fe">
         <name>__aeabi_fadd</name>
         <value>0x1e9b</value>
         <object_component_ref idref="oc-b1"/>
      </symbol>
      <symbol id="sm-2ff">
         <name>__addsf3</name>
         <value>0x1e9b</value>
         <object_component_ref idref="oc-b1"/>
      </symbol>
      <symbol id="sm-300">
         <name>__aeabi_fsub</name>
         <value>0x1e91</value>
         <object_component_ref idref="oc-b1"/>
      </symbol>
      <symbol id="sm-301">
         <name>__subsf3</name>
         <value>0x1e91</value>
         <object_component_ref idref="oc-b1"/>
      </symbol>
      <symbol id="sm-307">
         <name>__aeabi_dadd</name>
         <value>0x1603</value>
         <object_component_ref idref="oc-15e"/>
      </symbol>
      <symbol id="sm-308">
         <name>__adddf3</name>
         <value>0x1603</value>
         <object_component_ref idref="oc-15e"/>
      </symbol>
      <symbol id="sm-309">
         <name>__aeabi_dsub</name>
         <value>0x15f9</value>
         <object_component_ref idref="oc-15e"/>
      </symbol>
      <symbol id="sm-30a">
         <name>__subdf3</name>
         <value>0x15f9</value>
         <object_component_ref idref="oc-15e"/>
      </symbol>
      <symbol id="sm-313">
         <name>__aeabi_dmul</name>
         <value>0x1cd5</value>
         <object_component_ref idref="oc-15a"/>
      </symbol>
      <symbol id="sm-314">
         <name>__muldf3</name>
         <value>0x1cd5</value>
         <object_component_ref idref="oc-15a"/>
      </symbol>
      <symbol id="sm-31a">
         <name>__muldsi3</name>
         <value>0x2c2d</value>
         <object_component_ref idref="oc-19f"/>
      </symbol>
      <symbol id="sm-320">
         <name>__aeabi_ddiv</name>
         <value>0x19e9</value>
         <object_component_ref idref="oc-16f"/>
      </symbol>
      <symbol id="sm-321">
         <name>__divdf3</name>
         <value>0x19e9</value>
         <object_component_ref idref="oc-16f"/>
      </symbol>
      <symbol id="sm-327">
         <name>__aeabi_f2d</name>
         <value>0x2a7d</value>
         <object_component_ref idref="oc-b5"/>
      </symbol>
      <symbol id="sm-328">
         <name>__extendsfdf2</name>
         <value>0x2a7d</value>
         <object_component_ref idref="oc-b5"/>
      </symbol>
      <symbol id="sm-32e">
         <name>__aeabi_d2iz</name>
         <value>0x2965</value>
         <object_component_ref idref="oc-1f9"/>
      </symbol>
      <symbol id="sm-32f">
         <name>__fixdfsi</name>
         <value>0x2965</value>
         <object_component_ref idref="oc-1f9"/>
      </symbol>
      <symbol id="sm-335">
         <name>__aeabi_i2d</name>
         <value>0x2d29</value>
         <object_component_ref idref="oc-201"/>
      </symbol>
      <symbol id="sm-336">
         <name>__floatsidf</name>
         <value>0x2d29</value>
         <object_component_ref idref="oc-201"/>
      </symbol>
      <symbol id="sm-33c">
         <name>__aeabi_ui2d</name>
         <value>0x2e91</value>
         <object_component_ref idref="oc-18c"/>
      </symbol>
      <symbol id="sm-33d">
         <name>__floatunsidf</name>
         <value>0x2e91</value>
         <object_component_ref idref="oc-18c"/>
      </symbol>
      <symbol id="sm-343">
         <name>__aeabi_lmul</name>
         <value>0x2eb5</value>
         <object_component_ref idref="oc-1d3"/>
      </symbol>
      <symbol id="sm-344">
         <name>__muldi3</name>
         <value>0x2eb5</value>
         <object_component_ref idref="oc-1d3"/>
      </symbol>
      <symbol id="sm-34b">
         <name>__aeabi_d2f</name>
         <value>0x2301</value>
         <object_component_ref idref="oc-c2"/>
      </symbol>
      <symbol id="sm-34c">
         <name>__truncdfsf2</name>
         <value>0x2301</value>
         <object_component_ref idref="oc-c2"/>
      </symbol>
      <symbol id="sm-352">
         <name>__aeabi_dcmpeq</name>
         <value>0x2445</value>
         <object_component_ref idref="oc-162"/>
      </symbol>
      <symbol id="sm-353">
         <name>__aeabi_dcmplt</name>
         <value>0x2459</value>
         <object_component_ref idref="oc-162"/>
      </symbol>
      <symbol id="sm-354">
         <name>__aeabi_dcmple</name>
         <value>0x246d</value>
         <object_component_ref idref="oc-162"/>
      </symbol>
      <symbol id="sm-355">
         <name>__aeabi_dcmpge</name>
         <value>0x2481</value>
         <object_component_ref idref="oc-162"/>
      </symbol>
      <symbol id="sm-356">
         <name>__aeabi_dcmpgt</name>
         <value>0x2495</value>
         <object_component_ref idref="oc-162"/>
      </symbol>
      <symbol id="sm-35f">
         <name>__aeabi_fcmpeq</name>
         <value>0x24a9</value>
         <object_component_ref idref="oc-ba"/>
      </symbol>
      <symbol id="sm-360">
         <name>__aeabi_fcmplt</name>
         <value>0x24bd</value>
         <object_component_ref idref="oc-ba"/>
      </symbol>
      <symbol id="sm-361">
         <name>__aeabi_fcmple</name>
         <value>0x24d1</value>
         <object_component_ref idref="oc-ba"/>
      </symbol>
      <symbol id="sm-362">
         <name>__aeabi_fcmpge</name>
         <value>0x24e5</value>
         <object_component_ref idref="oc-ba"/>
      </symbol>
      <symbol id="sm-363">
         <name>__aeabi_fcmpgt</name>
         <value>0x24f9</value>
         <object_component_ref idref="oc-ba"/>
      </symbol>
      <symbol id="sm-369">
         <name>__aeabi_idiv</name>
         <value>0x2789</value>
         <object_component_ref idref="oc-216"/>
      </symbol>
      <symbol id="sm-36a">
         <name>__aeabi_idivmod</name>
         <value>0x2789</value>
         <object_component_ref idref="oc-216"/>
      </symbol>
      <symbol id="sm-370">
         <name>__aeabi_memcpy</name>
         <value>0x33d9</value>
         <object_component_ref idref="oc-46"/>
      </symbol>
      <symbol id="sm-371">
         <name>__aeabi_memcpy4</name>
         <value>0x33d9</value>
         <object_component_ref idref="oc-46"/>
      </symbol>
      <symbol id="sm-372">
         <name>__aeabi_memcpy8</name>
         <value>0x33d9</value>
         <object_component_ref idref="oc-46"/>
      </symbol>
      <symbol id="sm-379">
         <name>__aeabi_memset</name>
         <value>0x3311</value>
         <object_component_ref idref="oc-1c3"/>
      </symbol>
      <symbol id="sm-37a">
         <name>__aeabi_memset4</name>
         <value>0x3311</value>
         <object_component_ref idref="oc-1c3"/>
      </symbol>
      <symbol id="sm-37b">
         <name>__aeabi_memset8</name>
         <value>0x3311</value>
         <object_component_ref idref="oc-1c3"/>
      </symbol>
      <symbol id="sm-381">
         <name>__aeabi_uidiv</name>
         <value>0x2a3d</value>
         <object_component_ref idref="oc-188"/>
      </symbol>
      <symbol id="sm-382">
         <name>__aeabi_uidivmod</name>
         <value>0x2a3d</value>
         <object_component_ref idref="oc-188"/>
      </symbol>
      <symbol id="sm-388">
         <name>__aeabi_uldivmod</name>
         <value>0x3239</value>
         <object_component_ref idref="oc-1d8"/>
      </symbol>
      <symbol id="sm-391">
         <name>__eqsf2</name>
         <value>0x2bf1</value>
         <object_component_ref idref="oc-102"/>
      </symbol>
      <symbol id="sm-392">
         <name>__lesf2</name>
         <value>0x2bf1</value>
         <object_component_ref idref="oc-102"/>
      </symbol>
      <symbol id="sm-393">
         <name>__ltsf2</name>
         <value>0x2bf1</value>
         <object_component_ref idref="oc-102"/>
      </symbol>
      <symbol id="sm-394">
         <name>__nesf2</name>
         <value>0x2bf1</value>
         <object_component_ref idref="oc-102"/>
      </symbol>
      <symbol id="sm-395">
         <name>__cmpsf2</name>
         <value>0x2bf1</value>
         <object_component_ref idref="oc-102"/>
      </symbol>
      <symbol id="sm-396">
         <name>__gtsf2</name>
         <value>0x2b79</value>
         <object_component_ref idref="oc-107"/>
      </symbol>
      <symbol id="sm-397">
         <name>__gesf2</name>
         <value>0x2b79</value>
         <object_component_ref idref="oc-107"/>
      </symbol>
      <symbol id="sm-39d">
         <name>__udivmoddi4</name>
         <value>0x1f69</value>
         <object_component_ref idref="oc-1f0"/>
      </symbol>
      <symbol id="sm-3a3">
         <name>__aeabi_llsl</name>
         <value>0x2f7d</value>
         <object_component_ref idref="oc-20d"/>
      </symbol>
      <symbol id="sm-3a4">
         <name>__ashldi3</name>
         <value>0x2f7d</value>
         <object_component_ref idref="oc-20d"/>
      </symbol>
      <symbol id="sm-3b2">
         <name>__ledf2</name>
         <value>0x2375</value>
         <object_component_ref idref="oc-1a5"/>
      </symbol>
      <symbol id="sm-3b3">
         <name>__gedf2</name>
         <value>0x2285</value>
         <object_component_ref idref="oc-1ab"/>
      </symbol>
      <symbol id="sm-3b4">
         <name>__cmpdf2</name>
         <value>0x2375</value>
         <object_component_ref idref="oc-1a5"/>
      </symbol>
      <symbol id="sm-3b5">
         <name>__eqdf2</name>
         <value>0x2375</value>
         <object_component_ref idref="oc-1a5"/>
      </symbol>
      <symbol id="sm-3b6">
         <name>__ltdf2</name>
         <value>0x2375</value>
         <object_component_ref idref="oc-1a5"/>
      </symbol>
      <symbol id="sm-3b7">
         <name>__nedf2</name>
         <value>0x2375</value>
         <object_component_ref idref="oc-1a5"/>
      </symbol>
      <symbol id="sm-3b8">
         <name>__gtdf2</name>
         <value>0x2285</value>
         <object_component_ref idref="oc-1ab"/>
      </symbol>
      <symbol id="sm-3c4">
         <name>__aeabi_idiv0</name>
         <value>0x178b</value>
         <object_component_ref idref="oc-1b8"/>
      </symbol>
      <symbol id="sm-3c5">
         <name>__aeabi_ldiv0</name>
         <value>0x200b</value>
         <object_component_ref idref="oc-20c"/>
      </symbol>
      <symbol id="sm-3cf">
         <name>TI_memcpy_small</name>
         <value>0x329b</value>
         <object_component_ref idref="oc-85"/>
      </symbol>
      <symbol id="sm-3d8">
         <name>TI_memset_small</name>
         <value>0x332d</value>
         <object_component_ref idref="oc-cf"/>
      </symbol>
      <symbol id="sm-3d9">
         <name>__TI_static_base__</name>
         <value>0x0</value>
      </symbol>
      <symbol id="sm-3dd">
         <name>__mpu_init</name>
         <value>0x0</value>
      </symbol>
      <symbol id="sm-3de">
         <name>_system_post_cinit</name>
         <value>0x0</value>
      </symbol>
   </symbol_table>
   <title>Link successful</title>
</link_info>
