******************************************************************************
            TI ARM Clang Linker PC v4.0.0                      
******************************************************************************
>> Linked Fri May  2 11:43:10 2025

OUTPUT FILE NAME:   <tjc_usart_hmi.out>
ENTRY POINT SYMBOL: "_c_int00_noargs"  address: 00002095


MEMORY CONFIGURATION

         name            origin    length      used     unused   attr    fill
----------------------  --------  ---------  --------  --------  ----  --------
  FLASH                 00000000   00020000  000023d8  0001dc28  R  X
  SRAM                  20200000   00008000  000003ff  00007c01  RW X
  BCR_CONFIG            41c00000   00000080  00000000  00000080  R   
  BSL_CONFIG            41c00100   00000080  00000000  00000080  R   


SEGMENT ALLOCATION MAP

run origin  load origin   length   init length attrs members
----------  ----------- ---------- ----------- ----- -------
00000000    00000000    00002258   00002258    r-x
  00000000    00000000    000000c0   000000c0    r-- .intvecs
  000000c0    000000c0    00002198   00002198    r-x .text
00002260    00002260    00000180   00000180    r--
  00002260    00002260    00000150   00000150    r-- .rodata
  000023b0    000023b0    00000030   00000030    r-- .cinit
20200000    20200000    00000201   00000000    rw-
  20200000    20200000    000001fa   00000000    rw- .bss
  202001fc    202001fc    00000005   00000000    rw- .data
20207e00    20207e00    00000200   00000000    rw-
  20207e00    20207e00    00000200   00000000    rw- .stack


SECTION ALLOCATION MAP

 output                                  attributes/
section   page    origin      length       input sections
--------  ----  ----------  ----------   ----------------
.intvecs   0    00000000    000000c0     
                  00000000    000000c0     startup_mspm0g350x_ticlang.o (.intvecs)

.text      0    000000c0    00002198     
                  000000c0    000009d0     libc.a : _printfi.c.obj (.text:__TI_printfi)
                  00000a90    00000220            : _printfi.c.obj (.text._pconv_a)
                  00000cb0    000001dc            : _printfi.c.obj (.text._pconv_g)
                  00000e8c    00000192     libclang_rt.builtins.a : adddf3.S.obj (.text.adddf3_subdf3)
                  0000101e    00000002     startup_mspm0g350x_ticlang.o (.text.Default_Handler)
                  00001020    0000013c     libc.a : _printfi.c.obj (.text.fcvt)
                  0000115c    0000012c     tjc_usart_hmi.o (.text.TJCPrintf)
                  00001288    00000120     libc.a : _printfi.c.obj (.text._pconv_e)
                  000013a8    0000010c     libclang_rt.builtins.a : divdf3.S.obj (.text.__divdf3)
                  000014b4    000000e4                            : muldf3.S.obj (.text.__muldf3)
                  00001598    000000d8     libc.a : s_scalbn.c.obj (.text.scalbn)
                  00001670    000000c0     empty.o (.text.main)
                  00001730    000000a2     libclang_rt.builtins.a : udivmoddi4.S.obj (.text)
                  000017d2    0000009a     libc.a : memcpy16.S.obj (.text:memcpy)
                  0000186c    0000007c            : copy_decompress_lzss.c.obj (.text:decompress:lzss)
                  000018e8    00000074     libclang_rt.builtins.a : comparedf2.c.obj (.text.__gedf2)
                  0000195c    00000070     ti_msp_dl_config.o (.text.SYSCFG_DL_UART_0_init)
                  000019cc    00000068     libclang_rt.builtins.a : comparedf2.c.obj (.text.__ledf2)
                  00001a34    00000066     libc.a : _printfi.c.obj (.text._mcpy)
                  00001a9a    00000002     libclang_rt.builtins.a : aeabi_div0.c.obj (.text.__aeabi_idiv0)
                  00001a9c    00000062                            : aeabi_dcmp.S.obj (.text.__aeabi_dcmp)
                  00001afe    00000062     libc.a : memset16.S.obj (.text:memset)
                  00001b60    0000005c            : s_frexp.c.obj (.text.frexp)
                  00001bbc    00000058            : _ltoa.c.obj (.text.__TI_ltoa)
                  00001c14    00000058            : _printfi.c.obj (.text._pconv_f)
                  00001c6c    00000056     libclang_rt.builtins.a : aeabi_idivmod.S.obj (.text.__aeabi_idivmod)
                  00001cc2    00000052     libc.a : _printfi.c.obj (.text._ecpy)
                  00001d14    0000004a     libclang_rt.builtins.a : fixdfsi.S.obj (.text.__fixdfsi)
                  00001d5e    00000002                            : aeabi_div0.c.obj (.text.__aeabi_ldiv0)
                  00001d60    00000048     driverlib.a : dl_uart.o (.text.DL_UART_init)
                  00001da8    00000040     ti_msp_dl_config.o (.text.SYSCFG_DL_SYSCTL_init)
                  00001de8    00000040     libclang_rt.builtins.a : aeabi_uidivmod.S.obj (.text.__aeabi_uidivmod)
                  00001e28    00000040     libc.a : atoi.c.obj (.text.atoi)
                  00001e68    00000040            : vsnprintf.c.obj (.text.vsnprintf)
                  00001ea8    0000003c     tjc_usart_hmi.o (.text.deleteRingBuff)
                  00001ee4    0000003c     libc.a : autoinit.c.obj (.text:__TI_auto_init_nobinit_nopinit)
                  00001f20    0000003a     libclang_rt.builtins.a : muldsi3.S.obj (.text.__muldsi3)
                  00001f5a    00000002     --HOLE-- [fill = 0]
                  00001f5c    00000034     ti_msp_dl_config.o (.text.SYSCFG_DL_initPower)
                  00001f90    00000030     libc.a : _printfi.c.obj (.text._fcpy)
                  00001fc0    00000030            : vsnprintf.c.obj (.text._outs)
                  00001ff0    0000002c     libclang_rt.builtins.a : floatsidf.S.obj (.text.__floatsidf)
                  0000201c    00000028     ti_msp_dl_config.o (.text.SYSCFG_DL_GPIO_init)
                  00002044    00000028     empty.o (.text.UART0_IRQHandler)
                  0000206c    00000028     tjc_usart_hmi.o (.text.writeRingBuff)
                  00002094    00000028     libc.a : boot_cortex_m.c.obj (.text:_c_int00_noargs)
                  000020bc    00000024     libclang_rt.builtins.a : muldi3.S.obj (.text.__muldi3)
                  000020e0    00000022     libc.a : memccpy.c.obj (.text.memccpy)
                  00002102    00000002     --HOLE-- [fill = 0]
                  00002104    0000001e     libclang_rt.builtins.a : ashldi3.S.obj (.text.__ashldi3)
                  00002122    00000002     --HOLE-- [fill = 0]
                  00002124    0000001c     tjc_usart_hmi.o (.text.read1BFromRingBuff)
                  00002140    00000018     libc.a : vsnprintf.c.obj (.text._outc)
                  00002158    00000016            : copy_zero_init.c.obj (.text:decompress:ZI:__TI_zero_init_nomemset)
                  0000216e    00000014     ti_msp_dl_config.o (.text.SYSCFG_DL_init)
                  00002182    00000002     --HOLE-- [fill = 0]
                  00002184    00000014     libclang_rt.builtins.a : aeabi_uldivmod.S.obj (.text.__aeabi_uldivmod)
                  00002198    00000014     libc.a : _printfi.c.obj (.text.strchr)
                  000021ac    00000012     driverlib.a : dl_uart.o (.text.DL_UART_setClockConfig)
                  000021be    00000012     libc.a : copy_decompress_none.c.obj (.text:decompress:none)
                  000021d0    00000010            : wcslen.c.obj (.text.wcslen)
                  000021e0    0000000e     libclang_rt.builtins.a : aeabi_memset.S.obj (.text.__aeabi_memset)
                  000021ee    0000000e     libc.a : _printfi.c.obj (.text.strlen)
                  000021fc    0000000c     tjc_usart_hmi.o (.text.getRingBuffLenght)
                  00002208    0000000a     driverlib.a : dl_common.o (.text.DL_Common_delayCycles)
                  00002212    0000000a     libc.a : _printfi.c.obj (.text.OUTLINED_FUNCTION_0)
                  0000221c    00000010     libclang_rt.builtins.a : adddf3.S.obj (.tramp.__aeabi_dsub.1)
                  0000222c    0000000a     libc.a : _printfi.c.obj (.text.OUTLINED_FUNCTION_1)
                  00002236    00000002     --HOLE-- [fill = 0]
                  00002238    00000008            : aeabi_portable.c.obj (.text.__aeabi_errno_addr)
                  00002240    00000008     libclang_rt.builtins.a : aeabi_memcpy.S.obj (.text.__aeabi_memcpy)
                  00002248    00000004     startup_mspm0g350x_ticlang.o (.text.Reset_Handler)
                  0000224c    00000004     libc.a : pre_init.c.obj (.text._system_pre_init)
                  00002250    00000004            : exit.c.obj (.text:abort)
                  00002254    00000004     --HOLE-- [fill = 0]

.cinit     0    000023b0    00000030     
                  000023b0    0000000c     (__TI_handler_table)
                  000023bc    00000008     (.cinit..bss.load) [load image, compression = zero_init]
                  000023c4    00000007     (.cinit..data.load) [load image, compression = lzss]
                  000023cb    00000001     --HOLE-- [fill = 0]
                  000023cc    00000010     (__TI_cinit_table)
                  000023dc    00000004     --HOLE-- [fill = 0]

.rodata    0    00002260    00000150     
                  00002260    00000101     libc.a : aeabi_ctype.S.obj (.rodata:__aeabi_ctype_table_)
                  00002361    00000011            : _printfi.c.obj (.rodata.str1.103488685894817597201)
                  00002372    00000011            : _printfi.c.obj (.rodata.str1.153638888446227384661)
                  00002383    00000001     --HOLE-- [fill = 0]
                  00002384    0000000a     ti_msp_dl_config.o (.rodata.gUART_0Config)
                  0000238e    00000009     empty.o (.rodata.str1.176633223477948356601)
                  00002397    00000007     empty.o (.rodata.str1.100506750686581518081)
                  0000239e    00000004     empty.o (.rodata.str1.8167968867256355221)
                  000023a2    00000002     ti_msp_dl_config.o (.rodata.gUART_0ClockConfig)
                  000023a4    0000000c     --HOLE-- [fill = 0]

.init_array 
*          0    00000000    00000000     UNINITIALIZED

.binit     0    00000000    00000000     

.bss       0    20200000    000001fa     UNINITIALIZED
                  20200000    000001fa     (.common:ringBuff)

.data      0    202001fc    00000005     UNINITIALIZED
                  202001fc    00000004     libc.a : aeabi_portable.c.obj (.data.__aeabi_errno)
                  20200200    00000001     empty.o (.data.uart_data)

.stack     0    20207e00    00000200     UNINITIALIZED
                  20207e00    00000004     libc.a : boot_cortex_m.c.obj (.stack)
                  20207e04    000001fc     --HOLE--

__llvm_prf_cnts 
*          0    20200000    00000000     UNINITIALIZED

__llvm_prf_bits 
*          0    20200000    00000000     UNINITIALIZED

MODULE SUMMARY

       Module                         code   ro data   rw data
       ------                         ----   -------   -------
    .\
       tjc_usart_hmi.o                440    0         506    
       ti_msp_dl_config.o             288    12        0      
       empty.o                        232    20        1      
       startup_mspm0g350x_ticlang.o   6      192       0      
    +--+------------------------------+------+---------+---------+
       Total:                         966    224       507    
                                                              
    D:/ti/mspm0_sdk_2_02_00_05/source/ti/driverlib/lib/ticlang/m0p/mspm0g1x0x_g3x0x/driverlib.a
       dl_uart.o                      90     0         0      
       dl_common.o                    10     0         0      
    +--+------------------------------+------+---------+---------+
       Total:                         100    0         0      
                                                              
    D:\ti\CCSTheia\ccstheia\ccs\tools\compiler\ti-cgt-armllvm_4.0.0.LTS\lib\armv6m-ti-none-eabi/c/libc.a
       _printfi.c.obj                 4510   34        0      
       aeabi_ctype.S.obj              0      257       0      
       s_scalbn.c.obj                 216    0         0      
       memcpy16.S.obj                 154    0         0      
       vsnprintf.c.obj                136    0         0      
       copy_decompress_lzss.c.obj     124    0         0      
       memset16.S.obj                 98     0         0      
       s_frexp.c.obj                  92     0         0      
       _ltoa.c.obj                    88     0         0      
       atoi.c.obj                     64     0         0      
       autoinit.c.obj                 60     0         0      
       boot_cortex_m.c.obj            40     0         0      
       memccpy.c.obj                  34     0         0      
       copy_zero_init.c.obj           22     0         0      
       copy_decompress_none.c.obj     18     0         0      
       wcslen.c.obj                   16     0         0      
       aeabi_portable.c.obj           8      0         4      
       exit.c.obj                     4      0         0      
       pre_init.c.obj                 4      0         0      
    +--+------------------------------+------+---------+---------+
       Total:                         5688   291       4      
                                                              
    D:\ti\CCSTheia\ccstheia\ccs\tools\compiler\ti-cgt-armllvm_4.0.0.LTS\lib\armv6m-ti-none-eabi/libclang_rt.builtins.a
       adddf3.S.obj                   418    0         0      
       divdf3.S.obj                   268    0         0      
       muldf3.S.obj                   228    0         0      
       comparedf2.c.obj               220    0         0      
       udivmoddi4.S.obj               162    0         0      
       aeabi_dcmp.S.obj               98     0         0      
       aeabi_idivmod.S.obj            86     0         0      
       fixdfsi.S.obj                  74     0         0      
       aeabi_uidivmod.S.obj           64     0         0      
       muldsi3.S.obj                  58     0         0      
       floatsidf.S.obj                44     0         0      
       muldi3.S.obj                   36     0         0      
       ashldi3.S.obj                  30     0         0      
       aeabi_uldivmod.S.obj           20     0         0      
       aeabi_memset.S.obj             14     0         0      
       aeabi_memcpy.S.obj             8      0         0      
       aeabi_div0.c.obj               4      0         0      
    +--+------------------------------+------+---------+---------+
       Total:                         1832   0         0      
                                                              
       Stack:                         0      0         512    
       Linker Generated:              0      43        0      
    +--+------------------------------+------+---------+---------+
       Grand Total:                   8586   558       1023   


LINKER GENERATED COPY TABLES

__TI_cinit_table @ 000023cc records: 2, size/record: 8, table size: 16
	.bss: load addr=000023bc, load size=00000008 bytes, run addr=20200000, run size=000001fa bytes, compression=zero_init
	.data: load addr=000023c4, load size=00000007 bytes, run addr=202001fc, run size=00000005 bytes, compression=lzss


LINKER GENERATED HANDLER TABLE

__TI_handler_table @ 000023b0 records: 3, size/record: 4, table size: 12
	index: 0, handler: __TI_decompress_lzss
	index: 1, handler: __TI_decompress_none
	index: 2, handler: __TI_zero_init


FAR CALL TRAMPOLINES

callee name               trampoline name
   callee addr  tramp addr   call addr  call info
--------------  -----------  ---------  ----------------
__aeabi_dsub              $Tramp$TT$L$PI$$__aeabi_dsub
   00000e8d     0000221c     0000221a   libc.a : _printfi.c.obj (.text.OUTLINED_FUNCTION_0)

[1 trampolines]
[1 trampoline calls]


GLOBAL SYMBOLS: SORTED ALPHABETICALLY BY Name 

address   name                          
-------   ----                          
0000101f  ADC0_IRQHandler               
0000101f  ADC1_IRQHandler               
0000101f  AES_IRQHandler                
00002250  C$$EXIT                       
0000101f  CANFD0_IRQHandler             
0000101f  DAC0_IRQHandler               
00002209  DL_Common_delayCycles         
00001d61  DL_UART_init                  
000021ad  DL_UART_setClockConfig        
0000101f  DMA_IRQHandler                
0000101f  Default_Handler               
0000101f  GROUP0_IRQHandler             
0000101f  GROUP1_IRQHandler             
0000101f  HardFault_Handler             
0000101f  I2C0_IRQHandler               
0000101f  I2C1_IRQHandler               
0000101f  NMI_Handler                   
0000101f  PendSV_Handler                
0000101f  RTC_IRQHandler                
00002249  Reset_Handler                 
0000101f  SPI0_IRQHandler               
0000101f  SPI1_IRQHandler               
0000101f  SVC_Handler                   
0000201d  SYSCFG_DL_GPIO_init           
00001da9  SYSCFG_DL_SYSCTL_init         
0000195d  SYSCFG_DL_UART_0_init         
0000216f  SYSCFG_DL_init                
00001f5d  SYSCFG_DL_initPower           
0000101f  SysTick_Handler               
0000101f  TIMA0_IRQHandler              
0000101f  TIMA1_IRQHandler              
0000101f  TIMG0_IRQHandler              
0000101f  TIMG12_IRQHandler             
0000101f  TIMG6_IRQHandler              
0000101f  TIMG7_IRQHandler              
0000101f  TIMG8_IRQHandler              
0000115d  TJCPrintf                     
00002045  UART0_IRQHandler              
0000101f  UART1_IRQHandler              
0000101f  UART2_IRQHandler              
0000101f  UART3_IRQHandler              
20208000  __STACK_END                   
00000200  __STACK_SIZE                  
00000000  __TI_ATRegion0_region_sz      
00000000  __TI_ATRegion0_src_addr       
00000000  __TI_ATRegion0_trg_addr       
00000000  __TI_ATRegion1_region_sz      
00000000  __TI_ATRegion1_src_addr       
00000000  __TI_ATRegion1_trg_addr       
00000000  __TI_ATRegion2_region_sz      
00000000  __TI_ATRegion2_src_addr       
00000000  __TI_ATRegion2_trg_addr       
000023cc  __TI_CINIT_Base               
000023dc  __TI_CINIT_Limit              
000023dc  __TI_CINIT_Warm               
000023b0  __TI_Handler_Table_Base       
000023bc  __TI_Handler_Table_Limit      
00001ee5  __TI_auto_init_nobinit_nopinit
0000186d  __TI_decompress_lzss          
000021bf  __TI_decompress_none          
00001bbd  __TI_ltoa                     
ffffffff  __TI_pprof_out_hndl           
000000c1  __TI_printfi                  
ffffffff  __TI_prof_data_size           
ffffffff  __TI_prof_data_start          
00000000  __TI_static_base__            
00002159  __TI_zero_init_nomemset       
00000e97  __adddf3                      
00002260  __aeabi_ctype_table_          
00002260  __aeabi_ctype_table_C         
00001d15  __aeabi_d2iz                  
00000e97  __aeabi_dadd                  
00001a9d  __aeabi_dcmpeq                
00001ad9  __aeabi_dcmpge                
00001aed  __aeabi_dcmpgt                
00001ac5  __aeabi_dcmple                
00001ab1  __aeabi_dcmplt                
000013a9  __aeabi_ddiv                  
000014b5  __aeabi_dmul                  
00000e8d  __aeabi_dsub                  
202001fc  __aeabi_errno                 
00002239  __aeabi_errno_addr            
00001ff1  __aeabi_i2d                   
00001c6d  __aeabi_idiv                  
00001a9b  __aeabi_idiv0                 
00001c6d  __aeabi_idivmod               
00001d5f  __aeabi_ldiv0                 
00002105  __aeabi_llsl                  
000020bd  __aeabi_lmul                  
00002241  __aeabi_memcpy                
00002241  __aeabi_memcpy4               
00002241  __aeabi_memcpy8               
000021e1  __aeabi_memset                
000021e1  __aeabi_memset4               
000021e1  __aeabi_memset8               
00001de9  __aeabi_uidiv                 
00001de9  __aeabi_uidivmod              
00002185  __aeabi_uldivmod              
00002105  __ashldi3                     
ffffffff  __binit__                     
000019cd  __cmpdf2                      
000013a9  __divdf3                      
000019cd  __eqdf2                       
00001d15  __fixdfsi                     
00001ff1  __floatsidf                   
000018e9  __gedf2                       
000018e9  __gtdf2                       
000019cd  __ledf2                       
000019cd  __ltdf2                       
UNDEFED   __mpu_init                    
000014b5  __muldf3                      
000020bd  __muldi3                      
00001f21  __muldsi3                     
000019cd  __nedf2                       
20207e00  __stack                       
20200000  __start___llvm_prf_bits       
20200000  __start___llvm_prf_cnts       
20200000  __stop___llvm_prf_bits        
20200000  __stop___llvm_prf_cnts        
00000e8d  __subdf3                      
00001731  __udivmoddi4                  
00002095  _c_int00_noargs               
UNDEFED   _system_post_cinit            
0000224d  _system_pre_init              
00002251  abort                         
00001e29  atoi                          
ffffffff  binit                         
00001ea9  deleteRingBuff                
00001b61  frexp                         
00001b61  frexpl                        
000021fd  getRingBuffLenght             
00000000  interruptVectors              
00001599  ldexp                         
00001599  ldexpl                        
00001671  main                          
000020e1  memccpy                       
000017d3  memcpy                        
00001aff  memset                        
00002125  read1BFromRingBuff            
20200000  ringBuff                      
00001599  scalbn                        
00001599  scalbnl                       
20200200  uart_data                     
00001e69  vsnprintf                     
000021d1  wcslen                        
0000206d  writeRingBuff                 


GLOBAL SYMBOLS: SORTED BY Symbol Address 

address   name                          
-------   ----                          
00000000  __TI_ATRegion0_region_sz      
00000000  __TI_ATRegion0_src_addr       
00000000  __TI_ATRegion0_trg_addr       
00000000  __TI_ATRegion1_region_sz      
00000000  __TI_ATRegion1_src_addr       
00000000  __TI_ATRegion1_trg_addr       
00000000  __TI_ATRegion2_region_sz      
00000000  __TI_ATRegion2_src_addr       
00000000  __TI_ATRegion2_trg_addr       
00000000  __TI_static_base__            
00000000  interruptVectors              
000000c1  __TI_printfi                  
00000200  __STACK_SIZE                  
00000e8d  __aeabi_dsub                  
00000e8d  __subdf3                      
00000e97  __adddf3                      
00000e97  __aeabi_dadd                  
0000101f  ADC0_IRQHandler               
0000101f  ADC1_IRQHandler               
0000101f  AES_IRQHandler                
0000101f  CANFD0_IRQHandler             
0000101f  DAC0_IRQHandler               
0000101f  DMA_IRQHandler                
0000101f  Default_Handler               
0000101f  GROUP0_IRQHandler             
0000101f  GROUP1_IRQHandler             
0000101f  HardFault_Handler             
0000101f  I2C0_IRQHandler               
0000101f  I2C1_IRQHandler               
0000101f  NMI_Handler                   
0000101f  PendSV_Handler                
0000101f  RTC_IRQHandler                
0000101f  SPI0_IRQHandler               
0000101f  SPI1_IRQHandler               
0000101f  SVC_Handler                   
0000101f  SysTick_Handler               
0000101f  TIMA0_IRQHandler              
0000101f  TIMA1_IRQHandler              
0000101f  TIMG0_IRQHandler              
0000101f  TIMG12_IRQHandler             
0000101f  TIMG6_IRQHandler              
0000101f  TIMG7_IRQHandler              
0000101f  TIMG8_IRQHandler              
0000101f  UART1_IRQHandler              
0000101f  UART2_IRQHandler              
0000101f  UART3_IRQHandler              
0000115d  TJCPrintf                     
000013a9  __aeabi_ddiv                  
000013a9  __divdf3                      
000014b5  __aeabi_dmul                  
000014b5  __muldf3                      
00001599  ldexp                         
00001599  ldexpl                        
00001599  scalbn                        
00001599  scalbnl                       
00001671  main                          
00001731  __udivmoddi4                  
000017d3  memcpy                        
0000186d  __TI_decompress_lzss          
000018e9  __gedf2                       
000018e9  __gtdf2                       
0000195d  SYSCFG_DL_UART_0_init         
000019cd  __cmpdf2                      
000019cd  __eqdf2                       
000019cd  __ledf2                       
000019cd  __ltdf2                       
000019cd  __nedf2                       
00001a9b  __aeabi_idiv0                 
00001a9d  __aeabi_dcmpeq                
00001ab1  __aeabi_dcmplt                
00001ac5  __aeabi_dcmple                
00001ad9  __aeabi_dcmpge                
00001aed  __aeabi_dcmpgt                
00001aff  memset                        
00001b61  frexp                         
00001b61  frexpl                        
00001bbd  __TI_ltoa                     
00001c6d  __aeabi_idiv                  
00001c6d  __aeabi_idivmod               
00001d15  __aeabi_d2iz                  
00001d15  __fixdfsi                     
00001d5f  __aeabi_ldiv0                 
00001d61  DL_UART_init                  
00001da9  SYSCFG_DL_SYSCTL_init         
00001de9  __aeabi_uidiv                 
00001de9  __aeabi_uidivmod              
00001e29  atoi                          
00001e69  vsnprintf                     
00001ea9  deleteRingBuff                
00001ee5  __TI_auto_init_nobinit_nopinit
00001f21  __muldsi3                     
00001f5d  SYSCFG_DL_initPower           
00001ff1  __aeabi_i2d                   
00001ff1  __floatsidf                   
0000201d  SYSCFG_DL_GPIO_init           
00002045  UART0_IRQHandler              
0000206d  writeRingBuff                 
00002095  _c_int00_noargs               
000020bd  __aeabi_lmul                  
000020bd  __muldi3                      
000020e1  memccpy                       
00002105  __aeabi_llsl                  
00002105  __ashldi3                     
00002125  read1BFromRingBuff            
00002159  __TI_zero_init_nomemset       
0000216f  SYSCFG_DL_init                
00002185  __aeabi_uldivmod              
000021ad  DL_UART_setClockConfig        
000021bf  __TI_decompress_none          
000021d1  wcslen                        
000021e1  __aeabi_memset                
000021e1  __aeabi_memset4               
000021e1  __aeabi_memset8               
000021fd  getRingBuffLenght             
00002209  DL_Common_delayCycles         
00002239  __aeabi_errno_addr            
00002241  __aeabi_memcpy                
00002241  __aeabi_memcpy4               
00002241  __aeabi_memcpy8               
00002249  Reset_Handler                 
0000224d  _system_pre_init              
00002250  C$$EXIT                       
00002251  abort                         
00002260  __aeabi_ctype_table_          
00002260  __aeabi_ctype_table_C         
000023b0  __TI_Handler_Table_Base       
000023bc  __TI_Handler_Table_Limit      
000023cc  __TI_CINIT_Base               
000023dc  __TI_CINIT_Limit              
000023dc  __TI_CINIT_Warm               
20200000  __start___llvm_prf_bits       
20200000  __start___llvm_prf_cnts       
20200000  __stop___llvm_prf_bits        
20200000  __stop___llvm_prf_cnts        
20200000  ringBuff                      
202001fc  __aeabi_errno                 
20200200  uart_data                     
20207e00  __stack                       
20208000  __STACK_END                   
ffffffff  __TI_pprof_out_hndl           
ffffffff  __TI_prof_data_size           
ffffffff  __TI_prof_data_start          
ffffffff  __binit__                     
ffffffff  binit                         
UNDEFED   __mpu_init                    
UNDEFED   _system_post_cinit            

[146 symbols]
