******************************************************************************
            TI ARM Clang Linker Unix v4.0.4                    
******************************************************************************
>> Linked Mon Mar 30 19:49:26 2026

OUTPUT FILE NAME:   <tjc_usart_hmi.out>
ENTRY POINT SYMBOL: "_c_int00_noargs"  address: 00002e1d


MEMORY CONFIGURATION

         name            origin    length      used     unused   attr    fill
----------------------  --------  ---------  --------  --------  ----  --------
  FLASH                 00000000   00080000  000036c0  0007c940  R  X
  SRAM_BANK0            20200000   00010000  000001db  0000fe25  RW X
  SRAM_BANK1            20210000   00010000  00000000  00010000  RW X
  BCR_CONFIG            41c00000   000000ff  00000000  000000ff  R   
  BSL_CONFIG            41c00100   00000080  00000000  00000080  R   
  DATA                  41d00000   00004000  00000000  00004000  R   


SEGMENT ALLOCATION MAP

run origin  load origin   length   init length attrs members
----------  ----------- ---------- ----------- ----- -------
00000000    00000000    000036c0   000036c0    r-x
  00000000    00000000    000000c0   000000c0    r-- .intvecs
  000000c0    000000c0    00003340   00003340    r-x .text
  00003400    00003400    00000270   00000270    r-- .rodata
  00003670    00003670    00000050   00000050    r-- .cinit
20200000    20200000    000000dd   00000000    rw-
  20200000    20200000    00000082   00000000    rw- .bss
  20200084    20200084    00000044   00000000    rw- .TrimTable
  202000c8    202000c8    00000015   00000000    rw- .data
2020ff00    2020ff00    00000100   00000000    rw-
  2020ff00    2020ff00    00000100   00000000    rw- .stack


SECTION ALLOCATION MAP

 output                                  attributes/
section   page    origin      length       input sections
--------  ----  ----------  ----------   ----------------
.intvecs   0    00000000    000000c0     
                  00000000    000000c0     startup_mspm0g351x_ticlang.o (.intvecs)

.text      0    000000c0    00003340     
                  000000c0    000009d0     libc.a : _printfi.c.obj (.text:__TI_printfi)
                  00000a90    000003b8            : strtod.c.obj (.text.strtod)
                  00000e48    00000220            : _printfi.c.obj (.text._pconv_a)
                  00001068    00000214     main.o (.text.TJC_Page1_Handler)
                  0000127c    000001dc     libc.a : _printfi.c.obj (.text._pconv_g)
                  00001458    000001a0     main.o (.text.TJC_Receive_Process)
                  000015f8    00000192     libclang_rt.builtins.a : adddf3.S.obj (.text.adddf3_subdf3)
                  0000178a    00000002                            : aeabi_div0.c.obj (.text.__aeabi_idiv0)
                  0000178c    0000013c     libc.a : _printfi.c.obj (.text.fcvt)
                  000018c8    00000120            : _printfi.c.obj (.text._pconv_e)
                  000019e8    0000010c     libclang_rt.builtins.a : divdf3.S.obj (.text.__divdf3)
                  00001af4    000000f8     driverlib.a : dl_sysctl_mspm0gx51x.o (.text.DL_SYSCTL_configSYSPLL)
                  00001bec    000000e8     ti_msp_dl_config.o (.text.SYSCFG_DL_SYSCTL_SYSPLL_init)
                  00001cd4    000000e4     libclang_rt.builtins.a : muldf3.S.obj (.text.__muldf3)
                  00001db8    000000d8     libc.a : s_scalbn.c.obj (.text.scalbn)
                  00001e90    000000d8     libclang_rt.builtins.a : addsf3.S.obj (.text)
                  00001f68    000000a2                            : udivmoddi4.S.obj (.text)
                  0000200a    00000002                            : aeabi_div0.c.obj (.text.__aeabi_ldiv0)
                  0000200c    00000088     driverlib.a : dl_sysctl_mspm0gx51x.o (.text.DL_SYSCTL_setHFCLKSourceHFXTParams)
                  00002094    00000084     ti_msp_dl_config.o (.text.__NVIC_SetPriority)
                  00002118    0000007c     tjc_usart_hmi.o (.text.HMI_Printf)
                  00002194    0000007c     libc.a : copy_decompress_lzss.c.obj (.text:decompress:lzss)
                  00002210    00000074     ti_msp_dl_config.o (.text.SYSCFG_DL_SYSCTL_init)
                  00002284    00000074     libclang_rt.builtins.a : comparedf2.c.obj (.text.__gedf2)
                  000022f8    00000008     libc.a : strtod.c.obj (.text.OUTLINED_FUNCTION_0)
                  00002300    00000074     libclang_rt.builtins.a : truncdfsf2.S.obj (.text.__truncdfsf2)
                  00002374    00000068                            : comparedf2.c.obj (.text.__ledf2)
                  000023dc    00000066     libc.a : _printfi.c.obj (.text._mcpy)
                  00002442    00000002     --HOLE-- [fill = 0]
                  00002444    00000062     libclang_rt.builtins.a : aeabi_dcmp.S.obj (.text.__aeabi_dcmp)
                  000024a6    00000002     --HOLE-- [fill = 0]
                  000024a8    00000062                            : aeabi_fcmp.S.obj (.text.__aeabi_fcmp)
                  0000250a    00000002     --HOLE-- [fill = 0]
                  0000250c    00000060     tjc_usart_hmi.o (.text.HMI_Init)
                  0000256c    00000060     ti_msp_dl_config.o (.text.SYSCFG_DL_UART_0_init)
                  000025cc    0000005c     libc.a : s_frexp.c.obj (.text.frexp)
                  00002628    00000058     driverlib.a : dl_factoryregion.o (.text.DL_FactoryRegion_initTrimTable)
                  00002680    00000058     ti_msp_dl_config.o (.text.SYSCFG_DL_initPower)
                  000026d8    00000058     libc.a : _ltoa.c.obj (.text.__TI_ltoa)
                  00002730    00000058            : _printfi.c.obj (.text._pconv_f)
                  00002788    00000056     libclang_rt.builtins.a : aeabi_idivmod.S.obj (.text.__aeabi_idivmod)
                  000027de    00000052     libc.a : _printfi.c.obj (.text._ecpy)
                  00002830    00000050     ti_msp_dl_config.o (.text.SysTick_Config)
                  00002880    0000004c     driverlib.a : dl_dma.o (.text.DL_DMA_initChannel)
                  000028cc    0000004c     ti_msp_dl_config.o (.text.DL_UART_setBaudRateDivisor)
                  00002918    0000004c     ti_msp_dl_config.o (.text.SYSCFG_DL_GPIO_init)
                  00002964    0000004a     libclang_rt.builtins.a : fixdfsi.S.obj (.text.__fixdfsi)
                  000029ae    00000002     --HOLE-- [fill = 0]
                  000029b0    00000048     driverlib.a : dl_uart.o (.text.DL_UART_init)
                  000029f8    00000044                 : dl_sysctl_mspm0gx51x.o (.text.DL_SYSCTL_switchMCLKfromSYSOSCtoHSCLK)
                  00002a3c    00000040     libclang_rt.builtins.a : aeabi_uidivmod.S.obj (.text.__aeabi_uidivmod)
                  00002a7c    00000040                            : extendsfdf2.S.obj (.text.__extendsfdf2)
                  00002abc    00000040     libc.a : atoi.c.obj (.text.atoi)
                  00002afc    00000040            : vsnprintf.c.obj (.text.vsnprintf)
                  00002b3c    0000003c     tjc_usart_hmi.o (.text.HMI_Get_Count)
                  00002b78    0000003c     libclang_rt.builtins.a : comparesf2.S.obj (.text.__gtsf2)
                  00002bb4    0000003c     libc.a : autoinit.c.obj (.text:__TI_auto_init_nobinit_nopinit)
                  00002bf0    0000003a     libclang_rt.builtins.a : comparesf2.S.obj (.text.__eqsf2)
                  00002c2a    00000002     --HOLE-- [fill = 0]
                  00002c2c    0000003a                            : muldsi3.S.obj (.text.__muldsi3)
                  00002c66    00000002     --HOLE-- [fill = 0]
                  00002c68    00000030     tjc_usart_hmi.o (.text.DL_DMA_setTransferSize)
                  00002c98    00000030     driverlib.a : dl_uart.o (.text.DL_UART_transmitDataBlocking)
                  00002cc8    00000030     libc.a : _printfi.c.obj (.text._fcpy)
                  00002cf8    00000030            : vsnprintf.c.obj (.text._outs)
                  00002d28    0000002c     libclang_rt.builtins.a : floatsidf.S.obj (.text.__floatsidf)
                  00002d54    00000028     ti_msp_dl_config.o (.text.DL_Common_updateReg)
                  00002d7c    00000028     tjc_usart_hmi.o (.text.DL_DMA_setDestAddr)
                  00002da4    00000028     tjc_usart_hmi.o (.text.DL_DMA_setSrcAddr)
                  00002dcc    00000028     ti_msp_dl_config.o (.text.DL_UART_setRXFIFOThreshold)
                  00002df4    00000028     ti_msp_dl_config.o (.text.DL_UART_setTXFIFOThreshold)
                  00002e1c    00000028     libc.a : boot_cortex_m.c.obj (.text:_c_int00_noargs)
                  00002e44    00000026     tjc_usart_hmi.o (.text.DL_DMA_enableChannel)
                  00002e6a    00000002     --HOLE-- [fill = 0]
                  00002e6c    00000024     tjc_usart_hmi.o (.text.DL_DMA_getTransferSize)
                  00002e90    00000024     libclang_rt.builtins.a : floatunsidf.S.obj (.text.__floatunsidf)
                  00002eb4    00000024                            : muldi3.S.obj (.text.__muldi3)
                  00002ed8    00000022     libc.a : memccpy.c.obj (.text.memccpy)
                  00002efa    00000002     --HOLE-- [fill = 0]
                  00002efc    00000020     ti_msp_dl_config.o (.text.DL_GPIO_initPeripheralInputFunction)
                  00002f1c    00000020     ti_msp_dl_config.o (.text.DL_SYSCTL_setFlashWaitState)
                  00002f3c    00000020     ti_msp_dl_config.o (.text.SYSCFG_DL_init)
                  00002f5c    0000001e     ti_msp_dl_config.o (.text.DL_UART_setOversampling)
                  00002f7a    00000002     --HOLE-- [fill = 0]
                  00002f7c    0000001e     libclang_rt.builtins.a : ashldi3.S.obj (.text.__ashldi3)
                  00002f9a    00000002     --HOLE-- [fill = 0]
                  00002f9c    0000001c     ti_msp_dl_config.o (.text.DL_GPIO_initPeripheralOutputFunction)
                  00002fb8    0000001c     driverlib.a : dl_sysctl_mspm0gx51x.o (.text.DL_SYSCTL_configFCC)
                  00002fd4    0000001c     ti_msp_dl_config.o (.text.DL_SYSCTL_setFCCPeriods)
                  00002ff0    0000001c     ti_msp_dl_config.o (.text.DL_SYSCTL_setSYSOSCFreq)
                  0000300c    0000001c     ti_msp_dl_config.o (.text.DL_SYSCTL_setULPCLKDivider)
                  00003028    0000001c     tjc_usart_hmi.o (.text.HMI_Delete)
                  00003044    0000001c     tjc_usart_hmi.o (.text.HMI_Peek)
                  00003060    0000001c     ti_msp_dl_config.o (.text.SYSCFG_DL_SYSCTL_CLK_init)
                  0000307c    00000018     ti_msp_dl_config.o (.text.DL_GPIO_enableOutput)
                  00003094    00000018     ti_msp_dl_config.o (.text.DL_GPIO_enablePower)
                  000030ac    00000018     ti_msp_dl_config.o (.text.DL_GPIO_initDigitalOutput)
                  000030c4    00000018     ti_msp_dl_config.o (.text.DL_GPIO_initPeripheralAnalogFunction)
                  000030dc    00000018     ti_msp_dl_config.o (.text.DL_GPIO_reset)
                  000030f4    00000018     ti_msp_dl_config.o (.text.DL_GPIO_setPins)
                  0000310c    00000018     ti_msp_dl_config.o (.text.DL_SYSCTL_setBORThreshold)
                  00003124    00000018     ti_msp_dl_config.o (.text.DL_UART_enableDMAReceiveEvent)
                  0000313c    00000018     tjc_usart_hmi.o (.text.DL_UART_enableDMAReceiveEvent)
                  00003154    00000018     ti_msp_dl_config.o (.text.DL_UART_enableFIFOs)
                  0000316c    00000018     ti_msp_dl_config.o (.text.DL_UART_enablePower)
                  00003184    00000018     ti_msp_dl_config.o (.text.DL_UART_reset)
                  0000319c    00000018     ti_msp_dl_config.o (.text.SYSCFG_DL_DMA_CH0_init)
                  000031b4    00000018     ti_msp_dl_config.o (.text.SYSCFG_DL_DMA_CH1_init)
                  000031cc    00000018     libc.a : vsnprintf.c.obj (.text._outc)
                  000031e4    00000016     ti_msp_dl_config.o (.text.DL_UART_enable)
                  000031fa    00000016     libc.a : copy_zero_init.c.obj (.text:decompress:ZI:__TI_zero_init_nomemset)
                  00003210    00000014     ti_msp_dl_config.o (.text.DL_SYSCTL_disableSYSPLL)
                  00003224    00000014     ti_msp_dl_config.o (.text.DL_SYSCTL_enableSYSPLL)
                  00003238    00000014     libclang_rt.builtins.a : aeabi_uldivmod.S.obj (.text.__aeabi_uldivmod)
                  0000324c    00000014     main.o (.text.main)
                  00003260    00000014     libc.a : _printfi.c.obj (.text.strchr)
                  00003274    00000014            : strchr.c.obj (.text.strchr)
                  00003288    00000012     driverlib.a : dl_uart.o (.text.DL_UART_setClockConfig)
                  0000329a    00000012     libc.a : memcpy16.S.obj (.text:TI_memcpy_small)
                  000032ac    00000012            : copy_decompress_none.c.obj (.text:decompress:none)
                  000032be    00000002     --HOLE-- [fill = 0]
                  000032c0    00000010     ti_msp_dl_config.o (.text.DL_SYSCTL_disableHFXT)
                  000032d0    00000010     ti_msp_dl_config.o (.text.DL_SYSCTL_isFCCDone)
                  000032e0    00000010     ti_msp_dl_config.o (.text.DL_SYSCTL_startFCC)
                  000032f0    00000010     ti_msp_dl_config.o (.text.SYSCFG_DL_SYSTICK_init)
                  00003300    00000010     libc.a : wcslen.c.obj (.text.wcslen)
                  00003310    0000000e     libclang_rt.builtins.a : aeabi_memset.S.obj (.text.__aeabi_memset)
                  0000331e    0000000e     libc.a : _printfi.c.obj (.text.strlen)
                  0000332c    0000000e            : memset16.S.obj (.text:TI_memset_small)
                  0000333a    00000002     --HOLE-- [fill = 0]
                  0000333c    0000000c     ti_msp_dl_config.o (.text.DL_SYSCTL_getClockStatus)
                  00003348    0000000c     ti_msp_dl_config.o (.text.DL_SYSCTL_readFCC)
                  00003354    0000000c     ti_msp_dl_config.o (.text.SYSCFG_DL_DMA_init)
                  00003360    0000000c     main.o (.text.TJC_Page2_Handler)
                  0000336c    0000000c     main.o (.text.TJC_Page3_Handler)
                  00003378    0000000a     driverlib.a : dl_common.o (.text.DL_Common_delayCycles)
                  00003382    0000000a     libc.a : _printfi.c.obj (.text.OUTLINED_FUNCTION_0)
                  0000338c    00000010     libclang_rt.builtins.a : adddf3.S.obj (.tramp.__aeabi_dsub.1)
                  0000339c    0000000a     libc.a : _printfi.c.obj (.text.OUTLINED_FUNCTION_1)
                  000033a6    0000000a            : atof.c.obj (.text.atof)
                  000033b0    00000008            : strtod.c.obj (.text.OUTLINED_FUNCTION_1)
                  000033b8    00000010     libclang_rt.builtins.a : aeabi_dcmp.S.obj (.tramp.__aeabi_dcmpeq.1)
                  000033c8    00000008     main.o (.text.SysTick_Handler)
                  000033d0    00000008     libc.a : aeabi_portable.c.obj (.text.__aeabi_errno_addr)
                  000033d8    00000008     libclang_rt.builtins.a : aeabi_memcpy.S.obj (.text.__aeabi_memcpy)
                  000033e0    00000006     libc.a : exit.c.obj (.text:abort)
                  000033e6    00000004     startup_mspm0g351x_ticlang.o (.text.Default_Handler)
                  000033ea    00000004     libsysbm.a : hostexit.c.obj (.text.HOSTexit)
                  000033ee    00000004     startup_mspm0g351x_ticlang.o (.text.Reset_Handler)
                  000033f2    00000004     libc.a : pre_init.c.obj (.text._system_pre_init)
                  000033f6    0000000a     --HOLE-- [fill = 0]

.cinit     0    00003670    00000050     
                  00003670    00000015     (.cinit..data.load) [load image, compression = lzss]
                  00003685    00000003     --HOLE-- [fill = 0]
                  00003688    0000000c     (__TI_handler_table)
                  00003694    00000008     (.cinit..TrimTable.load) [load image, compression = zero_init]
                  0000369c    00000008     (.cinit..bss.load) [load image, compression = zero_init]
                  000036a4    00000018     (__TI_cinit_table)
                  000036bc    00000004     --HOLE-- [fill = 0]

.rodata    0    00003400    00000270     
                  00003400    00000101     libc.a : aeabi_ctype.S.obj (.rodata:__aeabi_ctype_table_)
                  00003501    00000002     ti_msp_dl_config.o (.rodata.gUART_0ClockConfig)
                  00003503    00000005     --HOLE-- [fill = 0]
                  00003508    00000080     libc.a : strtod.c.obj (.rodata.digits)
                  00003588    00000048            : strtod.c.obj (.rodata.powerof10)
                  000035d0    00000028     ti_msp_dl_config.o (.rodata.gSYSPLLConfig)
                  000035f8    00000018     ti_msp_dl_config.o (.rodata.gDMA_CH0Config)
                  00003610    00000018     ti_msp_dl_config.o (.rodata.gDMA_CH1Config)
                  00003628    00000011     libc.a : _printfi.c.obj (.rodata.str1.10348868589481759720.1)
                  00003639    00000011            : _printfi.c.obj (.rodata.str1.15363888844622738466.1)
                  0000364a    0000000e     main.o (.rodata.str1.15159059442110792349.1)
                  00003658    0000000e     main.o (.rodata.str1.8154729771448623357.1)
                  00003666    0000000a     ti_msp_dl_config.o (.rodata.gUART_0Config)

.init_array 
*          0    00000000    00000000     UNINITIALIZED

.binit     0    00000000    00000000     

.bss       0    20200000    00000082     UNINITIALIZED
                  20200000    00000042     (.common:tjc_rb)
                  20200042    00000040     tjc_usart_hmi.o (.bss.tjc_tx_buf)

.data      0    202000c8    00000015     UNINITIALIZED
                  202000c8    00000004     driverlib.a : dl_factoryregion.o (.data.FACTORYVALUE)
                  202000cc    00000004     libc.a : aeabi_portable.c.obj (.data.__aeabi_errno)
                  202000d0    00000004     main.o (.data.fre)
                  202000d4    00000004     tjc_usart_hmi.o (.data.tjc_huart)
                  202000d8    00000004     main.o (.data.vol)
                  202000dc    00000001     main.o (.data.current_page)

.TrimTable 
*          0    20200084    00000044     UNINITIALIZED
                  20200084    00000044     driverlib.a : dl_factoryregion.o (.TrimTable)

.stack     0    2020ff00    00000100     UNINITIALIZED
                  2020ff00    00000004     libc.a : boot_cortex_m.c.obj (.stack)
                  2020ff04    000000fc     --HOLE--

__llvm_prf_cnts 
*          0    20200000    00000000     UNINITIALIZED

__llvm_prf_bits 
*          0    20200000    00000000     UNINITIALIZED

MODULE SUMMARY

       Module                         code    ro data   rw data
       ------                         ----    -------   -------
    ./
       ti_msp_dl_config.o             1756    100       0      
       main.o                         1000    28        9      
       startup_mspm0g351x_ticlang.o   8       192       0      
    +--+------------------------------+-------+---------+---------+
       Total:                         2764    320       9      
                                                               
    ./usercode/
       tjc_usart_hmi.o                562     0         134    
    +--+------------------------------+-------+---------+---------+
       Total:                         562     0         134    
                                                               
    /home/elysia/Software/ti/CCS2050/ccs/tools/compiler/ti-cgt-armllvm_4.0.4.LTS/lib/armv6m-ti-none-eabi/c/libc.a
       _printfi.c.obj                 4510    34        0      
       strtod.c.obj                   968     200       0      
       aeabi_ctype.S.obj              0       257       0      
       s_scalbn.c.obj                 216     0         0      
       vsnprintf.c.obj                136     0         0      
       copy_decompress_lzss.c.obj     124     0         0      
       s_frexp.c.obj                  92      0         0      
       _ltoa.c.obj                    88      0         0      
       atoi.c.obj                     64      0         0      
       autoinit.c.obj                 60      0         0      
       boot_cortex_m.c.obj            40      0         0      
       memccpy.c.obj                  34      0         0      
       copy_zero_init.c.obj           22      0         0      
       strchr.c.obj                   20      0         0      
       copy_decompress_none.c.obj     18      0         0      
       memcpy16.S.obj                 18      0         0      
       wcslen.c.obj                   16      0         0      
       memset16.S.obj                 14      0         0      
       aeabi_portable.c.obj           8       0         4      
       atof.c.obj                     10      0         0      
       exit.c.obj                     6       0         0      
       pre_init.c.obj                 4       0         0      
    +--+------------------------------+-------+---------+---------+
       Total:                         6468    491       4      
                                                               
    /home/elysia/Software/ti/CCS2050/ccs/tools/compiler/ti-cgt-armllvm_4.0.4.LTS/lib/armv6m-ti-none-eabi/c/libsysbm.a
       hostexit.c.obj                 4       0         0      
    +--+------------------------------+-------+---------+---------+
       Total:                         4       0         0      
                                                               
    /home/elysia/Software/ti/CCS2050/ccs/tools/compiler/ti-cgt-armllvm_4.0.4.LTS/lib/armv6m-ti-none-eabi/libclang_rt.builtins.a
       adddf3.S.obj                   418     0         0      
       divdf3.S.obj                   268     0         0      
       muldf3.S.obj                   228     0         0      
       comparedf2.c.obj               220     0         0      
       addsf3.S.obj                   216     0         0      
       udivmoddi4.S.obj               162     0         0      
       comparesf2.S.obj               118     0         0      
       truncdfsf2.S.obj               116     0         0      
       aeabi_dcmp.S.obj               114     0         0      
       aeabi_fcmp.S.obj               98      0         0      
       aeabi_idivmod.S.obj            86      0         0      
       fixdfsi.S.obj                  74      0         0      
       aeabi_uidivmod.S.obj           64      0         0      
       extendsfdf2.S.obj              64      0         0      
       muldsi3.S.obj                  58      0         0      
       floatsidf.S.obj                44      0         0      
       floatunsidf.S.obj              36      0         0      
       muldi3.S.obj                   36      0         0      
       ashldi3.S.obj                  30      0         0      
       aeabi_uldivmod.S.obj           20      0         0      
       aeabi_memset.S.obj             14      0         0      
       aeabi_memcpy.S.obj             8       0         0      
       aeabi_div0.c.obj               4       0         0      
    +--+------------------------------+-------+---------+---------+
       Total:                         2496    0         0      
                                                               
    /home/elysia/Software/ti/SDK/mspm0_sdk_2_10_00_04/source/ti/driverlib/lib/ticlang/m0p/mspm0gx51x/driverlib.a
       dl_sysctl_mspm0gx51x.o         480     0         0      
       dl_factoryregion.o             88      0         72     
       dl_uart.o                      138     0         0      
       dl_dma.o                       76      0         0      
       dl_common.o                    10      0         0      
    +--+------------------------------+-------+---------+---------+
       Total:                         792     0         72     
                                                               
       Stack:                         0       0         256    
       Linker Generated:              0       73        0      
    +--+------------------------------+-------+---------+---------+
       Grand Total:                   13086   884       475    


LINKER GENERATED COPY TABLES

__TI_cinit_table @ 000036a4 records: 3, size/record: 8, table size: 24
	.data: load addr=00003670, load size=00000015 bytes, run addr=202000c8, run size=00000015 bytes, compression=lzss
	.TrimTable: load addr=00003694, load size=00000008 bytes, run addr=20200084, run size=00000044 bytes, compression=zero_init
	.bss: load addr=0000369c, load size=00000008 bytes, run addr=20200000, run size=00000082 bytes, compression=zero_init


LINKER GENERATED HANDLER TABLE

__TI_handler_table @ 00003688 records: 3, size/record: 4, table size: 12
	index: 0, handler: __TI_decompress_lzss
	index: 1, handler: __TI_decompress_none
	index: 2, handler: __TI_zero_init


FAR CALL TRAMPOLINES

callee name               trampoline name
   callee addr  tramp addr   call addr  call info
--------------  -----------  ---------  ----------------
__aeabi_dsub              $Tramp$TT$L$PI$$__aeabi_dsub
   000015f9     0000338c     0000338a   libc.a : _printfi.c.obj (.text.OUTLINED_FUNCTION_0)
__aeabi_dcmpeq            $Tramp$TT$L$PI$$__aeabi_dcmpeq
   00002445     000033b8     000033b6   libc.a : strtod.c.obj (.text.OUTLINED_FUNCTION_1)

[2 trampolines]
[2 trampoline calls]


GLOBAL SYMBOLS: SORTED ALPHABETICALLY BY Name 

address   name                                 
-------   ----                                 
000033e7  ADC0_IRQHandler                      
000033e7  ADC1_IRQHandler                      
000033e7  AESADV_IRQHandler                    
000033ea  C$$EXIT                              
000033e7  CANFD0_IRQHandler                    
000033e7  CANFD1_IRQHandler                    
000033e7  DAC0_IRQHandler                      
00003379  DL_Common_delayCycles                
00002881  DL_DMA_initChannel                   
20200084  DL_FACTORYREGION_TrimTable           
00002629  DL_FactoryRegion_initTrimTable       
00002fb9  DL_SYSCTL_configFCC                  
00001af5  DL_SYSCTL_configSYSPLL               
0000200d  DL_SYSCTL_setHFCLKSourceHFXTParams   
000029f9  DL_SYSCTL_switchMCLKfromSYSOSCtoHSCLK
000029b1  DL_UART_init                         
00003289  DL_UART_setClockConfig               
00002c99  DL_UART_transmitDataBlocking         
000033e7  DMA_IRQHandler                       
000033e7  Default_Handler                      
202000c8  FACTORYVALUE                         
000033e7  GROUP0_IRQHandler                    
000033e7  GROUP1_IRQHandler                    
00003029  HMI_Delete                           
00002b3d  HMI_Get_Count                        
0000250d  HMI_Init                             
00003045  HMI_Peek                             
00002119  HMI_Printf                           
000033eb  HOSTexit                             
000033e7  HardFault_Handler                    
000033e7  I2C0_IRQHandler                      
000033e7  I2C1_IRQHandler                      
000033e7  I2C2_IRQHandler                      
000033e7  LFSS_IRQHandler                      
000033e7  NMI_Handler                          
000033e7  PendSV_Handler                       
000033ef  Reset_Handler                        
000033e7  SPI0_IRQHandler                      
000033e7  SPI1_IRQHandler                      
000033e7  SPI2_IRQHandler                      
000033e7  SVC_Handler                          
0000319d  SYSCFG_DL_DMA_CH0_init               
000031b5  SYSCFG_DL_DMA_CH1_init               
00003355  SYSCFG_DL_DMA_init                   
00002919  SYSCFG_DL_GPIO_init                  
00003061  SYSCFG_DL_SYSCTL_CLK_init            
00001bed  SYSCFG_DL_SYSCTL_SYSPLL_init         
00002211  SYSCFG_DL_SYSCTL_init                
000032f1  SYSCFG_DL_SYSTICK_init               
0000256d  SYSCFG_DL_UART_0_init                
00002f3d  SYSCFG_DL_init                       
00002681  SYSCFG_DL_initPower                  
000033c9  SysTick_Handler                      
000033e7  TIMA0_IRQHandler                     
000033e7  TIMA1_IRQHandler                     
000033e7  TIMG0_IRQHandler                     
000033e7  TIMG12_IRQHandler                    
000033e7  TIMG14_IRQHandler                    
000033e7  TIMG6_IRQHandler                     
000033e7  TIMG7_IRQHandler                     
000033e7  TIMG8_IRQHandler                     
000033e7  TIMG9_IRQHandler                     
0000329b  TI_memcpy_small                      
0000332d  TI_memset_small                      
00001069  TJC_Page1_Handler                    
00003361  TJC_Page2_Handler                    
0000336d  TJC_Page3_Handler                    
00001459  TJC_Receive_Process                  
000033e7  UART0_IRQHandler                     
000033e7  UART1_IRQHandler                     
000033e7  UART3_IRQHandler                     
000033e7  UART4_IRQHandler                     
000033e7  UART5_IRQHandler                     
000033e7  UART6_IRQHandler                     
000033e7  UART7_IRQHandler                     
20210000  __STACK_END                          
00000100  __STACK_SIZE                         
00000000  __TI_ATRegion0_region_sz             
00000000  __TI_ATRegion0_src_addr              
00000000  __TI_ATRegion0_trg_addr              
00000000  __TI_ATRegion1_region_sz             
00000000  __TI_ATRegion1_src_addr              
00000000  __TI_ATRegion1_trg_addr              
00000000  __TI_ATRegion2_region_sz             
00000000  __TI_ATRegion2_src_addr              
00000000  __TI_ATRegion2_trg_addr              
000036a4  __TI_CINIT_Base                      
000036bc  __TI_CINIT_Limit                     
000036bc  __TI_CINIT_Warm                      
00003688  __TI_Handler_Table_Base              
00003694  __TI_Handler_Table_Limit             
00002bb5  __TI_auto_init_nobinit_nopinit       
00002195  __TI_decompress_lzss                 
000032ad  __TI_decompress_none                 
000026d9  __TI_ltoa                            
ffffffff  __TI_pprof_out_hndl                  
000000c1  __TI_printfi                         
ffffffff  __TI_prof_data_size                  
ffffffff  __TI_prof_data_start                 
00000000  __TI_static_base__                   
000031fb  __TI_zero_init_nomemset              
00001603  __adddf3                             
00001e9b  __addsf3                             
00003400  __aeabi_ctype_table_                 
00003400  __aeabi_ctype_table_C                
00002301  __aeabi_d2f                          
00002965  __aeabi_d2iz                         
00001603  __aeabi_dadd                         
00002445  __aeabi_dcmpeq                       
00002481  __aeabi_dcmpge                       
00002495  __aeabi_dcmpgt                       
0000246d  __aeabi_dcmple                       
00002459  __aeabi_dcmplt                       
000019e9  __aeabi_ddiv                         
00001cd5  __aeabi_dmul                         
000015f9  __aeabi_dsub                         
202000cc  __aeabi_errno                        
000033d1  __aeabi_errno_addr                   
00002a7d  __aeabi_f2d                          
00001e9b  __aeabi_fadd                         
000024a9  __aeabi_fcmpeq                       
000024e5  __aeabi_fcmpge                       
000024f9  __aeabi_fcmpgt                       
000024d1  __aeabi_fcmple                       
000024bd  __aeabi_fcmplt                       
00001e91  __aeabi_fsub                         
00002d29  __aeabi_i2d                          
00002789  __aeabi_idiv                         
0000178b  __aeabi_idiv0                        
00002789  __aeabi_idivmod                      
0000200b  __aeabi_ldiv0                        
00002f7d  __aeabi_llsl                         
00002eb5  __aeabi_lmul                         
000033d9  __aeabi_memcpy                       
000033d9  __aeabi_memcpy4                      
000033d9  __aeabi_memcpy8                      
00003311  __aeabi_memset                       
00003311  __aeabi_memset4                      
00003311  __aeabi_memset8                      
00002e91  __aeabi_ui2d                         
00002a3d  __aeabi_uidiv                        
00002a3d  __aeabi_uidivmod                     
00003239  __aeabi_uldivmod                     
00002f7d  __ashldi3                            
ffffffff  __binit__                            
00002375  __cmpdf2                             
00002bf1  __cmpsf2                             
000019e9  __divdf3                             
00002375  __eqdf2                              
00002bf1  __eqsf2                              
00002a7d  __extendsfdf2                        
00002965  __fixdfsi                            
00002d29  __floatsidf                          
00002e91  __floatunsidf                        
00002285  __gedf2                              
00002b79  __gesf2                              
00002285  __gtdf2                              
00002b79  __gtsf2                              
00002375  __ledf2                              
00002bf1  __lesf2                              
00002375  __ltdf2                              
00002bf1  __ltsf2                              
UNDEFED   __mpu_init                           
00001cd5  __muldf3                             
00002eb5  __muldi3                             
00002c2d  __muldsi3                            
00002375  __nedf2                              
00002bf1  __nesf2                              
2020ff00  __stack                              
20200000  __start___llvm_prf_bits              
20200000  __start___llvm_prf_cnts              
20200000  __stop___llvm_prf_bits               
20200000  __stop___llvm_prf_cnts               
000015f9  __subdf3                             
00001e91  __subsf3                             
00002301  __truncdfsf2                         
00001f69  __udivmoddi4                         
00002e1d  _c_int00_noargs                      
UNDEFED   _system_post_cinit                   
000033f3  _system_pre_init                     
000033e1  abort                                
000033a7  atof                                 
00002abd  atoi                                 
ffffffff  binit                                
202000dc  current_page                         
202000d0  fre                                  
000025cd  frexp                                
000025cd  frexpl                               
00000000  interruptVectors                     
00001db9  ldexp                                
00001db9  ldexpl                               
0000324d  main                                 
00002ed9  memccpy                              
00001db9  scalbn                               
00001db9  scalbnl                              
00003275  strchr                               
00000a91  strtod                               
00000a91  strtold                              
202000d4  tjc_huart                            
20200000  tjc_rb                               
202000d8  vol                                  
00002afd  vsnprintf                            
00003301  wcslen                               


GLOBAL SYMBOLS: SORTED BY Symbol Address 

address   name                                 
-------   ----                                 
00000000  __TI_ATRegion0_region_sz             
00000000  __TI_ATRegion0_src_addr              
00000000  __TI_ATRegion0_trg_addr              
00000000  __TI_ATRegion1_region_sz             
00000000  __TI_ATRegion1_src_addr              
00000000  __TI_ATRegion1_trg_addr              
00000000  __TI_ATRegion2_region_sz             
00000000  __TI_ATRegion2_src_addr              
00000000  __TI_ATRegion2_trg_addr              
00000000  __TI_static_base__                   
00000000  interruptVectors                     
000000c1  __TI_printfi                         
00000100  __STACK_SIZE                         
00000a91  strtod                               
00000a91  strtold                              
00001069  TJC_Page1_Handler                    
00001459  TJC_Receive_Process                  
000015f9  __aeabi_dsub                         
000015f9  __subdf3                             
00001603  __adddf3                             
00001603  __aeabi_dadd                         
0000178b  __aeabi_idiv0                        
000019e9  __aeabi_ddiv                         
000019e9  __divdf3                             
00001af5  DL_SYSCTL_configSYSPLL               
00001bed  SYSCFG_DL_SYSCTL_SYSPLL_init         
00001cd5  __aeabi_dmul                         
00001cd5  __muldf3                             
00001db9  ldexp                                
00001db9  ldexpl                               
00001db9  scalbn                               
00001db9  scalbnl                              
00001e91  __aeabi_fsub                         
00001e91  __subsf3                             
00001e9b  __addsf3                             
00001e9b  __aeabi_fadd                         
00001f69  __udivmoddi4                         
0000200b  __aeabi_ldiv0                        
0000200d  DL_SYSCTL_setHFCLKSourceHFXTParams   
00002119  HMI_Printf                           
00002195  __TI_decompress_lzss                 
00002211  SYSCFG_DL_SYSCTL_init                
00002285  __gedf2                              
00002285  __gtdf2                              
00002301  __aeabi_d2f                          
00002301  __truncdfsf2                         
00002375  __cmpdf2                             
00002375  __eqdf2                              
00002375  __ledf2                              
00002375  __ltdf2                              
00002375  __nedf2                              
00002445  __aeabi_dcmpeq                       
00002459  __aeabi_dcmplt                       
0000246d  __aeabi_dcmple                       
00002481  __aeabi_dcmpge                       
00002495  __aeabi_dcmpgt                       
000024a9  __aeabi_fcmpeq                       
000024bd  __aeabi_fcmplt                       
000024d1  __aeabi_fcmple                       
000024e5  __aeabi_fcmpge                       
000024f9  __aeabi_fcmpgt                       
0000250d  HMI_Init                             
0000256d  SYSCFG_DL_UART_0_init                
000025cd  frexp                                
000025cd  frexpl                               
00002629  DL_FactoryRegion_initTrimTable       
00002681  SYSCFG_DL_initPower                  
000026d9  __TI_ltoa                            
00002789  __aeabi_idiv                         
00002789  __aeabi_idivmod                      
00002881  DL_DMA_initChannel                   
00002919  SYSCFG_DL_GPIO_init                  
00002965  __aeabi_d2iz                         
00002965  __fixdfsi                            
000029b1  DL_UART_init                         
000029f9  DL_SYSCTL_switchMCLKfromSYSOSCtoHSCLK
00002a3d  __aeabi_uidiv                        
00002a3d  __aeabi_uidivmod                     
00002a7d  __aeabi_f2d                          
00002a7d  __extendsfdf2                        
00002abd  atoi                                 
00002afd  vsnprintf                            
00002b3d  HMI_Get_Count                        
00002b79  __gesf2                              
00002b79  __gtsf2                              
00002bb5  __TI_auto_init_nobinit_nopinit       
00002bf1  __cmpsf2                             
00002bf1  __eqsf2                              
00002bf1  __lesf2                              
00002bf1  __ltsf2                              
00002bf1  __nesf2                              
00002c2d  __muldsi3                            
00002c99  DL_UART_transmitDataBlocking         
00002d29  __aeabi_i2d                          
00002d29  __floatsidf                          
00002e1d  _c_int00_noargs                      
00002e91  __aeabi_ui2d                         
00002e91  __floatunsidf                        
00002eb5  __aeabi_lmul                         
00002eb5  __muldi3                             
00002ed9  memccpy                              
00002f3d  SYSCFG_DL_init                       
00002f7d  __aeabi_llsl                         
00002f7d  __ashldi3                            
00002fb9  DL_SYSCTL_configFCC                  
00003029  HMI_Delete                           
00003045  HMI_Peek                             
00003061  SYSCFG_DL_SYSCTL_CLK_init            
0000319d  SYSCFG_DL_DMA_CH0_init               
000031b5  SYSCFG_DL_DMA_CH1_init               
000031fb  __TI_zero_init_nomemset              
00003239  __aeabi_uldivmod                     
0000324d  main                                 
00003275  strchr                               
00003289  DL_UART_setClockConfig               
0000329b  TI_memcpy_small                      
000032ad  __TI_decompress_none                 
000032f1  SYSCFG_DL_SYSTICK_init               
00003301  wcslen                               
00003311  __aeabi_memset                       
00003311  __aeabi_memset4                      
00003311  __aeabi_memset8                      
0000332d  TI_memset_small                      
00003355  SYSCFG_DL_DMA_init                   
00003361  TJC_Page2_Handler                    
0000336d  TJC_Page3_Handler                    
00003379  DL_Common_delayCycles                
000033a7  atof                                 
000033c9  SysTick_Handler                      
000033d1  __aeabi_errno_addr                   
000033d9  __aeabi_memcpy                       
000033d9  __aeabi_memcpy4                      
000033d9  __aeabi_memcpy8                      
000033e1  abort                                
000033e7  ADC0_IRQHandler                      
000033e7  ADC1_IRQHandler                      
000033e7  AESADV_IRQHandler                    
000033e7  CANFD0_IRQHandler                    
000033e7  CANFD1_IRQHandler                    
000033e7  DAC0_IRQHandler                      
000033e7  DMA_IRQHandler                       
000033e7  Default_Handler                      
000033e7  GROUP0_IRQHandler                    
000033e7  GROUP1_IRQHandler                    
000033e7  HardFault_Handler                    
000033e7  I2C0_IRQHandler                      
000033e7  I2C1_IRQHandler                      
000033e7  I2C2_IRQHandler                      
000033e7  LFSS_IRQHandler                      
000033e7  NMI_Handler                          
000033e7  PendSV_Handler                       
000033e7  SPI0_IRQHandler                      
000033e7  SPI1_IRQHandler                      
000033e7  SPI2_IRQHandler                      
000033e7  SVC_Handler                          
000033e7  TIMA0_IRQHandler                     
000033e7  TIMA1_IRQHandler                     
000033e7  TIMG0_IRQHandler                     
000033e7  TIMG12_IRQHandler                    
000033e7  TIMG14_IRQHandler                    
000033e7  TIMG6_IRQHandler                     
000033e7  TIMG7_IRQHandler                     
000033e7  TIMG8_IRQHandler                     
000033e7  TIMG9_IRQHandler                     
000033e7  UART0_IRQHandler                     
000033e7  UART1_IRQHandler                     
000033e7  UART3_IRQHandler                     
000033e7  UART4_IRQHandler                     
000033e7  UART5_IRQHandler                     
000033e7  UART6_IRQHandler                     
000033e7  UART7_IRQHandler                     
000033ea  C$$EXIT                              
000033eb  HOSTexit                             
000033ef  Reset_Handler                        
000033f3  _system_pre_init                     
00003400  __aeabi_ctype_table_                 
00003400  __aeabi_ctype_table_C                
00003688  __TI_Handler_Table_Base              
00003694  __TI_Handler_Table_Limit             
000036a4  __TI_CINIT_Base                      
000036bc  __TI_CINIT_Limit                     
000036bc  __TI_CINIT_Warm                      
20200000  __start___llvm_prf_bits              
20200000  __start___llvm_prf_cnts              
20200000  __stop___llvm_prf_bits               
20200000  __stop___llvm_prf_cnts               
20200000  tjc_rb                               
20200084  DL_FACTORYREGION_TrimTable           
202000c8  FACTORYVALUE                         
202000cc  __aeabi_errno                        
202000d0  fre                                  
202000d4  tjc_huart                            
202000d8  vol                                  
202000dc  current_page                         
2020ff00  __stack                              
20210000  __STACK_END                          
ffffffff  __TI_pprof_out_hndl                  
ffffffff  __TI_prof_data_size                  
ffffffff  __TI_prof_data_start                 
ffffffff  __binit__                            
ffffffff  binit                                
UNDEFED   __mpu_init                           
UNDEFED   _system_post_cinit                   

[203 symbols]
