******************************************************************************
            TI ARM Clang Linker Unix v4.0.4                    
******************************************************************************
>> Linked Thu Mar 26 11:22:25 2026

OUTPUT FILE NAME:   <uart_rx_multibyte_fifo_dma_interrupts_LP_MSPM0G3519_nortos_ticlang.out>
ENTRY POINT SYMBOL: "_c_int00_noargs"  address: 00000355


MEMORY CONFIGURATION

         name            origin    length      used     unused   attr    fill
----------------------  --------  ---------  --------  --------  ----  --------
  FLASH                 00000000   00080000  00000458  0007fba8  R  X
  SRAM_BANK0            20200000   00010000  00000105  0000fefb  RW X
  SRAM_BANK1            20210000   00010000  00000000  00010000  RW X
  BCR_CONFIG            41c00000   000000ff  00000000  000000ff  R   
  BSL_CONFIG            41c00100   00000080  00000000  00000080  R   
  DATA                  41d00000   00004000  00000000  00004000  R   


SEGMENT ALLOCATION MAP

run origin  load origin   length   init length attrs members
----------  ----------- ---------- ----------- ----- -------
00000000    00000000    00000458   00000458    r-x
  00000000    00000000    000000c0   000000c0    r-- .intvecs
  000000c0    000000c0    00000358   00000358    r-x .text
  00000418    00000418    00000028   00000028    r-- .rodata
  00000440    00000440    00000018   00000018    r-- .cinit
20200000    20200000    00000005   00000000    rw-
  20200000    20200000    00000005   00000000    rw- .bss
2020ff00    2020ff00    00000100   00000000    rw-
  2020ff00    2020ff00    00000100   00000000    rw- .stack


SECTION ALLOCATION MAP

 output                                  attributes/
section   page    origin      length       input sections
--------  ----  ----------  ----------   ----------------
.intvecs   0    00000000    000000c0     
                  00000000    000000c0     startup_mspm0g351x_ticlang.o (.intvecs)

.text      0    000000c0    00000358     
                  000000c0    00000098     uart_rx_multibyte_fifo_dma_interrupts.o (.text.main)
                  00000158    00000090     ti_msp_dl_config.o (.text.SYSCFG_DL_UART_0_init)
                  000001e8    0000004c     driverlib.a : dl_dma.o (.text.DL_DMA_initChannel)
                  00000234    00000048                 : dl_uart.o (.text.DL_UART_init)
                  0000027c    00000040     ti_msp_dl_config.o (.text.SYSCFG_DL_initPower)
                  000002bc    0000003c     libc.a : autoinit.c.obj (.text:__TI_auto_init_nobinit_nopinit)
                  000002f8    00000030     ti_msp_dl_config.o (.text.SYSCFG_DL_SYSCTL_init)
                  00000328    0000002c     ti_msp_dl_config.o (.text.SYSCFG_DL_GPIO_init)
                  00000354    00000028     libc.a : boot_cortex_m.c.obj (.text:_c_int00_noargs)
                  0000037c    0000001c     uart_rx_multibyte_fifo_dma_interrupts.o (.text.UART0_IRQHandler)
                  00000398    00000018     ti_msp_dl_config.o (.text.SYSCFG_DL_DMA_CH0_init)
                  000003b0    00000018     ti_msp_dl_config.o (.text.SYSCFG_DL_init)
                  000003c8    00000016     libc.a : copy_zero_init.c.obj (.text:decompress:ZI:__TI_zero_init_nomemset)
                  000003de    00000012     driverlib.a : dl_uart.o (.text.DL_UART_setClockConfig)
                  000003f0    0000000a                 : dl_common.o (.text.DL_Common_delayCycles)
                  000003fa    00000008     ti_msp_dl_config.o (.text.SYSCFG_DL_DMA_init)
                  00000402    00000006     libc.a : exit.c.obj (.text:abort)
                  00000408    00000004     libsysbm.a : hostexit.c.obj (.text.HOSTexit)
                  0000040c    00000004     startup_mspm0g351x_ticlang.o (.text.Reset_Handler)
                  00000410    00000004     libc.a : pre_init.c.obj (.text._system_pre_init)
                  00000414    00000002     startup_mspm0g351x_ticlang.o (.text.Default_Handler)
                  00000416    00000002     --HOLE-- [fill = 0]

.cinit     0    00000440    00000018     
                  00000440    00000008     (.cinit..bss.load) [load image, compression = zero_init]
                  00000448    00000004     (__TI_handler_table)
                  0000044c    00000008     (__TI_cinit_table)
                  00000454    00000004     --HOLE-- [fill = 0]

.rodata    0    00000418    00000028     
                  00000418    00000018     ti_msp_dl_config.o (.rodata.gDMA_CH0Config)
                  00000430    0000000a     ti_msp_dl_config.o (.rodata.gUART_0Config)
                  0000043a    00000002     ti_msp_dl_config.o (.rodata.gUART_0ClockConfig)
                  0000043c    00000004     --HOLE-- [fill = 0]

.init_array 
*          0    00000000    00000000     UNINITIALIZED

.binit     0    00000000    00000000     

.bss       0    20200000    00000005     UNINITIALIZED
                  20200000    00000004     (.common:gRxPacket)
                  20200004    00000001     (.common:gCheckUART)

.stack     0    2020ff00    00000100     UNINITIALIZED
                  2020ff00    00000004     libc.a : boot_cortex_m.c.obj (.stack)
                  2020ff04    000000fc     --HOLE--

__llvm_prf_cnts 
*          0    20200000    00000000     UNINITIALIZED

__llvm_prf_bits 
*          0    20200000    00000000     UNINITIALIZED

MODULE SUMMARY

       Module                                    code   ro data   rw data
       ------                                    ----   -------   -------
    ./
       ti_msp_dl_config.o                        356    36        0      
       startup_mspm0g351x_ticlang.o              6      192       0      
       uart_rx_multibyte_fifo_dma_interrupts.o   180    0         5      
    +--+-----------------------------------------+------+---------+---------+
       Total:                                    542    228       5      
                                                                         
    /home/elysia/Software/ti/CCS2050/ccs/tools/compiler/ti-cgt-armllvm_4.0.4.LTS/lib/armv6m-ti-none-eabi/c/libc.a
       autoinit.c.obj                            60     0         0      
       boot_cortex_m.c.obj                       40     0         0      
       copy_zero_init.c.obj                      22     0         0      
       exit.c.obj                                6      0         0      
       pre_init.c.obj                            4      0         0      
    +--+-----------------------------------------+------+---------+---------+
       Total:                                    132    0         0      
                                                                         
    /home/elysia/Software/ti/CCS2050/ccs/tools/compiler/ti-cgt-armllvm_4.0.4.LTS/lib/armv6m-ti-none-eabi/c/libsysbm.a
       hostexit.c.obj                            4      0         0      
    +--+-----------------------------------------+------+---------+---------+
       Total:                                    4      0         0      
                                                                         
    /home/elysia/Software/ti/SDK/mspm0_sdk_2_10_00_04/source/ti/driverlib/lib/ticlang/m0p/mspm0gx51x/driverlib.a
       dl_uart.o                                 90     0         0      
       dl_dma.o                                  76     0         0      
       dl_common.o                               10     0         0      
    +--+-----------------------------------------+------+---------+---------+
       Total:                                    176    0         0      
                                                                         
       Stack:                                    0      0         256    
       Linker Generated:                         0      20        0      
    +--+-----------------------------------------+------+---------+---------+
       Grand Total:                              854    248       261    


LINKER GENERATED COPY TABLES

__TI_cinit_table @ 0000044c records: 1, size/record: 8, table size: 8
	.bss: load addr=00000440, load size=00000008 bytes, run addr=20200000, run size=00000005 bytes, compression=zero_init


LINKER GENERATED HANDLER TABLE

__TI_handler_table @ 00000448 records: 1, size/record: 4, table size: 4
	index: 0, handler: __TI_zero_init


GLOBAL SYMBOLS: SORTED ALPHABETICALLY BY Name 

address   name                          
-------   ----                          
00000415  ADC0_IRQHandler               
00000415  ADC1_IRQHandler               
00000415  AESADV_IRQHandler             
00000408  C$$EXIT                       
00000415  CANFD0_IRQHandler             
00000415  CANFD1_IRQHandler             
00000415  DAC0_IRQHandler               
000003f1  DL_Common_delayCycles         
000001e9  DL_DMA_initChannel            
00000235  DL_UART_init                  
000003df  DL_UART_setClockConfig        
00000415  DMA_IRQHandler                
00000415  Default_Handler               
00000415  GROUP0_IRQHandler             
00000415  GROUP1_IRQHandler             
00000409  HOSTexit                      
00000415  HardFault_Handler             
00000415  I2C0_IRQHandler               
00000415  I2C1_IRQHandler               
00000415  I2C2_IRQHandler               
00000415  LFSS_IRQHandler               
00000415  NMI_Handler                   
00000415  PendSV_Handler                
0000040d  Reset_Handler                 
00000415  SPI0_IRQHandler               
00000415  SPI1_IRQHandler               
00000415  SPI2_IRQHandler               
00000415  SVC_Handler                   
00000399  SYSCFG_DL_DMA_CH0_init        
000003fb  SYSCFG_DL_DMA_init            
00000329  SYSCFG_DL_GPIO_init           
000002f9  SYSCFG_DL_SYSCTL_init         
00000159  SYSCFG_DL_UART_0_init         
000003b1  SYSCFG_DL_init                
0000027d  SYSCFG_DL_initPower           
00000415  SysTick_Handler               
00000415  TIMA0_IRQHandler              
00000415  TIMA1_IRQHandler              
00000415  TIMG0_IRQHandler              
00000415  TIMG12_IRQHandler             
00000415  TIMG14_IRQHandler             
00000415  TIMG6_IRQHandler              
00000415  TIMG7_IRQHandler              
00000415  TIMG8_IRQHandler              
00000415  TIMG9_IRQHandler              
0000037d  UART0_IRQHandler              
00000415  UART1_IRQHandler              
00000415  UART3_IRQHandler              
00000415  UART4_IRQHandler              
00000415  UART5_IRQHandler              
00000415  UART6_IRQHandler              
00000415  UART7_IRQHandler              
20210000  __STACK_END                   
00000100  __STACK_SIZE                  
00000000  __TI_ATRegion0_region_sz      
00000000  __TI_ATRegion0_src_addr       
00000000  __TI_ATRegion0_trg_addr       
00000000  __TI_ATRegion1_region_sz      
00000000  __TI_ATRegion1_src_addr       
00000000  __TI_ATRegion1_trg_addr       
00000000  __TI_ATRegion2_region_sz      
00000000  __TI_ATRegion2_src_addr       
00000000  __TI_ATRegion2_trg_addr       
0000044c  __TI_CINIT_Base               
00000454  __TI_CINIT_Limit              
00000454  __TI_CINIT_Warm               
00000448  __TI_Handler_Table_Base       
0000044c  __TI_Handler_Table_Limit      
000002bd  __TI_auto_init_nobinit_nopinit
ffffffff  __TI_pprof_out_hndl           
ffffffff  __TI_prof_data_size           
ffffffff  __TI_prof_data_start          
00000000  __TI_static_base__            
000003c9  __TI_zero_init_nomemset       
ffffffff  __binit__                     
UNDEFED   __mpu_init                    
2020ff00  __stack                       
20200000  __start___llvm_prf_bits       
20200000  __start___llvm_prf_cnts       
20200000  __stop___llvm_prf_bits        
20200000  __stop___llvm_prf_cnts        
00000355  _c_int00_noargs               
UNDEFED   _system_post_cinit            
00000411  _system_pre_init              
00000403  abort                         
ffffffff  binit                         
20200004  gCheckUART                    
20200000  gRxPacket                     
00000000  interruptVectors              
000000c1  main                          


GLOBAL SYMBOLS: SORTED BY Symbol Address 

address   name                          
-------   ----                          
00000000  __TI_ATRegion0_region_sz      
00000000  __TI_ATRegion0_src_addr       
00000000  __TI_ATRegion0_trg_addr       
00000000  __TI_ATRegion1_region_sz      
00000000  __TI_ATRegion1_src_addr       
00000000  __TI_ATRegion1_trg_addr       
00000000  __TI_ATRegion2_region_sz      
00000000  __TI_ATRegion2_src_addr       
00000000  __TI_ATRegion2_trg_addr       
00000000  __TI_static_base__            
00000000  interruptVectors              
000000c1  main                          
00000100  __STACK_SIZE                  
00000159  SYSCFG_DL_UART_0_init         
000001e9  DL_DMA_initChannel            
00000235  DL_UART_init                  
0000027d  SYSCFG_DL_initPower           
000002bd  __TI_auto_init_nobinit_nopinit
000002f9  SYSCFG_DL_SYSCTL_init         
00000329  SYSCFG_DL_GPIO_init           
00000355  _c_int00_noargs               
0000037d  UART0_IRQHandler              
00000399  SYSCFG_DL_DMA_CH0_init        
000003b1  SYSCFG_DL_init                
000003c9  __TI_zero_init_nomemset       
000003df  DL_UART_setClockConfig        
000003f1  DL_Common_delayCycles         
000003fb  SYSCFG_DL_DMA_init            
00000403  abort                         
00000408  C$$EXIT                       
00000409  HOSTexit                      
0000040d  Reset_Handler                 
00000411  _system_pre_init              
00000415  ADC0_IRQHandler               
00000415  ADC1_IRQHandler               
00000415  AESADV_IRQHandler             
00000415  CANFD0_IRQHandler             
00000415  CANFD1_IRQHandler             
00000415  DAC0_IRQHandler               
00000415  DMA_IRQHandler                
00000415  Default_Handler               
00000415  GROUP0_IRQHandler             
00000415  GROUP1_IRQHandler             
00000415  HardFault_Handler             
00000415  I2C0_IRQHandler               
00000415  I2C1_IRQHandler               
00000415  I2C2_IRQHandler               
00000415  LFSS_IRQHandler               
00000415  NMI_Handler                   
00000415  PendSV_Handler                
00000415  SPI0_IRQHandler               
00000415  SPI1_IRQHandler               
00000415  SPI2_IRQHandler               
00000415  SVC_Handler                   
00000415  SysTick_Handler               
00000415  TIMA0_IRQHandler              
00000415  TIMA1_IRQHandler              
00000415  TIMG0_IRQHandler              
00000415  TIMG12_IRQHandler             
00000415  TIMG14_IRQHandler             
00000415  TIMG6_IRQHandler              
00000415  TIMG7_IRQHandler              
00000415  TIMG8_IRQHandler              
00000415  TIMG9_IRQHandler              
00000415  UART1_IRQHandler              
00000415  UART3_IRQHandler              
00000415  UART4_IRQHandler              
00000415  UART5_IRQHandler              
00000415  UART6_IRQHandler              
00000415  UART7_IRQHandler              
00000448  __TI_Handler_Table_Base       
0000044c  __TI_CINIT_Base               
0000044c  __TI_Handler_Table_Limit      
00000454  __TI_CINIT_Limit              
00000454  __TI_CINIT_Warm               
20200000  __start___llvm_prf_bits       
20200000  __start___llvm_prf_cnts       
20200000  __stop___llvm_prf_bits        
20200000  __stop___llvm_prf_cnts        
20200000  gRxPacket                     
20200004  gCheckUART                    
2020ff00  __stack                       
20210000  __STACK_END                   
ffffffff  __TI_pprof_out_hndl           
ffffffff  __TI_prof_data_size           
ffffffff  __TI_prof_data_start          
ffffffff  __binit__                     
ffffffff  binit                         
UNDEFED   __mpu_init                    
UNDEFED   _system_post_cinit            

[90 symbols]
