******************************************************************************
            TI ARM Clang Linker PC v4.0.0                      
******************************************************************************
>> Linked Wed May 21 12:55:57 2025

OUTPUT FILE NAME:   <timx_timer_mode_compare_edge_count_LP_MSPM0G3507_nortos_ticlang.out>
ENTRY POINT SYMBOL: "_c_int00_noargs"  address: 00000a49


MEMORY CONFIGURATION

         name            origin    length      used     unused   attr    fill
----------------------  --------  ---------  --------  --------  ----  --------
  FLASH                 00000000   00020000  00000e38  0001f1c8  R  X
  SRAM                  20200000   00008000  00000365  00007c9b  RW X
  BCR_CONFIG            41c00000   00000080  00000000  00000080  R   
  BSL_CONFIG            41c00100   00000080  00000000  00000080  R   


SEGMENT ALLOCATION MAP

run origin  load origin   length   init length attrs members
----------  ----------- ---------- ----------- ----- -------
00000000    00000000    00000e38   00000e38    r-x
  00000000    00000000    000000c0   000000c0    r-- .intvecs
  000000c0    000000c0    00000ce8   00000ce8    r-x .text
  00000da8    00000da8    00000060   00000060    r-- .rodata
  00000e08    00000e08    00000030   00000030    r-- .cinit
20200000    20200000    00000165   00000000    rw-
  20200000    20200000    0000015c   00000000    rw- .bss
  2020015c    2020015c    00000009   00000000    rw- .data
20207e00    20207e00    00000200   00000000    rw-
  20207e00    20207e00    00000200   00000000    rw- .stack


SECTION ALLOCATION MAP

 output                                  attributes/
section   page    origin      length       input sections
--------  ----  ----------  ----------   ----------------
.intvecs   0    00000000    000000c0     
                  00000000    000000c0     startup_mspm0g350x_ticlang.o (.intvecs)

.text      0    000000c0    00000ce8     
                  000000c0    00000108     driverlib.a : dl_timer.o (.text.DL_Timer_initFourCCPWMMode)
                  000001c8    000000e8                 : dl_timer.o (.text.DL_Timer_initTimerMode)
                  000002b0    000000a8                 : dl_timer.o (.text.DL_Timer_initCompareMode)
                  00000358    0000008c     timx_timer_mode_compare_edge_count.o (.text.main)
                  000003e4    00000088     ti_msp_dl_config.o (.text.SYSCFG_DL_GPIO_init)
                  0000046c    0000007c     ti_msp_dl_config.o (.text.SYSCFG_DL_initPower)
                  000004e8    0000007c     libc.a : copy_decompress_lzss.c.obj (.text:decompress:lzss)
                  00000564    00000064     driverlib.a : dl_sysctl_mspm0g1x0x_g3x0x.o (.text.DL_SYSCTL_setHFCLKSourceHFXTParams)
                  000005c8    00000060                 : dl_timer.o (.text.DL_Timer_initCompareTriggerMode)
                  00000628    00000058     ti_msp_dl_config.o (.text.SYSCFG_DL_PWM_0_init)
                  00000680    00000048     ti_msp_dl_config.o (.text.SYSCFG_DL_COMPARE_0_init)
                  000006c8    00000044     driverlib.a : dl_sysctl_mspm0g1x0x_g3x0x.o (.text.DL_SYSCTL_switchMCLKfromSYSOSCtoHSCLK)
                  0000070c    00000044     ti_msp_dl_config.o (.text.SYSCFG_DL_COMPARE_1_init)
                  00000750    00000040     ti_msp_dl_config.o (.text.DL_GPIO_configSubscriber)
                  00000790    0000003c     ti_msp_dl_config.o (.text.DL_GPIO_initPeripheralInputFunctionFeatures)
                  000007cc    0000003c     libc.a : autoinit.c.obj (.text:__TI_auto_init_nobinit_nopinit)
                  00000808    00000038     ti_msp_dl_config.o (.text.DL_Timer_setPublisherChanID)
                  00000840    00000038     ti_msp_dl_config.o (.text.SYSCFG_DL_SYSCTL_init)
                  00000878    00000038     ti_msp_dl_config.o (.text.SYSCFG_DL_init)
                  000008b0    00000034     ti_msp_dl_config.o (.text.DL_GPIO_setSubscriberChanID)
                  000008e4    00000034     ti_msp_dl_config.o (.text.DL_Timer_setSubscriberChanID)
                  00000918    00000034     ti_msp_dl_config.o (.text.SYSCFG_DL_TIMER_0_init)
                  0000094c    0000002c     timx_timer_mode_compare_edge_count.o (.text.TIMG7_IRQHandler)
                  00000978    0000002c     timx_timer_mode_compare_edge_count.o (.text.__NVIC_EnableIRQ)
                  000009a4    0000002a     ti_msp_dl_config.o (.text.DL_GPIO_enableSubscriber)
                  000009ce    00000028     ti_msp_dl_config.o (.text.DL_Common_updateReg)
                  000009f6    00000002     --HOLE-- [fill = 0]
                  000009f8    00000028     ti_msp_dl_config.o (.text.DL_Timer_enableEvent)
                  00000a20    00000028     ti_msp_dl_config.o (.text.DL_Timer_setExternalTriggerEvent)
                  00000a48    00000028     libc.a : boot_cortex_m.c.obj (.text:_c_int00_noargs)
                  00000a70    00000020     ti_msp_dl_config.o (.text.DL_SYSCTL_setFlashWaitState)
                  00000a90    0000001c     ti_msp_dl_config.o (.text.DL_GPIO_initPeripheralOutputFunction)
                  00000aac    0000001c     ti_msp_dl_config.o (.text.DL_SYSCTL_setSYSOSCFreq)
                  00000ac8    0000001c     ti_msp_dl_config.o (.text.DL_SYSCTL_setULPCLKDivider)
                  00000ae4    0000001c     ti_msp_dl_config.o (.text.DL_Timer_enableExternalTrigger)
                  00000b00    0000001c     ti_msp_dl_config.o (.text.DL_Timer_enableInterrupt)
                  00000b1c    0000001c     driverlib.a : dl_timer.o (.text.DL_Timer_setCaptCompUpdateMethod)
                  00000b38    0000001c                 : dl_timer.o (.text.DL_Timer_setClockConfig)
                  00000b54    0000001c     timx_timer_mode_compare_edge_count.o (.text.DL_Timer_setCoreHaltBehavior)
                  00000b70    00000018     ti_msp_dl_config.o (.text.DL_GPIO_enableOutput)
                  00000b88    00000018     ti_msp_dl_config.o (.text.DL_GPIO_enablePower)
                  00000ba0    00000018     ti_msp_dl_config.o (.text.DL_GPIO_initDigitalOutput)
                  00000bb8    00000018     ti_msp_dl_config.o (.text.DL_GPIO_initPeripheralAnalogFunction)
                  00000bd0    00000018     ti_msp_dl_config.o (.text.DL_GPIO_reset)
                  00000be8    00000018     ti_msp_dl_config.o (.text.DL_GPIO_setPins)
                  00000c00    00000018     timx_timer_mode_compare_edge_count.o (.text.DL_GPIO_togglePins)
                  00000c18    00000018     ti_msp_dl_config.o (.text.DL_SYSCTL_setBORThreshold)
                  00000c30    00000018     ti_msp_dl_config.o (.text.DL_Timer_enablePower)
                  00000c48    00000018     ti_msp_dl_config.o (.text.DL_Timer_reset)
                  00000c60    00000018     driverlib.a : dl_timer.o (.text.DL_Timer_setCaptureCompareOutCtl)
                  00000c78    00000018     timx_timer_mode_compare_edge_count.o (.text.DL_Timer_setLoadValue)
                  00000c90    00000018     timx_timer_mode_compare_edge_count.o (.text.DL_Timer_startCounter)
                  00000ca8    00000018     timx_timer_mode_compare_edge_count.o (.text.DL_Timer_stopCounter)
                  00000cc0    00000016     libc.a : copy_zero_init.c.obj (.text:decompress:ZI:__TI_zero_init_nomemset)
                  00000cd6    00000002     --HOLE-- [fill = 0]
                  00000cd8    00000014     ti_msp_dl_config.o (.text.DL_Timer_enableClock)
                  00000cec    00000014     timx_timer_mode_compare_edge_count.o (.text.DL_Timer_getLoadValue)
                  00000d00    00000014     ti_msp_dl_config.o (.text.DL_Timer_setCCPDirection)
                  00000d14    00000014     timx_timer_mode_compare_edge_count.o (.text.DL_Timer_setTimerCount)
                  00000d28    00000012     timx_timer_mode_compare_edge_count.o (.text.DL_Timer_getPendingInterrupt)
                  00000d3a    00000012     libc.a : memcpy16.S.obj (.text:TI_memcpy_small)
                  00000d4c    00000012            : copy_decompress_none.c.obj (.text:decompress:none)
                  00000d5e    00000010     timx_timer_mode_compare_edge_count.o (.text.DL_Timer_getTimerCount)
                  00000d6e    00000002     --HOLE-- [fill = 0]
                  00000d70    00000010     driverlib.a : dl_timer.o (.text.DL_Timer_setCaptureCompareValue)
                  00000d80    0000000a                 : dl_common.o (.text.DL_Common_delayCycles)
                  00000d8a    00000002     --HOLE-- [fill = 0]
                  00000d8c    00000008     libclang_rt.builtins.a : aeabi_memcpy.S.obj (.text.__aeabi_memcpy)
                  00000d94    00000004     startup_mspm0g350x_ticlang.o (.text.Default_Handler)
                  00000d98    00000004     startup_mspm0g350x_ticlang.o (.text.Reset_Handler)
                  00000d9c    00000004     libc.a : pre_init.c.obj (.text._system_pre_init)
                  00000da0    00000004            : exit.c.obj (.text:abort)
                  00000da4    00000004     --HOLE-- [fill = 0]

.cinit     0    00000e08    00000030     
                  00000e08    0000000c     (__TI_handler_table)
                  00000e14    00000008     (.cinit..bss.load) [load image, compression = zero_init]
                  00000e1c    00000007     (.cinit..data.load) [load image, compression = lzss]
                  00000e23    00000001     --HOLE-- [fill = 0]
                  00000e24    00000010     (__TI_cinit_table)
                  00000e34    00000004     --HOLE-- [fill = 0]

.rodata    0    00000da8    00000060     
                  00000da8    00000014     ti_msp_dl_config.o (.rodata.gCOMPARE_0CompareConfig)
                  00000dbc    00000014     ti_msp_dl_config.o (.rodata.gTIMER_0TimerConfig)
                  00000dd0    0000000c     driverlib.a : dl_timer.o (.rodata..Lswitch.table.DL_Timer_initCompareMode.2)
                  00000ddc    0000000c                 : dl_timer.o (.rodata..Lswitch.table.DL_Timer_initCompareMode)
                  00000de8    0000000c     ti_msp_dl_config.o (.rodata.gCOMPARE_1CompareConfig)
                  00000df4    00000008     ti_msp_dl_config.o (.rodata.gPWM_0Config)
                  00000dfc    00000003     ti_msp_dl_config.o (.rodata.gCOMPARE_0ClockConfig)
                  00000dff    00000003     ti_msp_dl_config.o (.rodata.gCOMPARE_1ClockConfig)
                  00000e02    00000003     ti_msp_dl_config.o (.rodata.gPWM_0ClockConfig)
                  00000e05    00000003     ti_msp_dl_config.o (.rodata.gTIMER_0ClockConfig)

.init_array 
*          0    00000000    00000000     UNINITIALIZED

.binit     0    00000000    00000000     

.bss       0    20200000    0000015c     UNINITIALIZED
                  20200000    000000bc     (.common:gCOMPARE_0Backup)
                  202000bc    000000a0     (.common:gTIMER_0Backup)

.data      0    2020015c    00000009     UNINITIALIZED
                  2020015c    00000004     timx_timer_mode_compare_edge_count.o (.data.edge_num)
                  20200160    00000004     timx_timer_mode_compare_edge_count.o (.data.load_value)
                  20200164    00000001     timx_timer_mode_compare_edge_count.o (.data.check_capture)

.stack     0    20207e00    00000200     UNINITIALIZED
                  20207e00    00000004     libc.a : boot_cortex_m.c.obj (.stack)
                  20207e04    000001fc     --HOLE--

__llvm_prf_cnts 
*          0    20200000    00000000     UNINITIALIZED

__llvm_prf_bits 
*          0    20200000    00000000     UNINITIALIZED

MODULE SUMMARY

       Module                                 code   ro data   rw data
       ------                                 ----   -------   -------
    .\
       ti_msp_dl_config.o                     1526   72        348    
       timx_timer_mode_compare_edge_count.o   426    0         9      
       startup_mspm0g350x_ticlang.o           8      192       0      
    +--+--------------------------------------+------+---------+---------+
       Total:                                 1960   264       357    
                                                                      
    D:/ti/mspm0_sdk_2_02_00_05/source/ti/driverlib/lib/ticlang/m0p/mspm0g1x0x_g3x0x/driverlib.a
       dl_timer.o                             856    24        0      
       dl_sysctl_mspm0g1x0x_g3x0x.o           168    0         0      
       dl_common.o                            10     0         0      
    +--+--------------------------------------+------+---------+---------+
       Total:                                 1034   24        0      
                                                                      
    D:\ti\CCSTheia\ccstheia\ccs\tools\compiler\ti-cgt-armllvm_4.0.0.LTS\lib\armv6m-ti-none-eabi/c/libc.a
       copy_decompress_lzss.c.obj             124    0         0      
       autoinit.c.obj                         60     0         0      
       boot_cortex_m.c.obj                    40     0         0      
       copy_zero_init.c.obj                   22     0         0      
       copy_decompress_none.c.obj             18     0         0      
       memcpy16.S.obj                         18     0         0      
       exit.c.obj                             4      0         0      
       pre_init.c.obj                         4      0         0      
    +--+--------------------------------------+------+---------+---------+
       Total:                                 290    0         0      
                                                                      
    D:\ti\CCSTheia\ccstheia\ccs\tools\compiler\ti-cgt-armllvm_4.0.0.LTS\lib\armv6m-ti-none-eabi/libclang_rt.builtins.a
       aeabi_memcpy.S.obj                     8      0         0      
    +--+--------------------------------------+------+---------+---------+
       Total:                                 8      0         0      
                                                                      
       Stack:                                 0      0         512    
       Linker Generated:                      0      43        0      
    +--+--------------------------------------+------+---------+---------+
       Grand Total:                           3292   331       869    


LINKER GENERATED COPY TABLES

__TI_cinit_table @ 00000e24 records: 2, size/record: 8, table size: 16
	.bss: load addr=00000e14, load size=00000008 bytes, run addr=20200000, run size=0000015c bytes, compression=zero_init
	.data: load addr=00000e1c, load size=00000007 bytes, run addr=2020015c, run size=00000009 bytes, compression=lzss


LINKER GENERATED HANDLER TABLE

__TI_handler_table @ 00000e08 records: 3, size/record: 4, table size: 12
	index: 0, handler: __TI_decompress_lzss
	index: 1, handler: __TI_decompress_none
	index: 2, handler: __TI_zero_init


GLOBAL SYMBOLS: SORTED ALPHABETICALLY BY Name 

address   name                                 
-------   ----                                 
00000d95  ADC0_IRQHandler                      
00000d95  ADC1_IRQHandler                      
00000d95  AES_IRQHandler                       
00000da0  C$$EXIT                              
00000d95  CANFD0_IRQHandler                    
00000d95  DAC0_IRQHandler                      
00000d81  DL_Common_delayCycles                
00000565  DL_SYSCTL_setHFCLKSourceHFXTParams   
000006c9  DL_SYSCTL_switchMCLKfromSYSOSCtoHSCLK
000002b1  DL_Timer_initCompareMode             
000005c9  DL_Timer_initCompareTriggerMode      
000000c1  DL_Timer_initFourCCPWMMode           
000001c9  DL_Timer_initTimerMode               
00000b1d  DL_Timer_setCaptCompUpdateMethod     
00000c61  DL_Timer_setCaptureCompareOutCtl     
00000d71  DL_Timer_setCaptureCompareValue      
00000b39  DL_Timer_setClockConfig              
00000d95  DMA_IRQHandler                       
00000d95  Default_Handler                      
00000d95  GROUP0_IRQHandler                    
00000d95  GROUP1_IRQHandler                    
00000d95  HardFault_Handler                    
00000d95  I2C0_IRQHandler                      
00000d95  I2C1_IRQHandler                      
00000d95  NMI_Handler                          
00000d95  PendSV_Handler                       
00000d95  RTC_IRQHandler                       
00000d99  Reset_Handler                        
00000d95  SPI0_IRQHandler                      
00000d95  SPI1_IRQHandler                      
00000d95  SVC_Handler                          
00000681  SYSCFG_DL_COMPARE_0_init             
0000070d  SYSCFG_DL_COMPARE_1_init             
000003e5  SYSCFG_DL_GPIO_init                  
00000629  SYSCFG_DL_PWM_0_init                 
00000841  SYSCFG_DL_SYSCTL_init                
00000919  SYSCFG_DL_TIMER_0_init               
00000879  SYSCFG_DL_init                       
0000046d  SYSCFG_DL_initPower                  
00000d95  SysTick_Handler                      
00000d95  TIMA0_IRQHandler                     
00000d95  TIMA1_IRQHandler                     
00000d95  TIMG0_IRQHandler                     
00000d95  TIMG12_IRQHandler                    
00000d95  TIMG6_IRQHandler                     
0000094d  TIMG7_IRQHandler                     
00000d95  TIMG8_IRQHandler                     
00000d3b  TI_memcpy_small                      
00000d95  UART0_IRQHandler                     
00000d95  UART1_IRQHandler                     
00000d95  UART2_IRQHandler                     
00000d95  UART3_IRQHandler                     
20208000  __STACK_END                          
00000200  __STACK_SIZE                         
00000000  __TI_ATRegion0_region_sz             
00000000  __TI_ATRegion0_src_addr              
00000000  __TI_ATRegion0_trg_addr              
00000000  __TI_ATRegion1_region_sz             
00000000  __TI_ATRegion1_src_addr              
00000000  __TI_ATRegion1_trg_addr              
00000000  __TI_ATRegion2_region_sz             
00000000  __TI_ATRegion2_src_addr              
00000000  __TI_ATRegion2_trg_addr              
00000e24  __TI_CINIT_Base                      
00000e34  __TI_CINIT_Limit                     
00000e34  __TI_CINIT_Warm                      
00000e08  __TI_Handler_Table_Base              
00000e14  __TI_Handler_Table_Limit             
000007cd  __TI_auto_init_nobinit_nopinit       
000004e9  __TI_decompress_lzss                 
00000d4d  __TI_decompress_none                 
ffffffff  __TI_pprof_out_hndl                  
ffffffff  __TI_prof_data_size                  
ffffffff  __TI_prof_data_start                 
00000000  __TI_static_base__                   
00000cc1  __TI_zero_init_nomemset              
00000d8d  __aeabi_memcpy                       
00000d8d  __aeabi_memcpy4                      
00000d8d  __aeabi_memcpy8                      
ffffffff  __binit__                            
UNDEFED   __mpu_init                           
20207e00  __stack                              
20200000  __start___llvm_prf_bits              
20200000  __start___llvm_prf_cnts              
20200000  __stop___llvm_prf_bits               
20200000  __stop___llvm_prf_cnts               
00000a49  _c_int00_noargs                      
UNDEFED   _system_post_cinit                   
00000d9d  _system_pre_init                     
00000da1  abort                                
ffffffff  binit                                
20200164  check_capture                        
2020015c  edge_num                             
20200000  gCOMPARE_0Backup                     
202000bc  gTIMER_0Backup                       
00000000  interruptVectors                     
20200160  load_value                           
00000359  main                                 


GLOBAL SYMBOLS: SORTED BY Symbol Address 

address   name                                 
-------   ----                                 
00000000  __TI_ATRegion0_region_sz             
00000000  __TI_ATRegion0_src_addr              
00000000  __TI_ATRegion0_trg_addr              
00000000  __TI_ATRegion1_region_sz             
00000000  __TI_ATRegion1_src_addr              
00000000  __TI_ATRegion1_trg_addr              
00000000  __TI_ATRegion2_region_sz             
00000000  __TI_ATRegion2_src_addr              
00000000  __TI_ATRegion2_trg_addr              
00000000  __TI_static_base__                   
00000000  interruptVectors                     
000000c1  DL_Timer_initFourCCPWMMode           
000001c9  DL_Timer_initTimerMode               
00000200  __STACK_SIZE                         
000002b1  DL_Timer_initCompareMode             
00000359  main                                 
000003e5  SYSCFG_DL_GPIO_init                  
0000046d  SYSCFG_DL_initPower                  
000004e9  __TI_decompress_lzss                 
00000565  DL_SYSCTL_setHFCLKSourceHFXTParams   
000005c9  DL_Timer_initCompareTriggerMode      
00000629  SYSCFG_DL_PWM_0_init                 
00000681  SYSCFG_DL_COMPARE_0_init             
000006c9  DL_SYSCTL_switchMCLKfromSYSOSCtoHSCLK
0000070d  SYSCFG_DL_COMPARE_1_init             
000007cd  __TI_auto_init_nobinit_nopinit       
00000841  SYSCFG_DL_SYSCTL_init                
00000879  SYSCFG_DL_init                       
00000919  SYSCFG_DL_TIMER_0_init               
0000094d  TIMG7_IRQHandler                     
00000a49  _c_int00_noargs                      
00000b1d  DL_Timer_setCaptCompUpdateMethod     
00000b39  DL_Timer_setClockConfig              
00000c61  DL_Timer_setCaptureCompareOutCtl     
00000cc1  __TI_zero_init_nomemset              
00000d3b  TI_memcpy_small                      
00000d4d  __TI_decompress_none                 
00000d71  DL_Timer_setCaptureCompareValue      
00000d81  DL_Common_delayCycles                
00000d8d  __aeabi_memcpy                       
00000d8d  __aeabi_memcpy4                      
00000d8d  __aeabi_memcpy8                      
00000d95  ADC0_IRQHandler                      
00000d95  ADC1_IRQHandler                      
00000d95  AES_IRQHandler                       
00000d95  CANFD0_IRQHandler                    
00000d95  DAC0_IRQHandler                      
00000d95  DMA_IRQHandler                       
00000d95  Default_Handler                      
00000d95  GROUP0_IRQHandler                    
00000d95  GROUP1_IRQHandler                    
00000d95  HardFault_Handler                    
00000d95  I2C0_IRQHandler                      
00000d95  I2C1_IRQHandler                      
00000d95  NMI_Handler                          
00000d95  PendSV_Handler                       
00000d95  RTC_IRQHandler                       
00000d95  SPI0_IRQHandler                      
00000d95  SPI1_IRQHandler                      
00000d95  SVC_Handler                          
00000d95  SysTick_Handler                      
00000d95  TIMA0_IRQHandler                     
00000d95  TIMA1_IRQHandler                     
00000d95  TIMG0_IRQHandler                     
00000d95  TIMG12_IRQHandler                    
00000d95  TIMG6_IRQHandler                     
00000d95  TIMG8_IRQHandler                     
00000d95  UART0_IRQHandler                     
00000d95  UART1_IRQHandler                     
00000d95  UART2_IRQHandler                     
00000d95  UART3_IRQHandler                     
00000d99  Reset_Handler                        
00000d9d  _system_pre_init                     
00000da0  C$$EXIT                              
00000da1  abort                                
00000e08  __TI_Handler_Table_Base              
00000e14  __TI_Handler_Table_Limit             
00000e24  __TI_CINIT_Base                      
00000e34  __TI_CINIT_Limit                     
00000e34  __TI_CINIT_Warm                      
20200000  __start___llvm_prf_bits              
20200000  __start___llvm_prf_cnts              
20200000  __stop___llvm_prf_bits               
20200000  __stop___llvm_prf_cnts               
20200000  gCOMPARE_0Backup                     
202000bc  gTIMER_0Backup                       
2020015c  edge_num                             
20200160  load_value                           
20200164  check_capture                        
20207e00  __stack                              
20208000  __STACK_END                          
ffffffff  __TI_pprof_out_hndl                  
ffffffff  __TI_prof_data_size                  
ffffffff  __TI_prof_data_start                 
ffffffff  __binit__                            
ffffffff  binit                                
UNDEFED   __mpu_init                           
UNDEFED   _system_post_cinit                   

[98 symbols]
