******************************************************************************
            TI ARM Clang Linker PC v4.0.0                      
******************************************************************************
>> Linked Thu May  1 17:30:05 2025

OUTPUT FILE NAME:   <MSPM0G3507_si5351.out>
ENTRY POINT SYMBOL: "_c_int00_noinit_noargs"  address: 00000859


MEMORY CONFIGURATION

         name            origin    length      used     unused   attr    fill
----------------------  --------  ---------  --------  --------  ----  --------
  FLASH                 00000000   00020000  000008b8  0001f748  R  X
  SRAM                  20200000   00008000  00000200  00007e00  RW X
  BCR_CONFIG            41c00000   00000080  00000000  00000080  R   
  BSL_CONFIG            41c00100   00000080  00000000  00000080  R   


SEGMENT ALLOCATION MAP

run origin  load origin   length   init length attrs members
----------  ----------- ---------- ----------- ----- -------
00000000    00000000    000008b8   000008b8    r-x
  00000000    00000000    000000c0   000000c0    r-- .intvecs
  000000c0    000000c0    000007f8   000007f8    r-x .text
20207e00    20207e00    00000200   00000000    rw-
  20207e00    20207e00    00000200   00000000    rw- .stack


SECTION ALLOCATION MAP

 output                                  attributes/
section   page    origin      length       input sections
--------  ----  ----------  ----------   ----------------
.intvecs   0    00000000    000000c0     
                  00000000    000000c0     startup_mspm0g350x_ticlang.o (.intvecs)

.text      0    000000c0    000007f8     
                  000000c0    00000370     si5351.o (.text.IICsendreg)
                  00000430    000000c8     si5351.o (.text.SetFrequency)
                  000004f8    000000ac     si5351.o (.text.SetPLLClk)
                  000005a4    0000008c     libclang_rt.builtins.a : mulsf3.S.obj (.text.__mulsf3)
                  00000630    00000082                            : divsf3.S.obj (.text.__divsf3)
                  000006b2    00000002     startup_mspm0g350x_ticlang.o (.text.Default_Handler)
                  000006b4    00000040     ti_msp_dl_config.o (.text.SYSCFG_DL_SYSCTL_init)
                  000006f4    00000040     libclang_rt.builtins.a : aeabi_uidivmod.S.obj (.text.__aeabi_uidivmod)
                  00000734    0000003a                            : muldsi3.S.obj (.text.__muldsi3)
                  0000076e    00000002                            : aeabi_div0.c.obj (.text.__aeabi_idiv0)
                  00000770    00000038                            : fixsfsi.S.obj (.text.__fixsfsi)
                  000007a8    00000032                            : fixunssfsi.S.obj (.text.__fixunssfsi)
                  000007da    00000002     --HOLE-- [fill = 0]
                  000007dc    0000002c     ti_msp_dl_config.o (.text.SYSCFG_DL_initPower)
                  00000808    00000028     ti_msp_dl_config.o (.text.SYSCFG_DL_GPIO_init)
                  00000830    00000028     libclang_rt.builtins.a : floatunsisf.S.obj (.text.__floatunsisf)
                  00000858    00000020     libc.a : boot_cortex_m.c.obj (.text:_c_int00_noinit_noargs)
                  00000878    00000014     empty.o (.text.main)
                  0000088c    00000010     ti_msp_dl_config.o (.text.SYSCFG_DL_init)
                  0000089c    0000000a     driverlib.a : dl_common.o (.text.DL_Common_delayCycles)
                  000008a6    00000004     startup_mspm0g350x_ticlang.o (.text.Reset_Handler)
                  000008aa    00000004     libc.a : pre_init.c.obj (.text._system_pre_init)
                  000008ae    00000004            : exit.c.obj (.text:abort)
                  000008b2    00000006     --HOLE-- [fill = 0]

.cinit     0    00000000    00000000     

.init_array 
*          0    00000000    00000000     UNINITIALIZED

.binit     0    00000000    00000000     

.stack     0    20207e00    00000200     UNINITIALIZED
                  20207e00    00000004     libc.a : boot_cortex_m.c.obj (.stack)
                  20207e04    000001fc     --HOLE--

__llvm_prf_cnts 
*          0    20200000    00000000     UNINITIALIZED

__llvm_prf_bits 
*          0    20200000    00000000     UNINITIALIZED

MODULE SUMMARY

       Module                         code   ro data   rw data
       ------                         ----   -------   -------
    .\
       si5351.o                       1252   0         0      
       startup_mspm0g350x_ticlang.o   6      192       0      
       ti_msp_dl_config.o             164    0         0      
       empty.o                        20     0         0      
    +--+------------------------------+------+---------+---------+
       Total:                         1442   192       0      
                                                              
    D:/ti/mspm0_sdk_2_02_00_05/source/ti/driverlib/lib/ticlang/m0p/mspm0g1x0x_g3x0x/driverlib.a
       dl_common.o                    10     0         0      
    +--+------------------------------+------+---------+---------+
       Total:                         10     0         0      
                                                              
    D:\ti\CCSTheia\ccstheia\ccs\tools\compiler\ti-cgt-armllvm_4.0.0.LTS\lib\armv6m-ti-none-eabi/c/libc.a
       boot_cortex_m.c.obj            32     0         0      
       exit.c.obj                     4      0         0      
       pre_init.c.obj                 4      0         0      
    +--+------------------------------+------+---------+---------+
       Total:                         40     0         0      
                                                              
    D:\ti\CCSTheia\ccstheia\ccs\tools\compiler\ti-cgt-armllvm_4.0.0.LTS\lib\armv6m-ti-none-eabi/libclang_rt.builtins.a
       mulsf3.S.obj                   140    0         0      
       divsf3.S.obj                   130    0         0      
       aeabi_uidivmod.S.obj           64     0         0      
       muldsi3.S.obj                  58     0         0      
       fixsfsi.S.obj                  56     0         0      
       fixunssfsi.S.obj               50     0         0      
       floatunsisf.S.obj              40     0         0      
       aeabi_div0.c.obj               2      0         0      
    +--+------------------------------+------+---------+---------+
       Total:                         540    0         0      
                                                              
       Stack:                         0      0         512    
    +--+------------------------------+------+---------+---------+
       Grand Total:                   2032   192       512    


GLOBAL SYMBOLS: SORTED ALPHABETICALLY BY Name 

address   name                    
-------   ----                    
000006b3  ADC0_IRQHandler         
000006b3  ADC1_IRQHandler         
000006b3  AES_IRQHandler          
000008ae  C$$EXIT                 
000006b3  CANFD0_IRQHandler       
000006b3  DAC0_IRQHandler         
0000089d  DL_Common_delayCycles   
000006b3  DMA_IRQHandler          
000006b3  Default_Handler         
000006b3  GROUP0_IRQHandler       
000006b3  GROUP1_IRQHandler       
000006b3  HardFault_Handler       
000006b3  I2C0_IRQHandler         
000006b3  I2C1_IRQHandler         
000000c1  IICsendreg              
000006b3  NMI_Handler             
000006b3  PendSV_Handler          
000006b3  RTC_IRQHandler          
000008a7  Reset_Handler           
000006b3  SPI0_IRQHandler         
000006b3  SPI1_IRQHandler         
000006b3  SVC_Handler             
00000809  SYSCFG_DL_GPIO_init     
000006b5  SYSCFG_DL_SYSCTL_init   
0000088d  SYSCFG_DL_init          
000007dd  SYSCFG_DL_initPower     
00000431  SetFrequency            
000004f9  SetPLLClk               
000006b3  SysTick_Handler         
000006b3  TIMA0_IRQHandler        
000006b3  TIMA1_IRQHandler        
000006b3  TIMG0_IRQHandler        
000006b3  TIMG12_IRQHandler       
000006b3  TIMG6_IRQHandler        
000006b3  TIMG7_IRQHandler        
000006b3  TIMG8_IRQHandler        
000006b3  UART0_IRQHandler        
000006b3  UART1_IRQHandler        
000006b3  UART2_IRQHandler        
000006b3  UART3_IRQHandler        
20208000  __STACK_END             
00000200  __STACK_SIZE            
00000000  __TI_ATRegion0_region_sz
00000000  __TI_ATRegion0_src_addr 
00000000  __TI_ATRegion0_trg_addr 
00000000  __TI_ATRegion1_region_sz
00000000  __TI_ATRegion1_src_addr 
00000000  __TI_ATRegion1_trg_addr 
00000000  __TI_ATRegion2_region_sz
00000000  __TI_ATRegion2_src_addr 
00000000  __TI_ATRegion2_trg_addr 
00000000  __TI_CINIT_Base         
00000000  __TI_CINIT_Limit        
00000000  __TI_CINIT_Warm         
ffffffff  __TI_pprof_out_hndl     
ffffffff  __TI_prof_data_size     
ffffffff  __TI_prof_data_start    
00000000  __TI_static_base__      
00000771  __aeabi_f2iz            
000007a9  __aeabi_f2uiz           
00000631  __aeabi_fdiv            
000005a5  __aeabi_fmul            
0000076f  __aeabi_idiv0           
00000831  __aeabi_ui2f            
000006f5  __aeabi_uidiv           
000006f5  __aeabi_uidivmod        
ffffffff  __binit__               
00000631  __divsf3                
00000771  __fixsfsi               
000007a9  __fixunssfsi            
00000831  __floatunsisf           
UNDEFED   __mpu_init              
00000735  __muldsi3               
000005a5  __mulsf3                
20207e00  __stack                 
20200000  __start___llvm_prf_bits 
20200000  __start___llvm_prf_cnts 
20200000  __stop___llvm_prf_bits  
20200000  __stop___llvm_prf_cnts  
00000859  _c_int00_noinit_noargs  
000008ab  _system_pre_init        
000008af  abort                   
ffffffff  binit                   
00000000  interruptVectors        
00000879  main                    


GLOBAL SYMBOLS: SORTED BY Symbol Address 

address   name                    
-------   ----                    
00000000  __TI_ATRegion0_region_sz
00000000  __TI_ATRegion0_src_addr 
00000000  __TI_ATRegion0_trg_addr 
00000000  __TI_ATRegion1_region_sz
00000000  __TI_ATRegion1_src_addr 
00000000  __TI_ATRegion1_trg_addr 
00000000  __TI_ATRegion2_region_sz
00000000  __TI_ATRegion2_src_addr 
00000000  __TI_ATRegion2_trg_addr 
00000000  __TI_CINIT_Base         
00000000  __TI_CINIT_Limit        
00000000  __TI_CINIT_Warm         
00000000  __TI_static_base__      
00000000  interruptVectors        
000000c1  IICsendreg              
00000200  __STACK_SIZE            
00000431  SetFrequency            
000004f9  SetPLLClk               
000005a5  __aeabi_fmul            
000005a5  __mulsf3                
00000631  __aeabi_fdiv            
00000631  __divsf3                
000006b3  ADC0_IRQHandler         
000006b3  ADC1_IRQHandler         
000006b3  AES_IRQHandler          
000006b3  CANFD0_IRQHandler       
000006b3  DAC0_IRQHandler         
000006b3  DMA_IRQHandler          
000006b3  Default_Handler         
000006b3  GROUP0_IRQHandler       
000006b3  GROUP1_IRQHandler       
000006b3  HardFault_Handler       
000006b3  I2C0_IRQHandler         
000006b3  I2C1_IRQHandler         
000006b3  NMI_Handler             
000006b3  PendSV_Handler          
000006b3  RTC_IRQHandler          
000006b3  SPI0_IRQHandler         
000006b3  SPI1_IRQHandler         
000006b3  SVC_Handler             
000006b3  SysTick_Handler         
000006b3  TIMA0_IRQHandler        
000006b3  TIMA1_IRQHandler        
000006b3  TIMG0_IRQHandler        
000006b3  TIMG12_IRQHandler       
000006b3  TIMG6_IRQHandler        
000006b3  TIMG7_IRQHandler        
000006b3  TIMG8_IRQHandler        
000006b3  UART0_IRQHandler        
000006b3  UART1_IRQHandler        
000006b3  UART2_IRQHandler        
000006b3  UART3_IRQHandler        
000006b5  SYSCFG_DL_SYSCTL_init   
000006f5  __aeabi_uidiv           
000006f5  __aeabi_uidivmod        
00000735  __muldsi3               
0000076f  __aeabi_idiv0           
00000771  __aeabi_f2iz            
00000771  __fixsfsi               
000007a9  __aeabi_f2uiz           
000007a9  __fixunssfsi            
000007dd  SYSCFG_DL_initPower     
00000809  SYSCFG_DL_GPIO_init     
00000831  __aeabi_ui2f            
00000831  __floatunsisf           
00000859  _c_int00_noinit_noargs  
00000879  main                    
0000088d  SYSCFG_DL_init          
0000089d  DL_Common_delayCycles   
000008a7  Reset_Handler           
000008ab  _system_pre_init        
000008ae  C$$EXIT                 
000008af  abort                   
20200000  __start___llvm_prf_bits 
20200000  __start___llvm_prf_cnts 
20200000  __stop___llvm_prf_bits  
20200000  __stop___llvm_prf_cnts  
20207e00  __stack                 
20208000  __STACK_END             
ffffffff  __TI_pprof_out_hndl     
ffffffff  __TI_prof_data_size     
ffffffff  __TI_prof_data_start    
ffffffff  __binit__               
ffffffff  binit                   
UNDEFED   __mpu_init              

[85 symbols]
