******************************************************************************
            TI ARM Clang Linker PC v4.0.0                      
******************************************************************************
>> Linked Wed May  7 16:57:19 2025

OUTPUT FILE NAME:   <empty_LP_MSPM0G3507_nortos_ticlang.out>
ENTRY POINT SYMBOL: "_c_int00_noargs"  address: 000009a9


MEMORY CONFIGURATION

         name            origin    length      used     unused   attr    fill
----------------------  --------  ---------  --------  --------  ----  --------
  FLASH                 00000000   00020000  00000b58  0001f4a8  R  X
  SRAM                  20200000   00008000  00000aa4  0000755c  RW X
  BCR_CONFIG            41c00000   00000080  00000000  00000080  R   
  BSL_CONFIG            41c00100   00000080  00000000  00000080  R   


SEGMENT ALLOCATION MAP

run origin  load origin   length   init length attrs members
----------  ----------- ---------- ----------- ----- -------
00000000    00000000    00000b58   00000b58    r-x
  00000000    00000000    000000c0   000000c0    r-- .intvecs
  000000c0    000000c0    000009d0   000009d0    r-x .text
  00000a90    00000a90    00000098   00000098    r-- .rodata
  00000b28    00000b28    00000030   00000030    r-- .cinit
20200000    20200000    000008a4   00000000    rw-
  20200000    20200000    000008a0   00000000    rw- .bss
  202008a0    202008a0    00000004   00000000    rw- .data
20207e00    20207e00    00000200   00000000    rw-
  20207e00    20207e00    00000200   00000000    rw- .stack


SECTION ALLOCATION MAP

 output                                  attributes/
section   page    origin      length       input sections
--------  ----  ----------  ----------   ----------------
.intvecs   0    00000000    000000c0     
                  00000000    000000c0     startup_mspm0g350x_ticlang.o (.intvecs)

.text      0    000000c0    000009d0     
                  000000c0    000000e8     driverlib.a : dl_timer.o (.text.DL_Timer_initTimerMode)
                  000001a8    000000dc                 : dl_sysctl_mspm0g1x0x_g3x0x.o (.text.DL_SYSCTL_configSYSPLL)
                  00000284    0000009a     libc.a : memcpy16.S.obj (.text:memcpy)
                  0000031e    00000002     startup_mspm0g350x_ticlang.o (.text.Default_Handler)
                  00000320    00000098     ti_msp_dl_config.o (.text.SYSCFG_DL_Music_ADC_init)
                  000003b8    00000090     ti_msp_dl_config.o (.text.SYSCFG_DL_Wave_ADC_init)
                  00000448    0000007c     libc.a : copy_decompress_lzss.c.obj (.text:decompress:lzss)
                  000004c4    00000074     ADC_Without_FIFO.o (.text.main)
                  00000538    00000064     driverlib.a : dl_sysctl_mspm0g1x0x_g3x0x.o (.text.DL_SYSCTL_setHFCLKSourceHFXTParams)
                  0000059c    00000062     libc.a : memset16.S.obj (.text:memset)
                  000005fe    00000002     libclang_rt.builtins.a : aeabi_div0.c.obj (.text.__aeabi_idiv0)
                  00000600    00000060     ti_msp_dl_config.o (.text.SYSCFG_DL_SYSCTL_init)
                  00000660    00000054     ti_msp_dl_config.o (.text.SYSCFG_DL_initPower)
                  000006b4    0000004c     adc.o (.text.ADC_Init)
                  00000700    0000004c     driverlib.a : dl_dma.o (.text.DL_DMA_initChannel)
                  0000074c    00000044                 : dl_sysctl_mspm0g1x0x_g3x0x.o (.text.DL_SYSCTL_switchMCLKfromSYSOSCtoHSCLK)
                  00000790    00000044     ti_msp_dl_config.o (.text.SYSCFG_DL_Wave_TIM_init)
                  000007d4    00000040     driverlib.a : dl_adc12.o (.text.DL_ADC12_setClockConfig)
                  00000814    00000040     ti_msp_dl_config.o (.text.SYSCFG_DL_Music_TIM_init)
                  00000854    00000040     libclang_rt.builtins.a : aeabi_uidivmod.S.obj (.text.__aeabi_uidivmod)
                  00000894    0000003c     libc.a : autoinit.c.obj (.text:__TI_auto_init_nobinit_nopinit)
                  000008d0    00000030     ti_msp_dl_config.o (.text.SYSCFG_DL_init)
                  00000900    0000002c     adc.o (.text.Start_Music_ADC)
                  0000092c    0000002c     adc.o (.text.Start_Wave_ADC)
                  00000958    00000028     adc.o (.text.ADC0_IRQHandler)
                  00000980    00000028     adc.o (.text.ADC1_IRQHandler)
                  000009a8    00000028     libc.a : boot_cortex_m.c.obj (.text:_c_int00_noargs)
                  000009d0    00000020     ti_msp_dl_config.o (.text.SYSCFG_DL_Music_DMA_init)
                  000009f0    0000001c     driverlib.a : dl_timer.o (.text.DL_Timer_setClockConfig)
                  00000a0c    00000018     ti_msp_dl_config.o (.text.SYSCFG_DL_Wave_DMA_init)
                  00000a24    00000012     libc.a : copy_decompress_none.c.obj (.text:decompress:none)
                  00000a36    00000002     --HOLE-- [fill = 0]
                  00000a38    00000010     ti_msp_dl_config.o (.text.SYSCFG_DL_GPIO_init)
                  00000a48    00000010     libc.a : copy_zero_init.c.obj (.text:decompress:ZI)
                  00000a58    0000000c     ti_msp_dl_config.o (.text.SYSCFG_DL_DMA_init)
                  00000a64    0000000c     libclang_rt.builtins.a : aeabi_memset.S.obj (.text.__aeabi_memclr)
                  00000a70    0000000a     driverlib.a : dl_common.o (.text.DL_Common_delayCycles)
                  00000a7a    00000002     --HOLE-- [fill = 0]
                  00000a7c    00000008     libclang_rt.builtins.a : aeabi_memcpy.S.obj (.text.__aeabi_memcpy)
                  00000a84    00000004     startup_mspm0g350x_ticlang.o (.text.Reset_Handler)
                  00000a88    00000004     libc.a : pre_init.c.obj (.text._system_pre_init)
                  00000a8c    00000004            : exit.c.obj (.text:abort)

.cinit     0    00000b28    00000030     
                  00000b28    0000000c     (__TI_handler_table)
                  00000b34    00000008     (.cinit..bss.load) [load image, compression = zero_init]
                  00000b3c    00000008     (.cinit..data.load) [load image, compression = lzss]
                  00000b44    00000010     (__TI_cinit_table)
                  00000b54    00000004     --HOLE-- [fill = 0]

.rodata    0    00000a90    00000098     
                  00000a90    00000028     ti_msp_dl_config.o (.rodata.gSYSPLLConfig)
                  00000ab8    00000018     ti_msp_dl_config.o (.rodata.gMusic_DMAConfig)
                  00000ad0    00000018     ti_msp_dl_config.o (.rodata.gWave_DMAConfig)
                  00000ae8    00000014     ti_msp_dl_config.o (.rodata.gMusic_TIMTimerConfig)
                  00000afc    00000014     ti_msp_dl_config.o (.rodata.gWave_TIMTimerConfig)
                  00000b10    00000008     ti_msp_dl_config.o (.rodata.gMusic_ADCClockConfig)
                  00000b18    00000008     ti_msp_dl_config.o (.rodata.gWave_ADCClockConfig)
                  00000b20    00000003     ti_msp_dl_config.o (.rodata.gMusic_TIMClockConfig)
                  00000b23    00000003     ti_msp_dl_config.o (.rodata.gWave_TIMClockConfig)
                  00000b26    00000002     --HOLE-- [fill = 0]

.init_array 
*          0    00000000    00000000     UNINITIALIZED

.binit     0    00000000    00000000     

.bss       0    20200000    000008a0     UNINITIALIZED
                  20200000    00000800     (.common:gADCSamples)
                  20200800    000000a0     (.common:gWave_TIMBackup)

.data      0    202008a0    00000004     UNINITIALIZED
                  202008a0    00000002     adc.o (.data.ADC_Sample_size)
                  202008a2    00000001     adc.o (.data.check_music_adc)
                  202008a3    00000001     adc.o (.data.check_wave_adc)

.stack     0    20207e00    00000200     UNINITIALIZED
                  20207e00    00000004     libc.a : boot_cortex_m.c.obj (.stack)
                  20207e04    000001fc     --HOLE--

__llvm_prf_cnts 
*          0    20200000    00000000     UNINITIALIZED

__llvm_prf_bits 
*          0    20200000    00000000     UNINITIALIZED

MODULE SUMMARY

       Module                         code   ro data   rw data
       ------                         ----   -------   -------
    .\
       adc.o                          244    0         2052   
       ti_msp_dl_config.o             740    150       160    
       startup_mspm0g350x_ticlang.o   6      192       0      
       ADC_Without_FIFO.o             116    0         0      
    +--+------------------------------+------+---------+---------+
       Total:                         1106   342       2212   
                                                              
    D:/ti/mspm0_sdk_2_02_00_05/source/ti/driverlib/lib/ticlang/m0p/mspm0g1x0x_g3x0x/driverlib.a
       dl_sysctl_mspm0g1x0x_g3x0x.o   388    0         0      
       dl_timer.o                     260    0         0      
       dl_dma.o                       76     0         0      
       dl_adc12.o                     64     0         0      
       dl_common.o                    10     0         0      
    +--+------------------------------+------+---------+---------+
       Total:                         798    0         0      
                                                              
    D:\ti\CCSTheia\ccstheia\ccs\tools\compiler\ti-cgt-armllvm_4.0.0.LTS\lib\armv6m-ti-none-eabi/c/libc.a
       memcpy16.S.obj                 154    0         0      
       copy_decompress_lzss.c.obj     124    0         0      
       memset16.S.obj                 98     0         0      
       autoinit.c.obj                 60     0         0      
       boot_cortex_m.c.obj            40     0         0      
       copy_decompress_none.c.obj     18     0         0      
       copy_zero_init.c.obj           16     0         0      
       exit.c.obj                     4      0         0      
       pre_init.c.obj                 4      0         0      
    +--+------------------------------+------+---------+---------+
       Total:                         518    0         0      
                                                              
    D:\ti\CCSTheia\ccstheia\ccs\tools\compiler\ti-cgt-armllvm_4.0.0.LTS\lib\armv6m-ti-none-eabi/libclang_rt.builtins.a
       aeabi_uidivmod.S.obj           64     0         0      
       aeabi_memset.S.obj             12     0         0      
       aeabi_memcpy.S.obj             8      0         0      
       aeabi_div0.c.obj               2      0         0      
    +--+------------------------------+------+---------+---------+
       Total:                         86     0         0      
                                                              
       Stack:                         0      0         512    
       Linker Generated:              0      44        0      
    +--+------------------------------+------+---------+---------+
       Grand Total:                   2508   386       2724   


LINKER GENERATED COPY TABLES

__TI_cinit_table @ 00000b44 records: 2, size/record: 8, table size: 16
	.bss: load addr=00000b34, load size=00000008 bytes, run addr=20200000, run size=000008a0 bytes, compression=zero_init
	.data: load addr=00000b3c, load size=00000008 bytes, run addr=202008a0, run size=00000004 bytes, compression=lzss


LINKER GENERATED HANDLER TABLE

__TI_handler_table @ 00000b28 records: 3, size/record: 4, table size: 12
	index: 0, handler: __TI_decompress_lzss
	index: 1, handler: __TI_decompress_none
	index: 2, handler: __TI_zero_init


GLOBAL SYMBOLS: SORTED ALPHABETICALLY BY Name 

address   name                                 
-------   ----                                 
00000959  ADC0_IRQHandler                      
00000981  ADC1_IRQHandler                      
000006b5  ADC_Init                             
202008a0  ADC_Sample_size                      
0000031f  AES_IRQHandler                       
00000a8c  C$$EXIT                              
0000031f  CANFD0_IRQHandler                    
0000031f  DAC0_IRQHandler                      
000007d5  DL_ADC12_setClockConfig              
00000a71  DL_Common_delayCycles                
00000701  DL_DMA_initChannel                   
000001a9  DL_SYSCTL_configSYSPLL               
00000539  DL_SYSCTL_setHFCLKSourceHFXTParams   
0000074d  DL_SYSCTL_switchMCLKfromSYSOSCtoHSCLK
000000c1  DL_Timer_initTimerMode               
000009f1  DL_Timer_setClockConfig              
0000031f  DMA_IRQHandler                       
0000031f  Default_Handler                      
0000031f  GROUP0_IRQHandler                    
0000031f  GROUP1_IRQHandler                    
0000031f  HardFault_Handler                    
0000031f  I2C0_IRQHandler                      
0000031f  I2C1_IRQHandler                      
0000031f  NMI_Handler                          
0000031f  PendSV_Handler                       
0000031f  RTC_IRQHandler                       
00000a85  Reset_Handler                        
0000031f  SPI0_IRQHandler                      
0000031f  SPI1_IRQHandler                      
0000031f  SVC_Handler                          
00000a59  SYSCFG_DL_DMA_init                   
00000a39  SYSCFG_DL_GPIO_init                  
00000321  SYSCFG_DL_Music_ADC_init             
000009d1  SYSCFG_DL_Music_DMA_init             
00000815  SYSCFG_DL_Music_TIM_init             
00000601  SYSCFG_DL_SYSCTL_init                
000003b9  SYSCFG_DL_Wave_ADC_init              
00000a0d  SYSCFG_DL_Wave_DMA_init              
00000791  SYSCFG_DL_Wave_TIM_init              
000008d1  SYSCFG_DL_init                       
00000661  SYSCFG_DL_initPower                  
00000901  Start_Music_ADC                      
0000092d  Start_Wave_ADC                       
0000031f  SysTick_Handler                      
0000031f  TIMA0_IRQHandler                     
0000031f  TIMA1_IRQHandler                     
0000031f  TIMG0_IRQHandler                     
0000031f  TIMG12_IRQHandler                    
0000031f  TIMG6_IRQHandler                     
0000031f  TIMG7_IRQHandler                     
0000031f  TIMG8_IRQHandler                     
0000031f  UART0_IRQHandler                     
0000031f  UART1_IRQHandler                     
0000031f  UART2_IRQHandler                     
0000031f  UART3_IRQHandler                     
20208000  __STACK_END                          
00000200  __STACK_SIZE                         
00000000  __TI_ATRegion0_region_sz             
00000000  __TI_ATRegion0_src_addr              
00000000  __TI_ATRegion0_trg_addr              
00000000  __TI_ATRegion1_region_sz             
00000000  __TI_ATRegion1_src_addr              
00000000  __TI_ATRegion1_trg_addr              
00000000  __TI_ATRegion2_region_sz             
00000000  __TI_ATRegion2_src_addr              
00000000  __TI_ATRegion2_trg_addr              
00000b44  __TI_CINIT_Base                      
00000b54  __TI_CINIT_Limit                     
00000b54  __TI_CINIT_Warm                      
00000b28  __TI_Handler_Table_Base              
00000b34  __TI_Handler_Table_Limit             
00000895  __TI_auto_init_nobinit_nopinit       
00000449  __TI_decompress_lzss                 
00000a25  __TI_decompress_none                 
ffffffff  __TI_pprof_out_hndl                  
ffffffff  __TI_prof_data_size                  
ffffffff  __TI_prof_data_start                 
00000000  __TI_static_base__                   
00000a49  __TI_zero_init                       
000005ff  __aeabi_idiv0                        
00000a65  __aeabi_memclr                       
00000a65  __aeabi_memclr4                      
00000a65  __aeabi_memclr8                      
00000a7d  __aeabi_memcpy                       
00000a7d  __aeabi_memcpy4                      
00000a7d  __aeabi_memcpy8                      
00000855  __aeabi_uidiv                        
00000855  __aeabi_uidivmod                     
ffffffff  __binit__                            
UNDEFED   __mpu_init                           
20207e00  __stack                              
20200000  __start___llvm_prf_bits              
20200000  __start___llvm_prf_cnts              
20200000  __stop___llvm_prf_bits               
20200000  __stop___llvm_prf_cnts               
000009a9  _c_int00_noargs                      
UNDEFED   _system_post_cinit                   
00000a89  _system_pre_init                     
00000a8d  abort                                
ffffffff  binit                                
202008a2  check_music_adc                      
202008a3  check_wave_adc                       
20200000  gADCSamples                          
20200800  gWave_TIMBackup                      
00000000  interruptVectors                     
000004c5  main                                 
00000285  memcpy                               
0000059d  memset                               


GLOBAL SYMBOLS: SORTED BY Symbol Address 

address   name                                 
-------   ----                                 
00000000  __TI_ATRegion0_region_sz             
00000000  __TI_ATRegion0_src_addr              
00000000  __TI_ATRegion0_trg_addr              
00000000  __TI_ATRegion1_region_sz             
00000000  __TI_ATRegion1_src_addr              
00000000  __TI_ATRegion1_trg_addr              
00000000  __TI_ATRegion2_region_sz             
00000000  __TI_ATRegion2_src_addr              
00000000  __TI_ATRegion2_trg_addr              
00000000  __TI_static_base__                   
00000000  interruptVectors                     
000000c1  DL_Timer_initTimerMode               
000001a9  DL_SYSCTL_configSYSPLL               
00000200  __STACK_SIZE                         
00000285  memcpy                               
0000031f  AES_IRQHandler                       
0000031f  CANFD0_IRQHandler                    
0000031f  DAC0_IRQHandler                      
0000031f  DMA_IRQHandler                       
0000031f  Default_Handler                      
0000031f  GROUP0_IRQHandler                    
0000031f  GROUP1_IRQHandler                    
0000031f  HardFault_Handler                    
0000031f  I2C0_IRQHandler                      
0000031f  I2C1_IRQHandler                      
0000031f  NMI_Handler                          
0000031f  PendSV_Handler                       
0000031f  RTC_IRQHandler                       
0000031f  SPI0_IRQHandler                      
0000031f  SPI1_IRQHandler                      
0000031f  SVC_Handler                          
0000031f  SysTick_Handler                      
0000031f  TIMA0_IRQHandler                     
0000031f  TIMA1_IRQHandler                     
0000031f  TIMG0_IRQHandler                     
0000031f  TIMG12_IRQHandler                    
0000031f  TIMG6_IRQHandler                     
0000031f  TIMG7_IRQHandler                     
0000031f  TIMG8_IRQHandler                     
0000031f  UART0_IRQHandler                     
0000031f  UART1_IRQHandler                     
0000031f  UART2_IRQHandler                     
0000031f  UART3_IRQHandler                     
00000321  SYSCFG_DL_Music_ADC_init             
000003b9  SYSCFG_DL_Wave_ADC_init              
00000449  __TI_decompress_lzss                 
000004c5  main                                 
00000539  DL_SYSCTL_setHFCLKSourceHFXTParams   
0000059d  memset                               
000005ff  __aeabi_idiv0                        
00000601  SYSCFG_DL_SYSCTL_init                
00000661  SYSCFG_DL_initPower                  
000006b5  ADC_Init                             
00000701  DL_DMA_initChannel                   
0000074d  DL_SYSCTL_switchMCLKfromSYSOSCtoHSCLK
00000791  SYSCFG_DL_Wave_TIM_init              
000007d5  DL_ADC12_setClockConfig              
00000815  SYSCFG_DL_Music_TIM_init             
00000855  __aeabi_uidiv                        
00000855  __aeabi_uidivmod                     
00000895  __TI_auto_init_nobinit_nopinit       
000008d1  SYSCFG_DL_init                       
00000901  Start_Music_ADC                      
0000092d  Start_Wave_ADC                       
00000959  ADC0_IRQHandler                      
00000981  ADC1_IRQHandler                      
000009a9  _c_int00_noargs                      
000009d1  SYSCFG_DL_Music_DMA_init             
000009f1  DL_Timer_setClockConfig              
00000a0d  SYSCFG_DL_Wave_DMA_init              
00000a25  __TI_decompress_none                 
00000a39  SYSCFG_DL_GPIO_init                  
00000a49  __TI_zero_init                       
00000a59  SYSCFG_DL_DMA_init                   
00000a65  __aeabi_memclr                       
00000a65  __aeabi_memclr4                      
00000a65  __aeabi_memclr8                      
00000a71  DL_Common_delayCycles                
00000a7d  __aeabi_memcpy                       
00000a7d  __aeabi_memcpy4                      
00000a7d  __aeabi_memcpy8                      
00000a85  Reset_Handler                        
00000a89  _system_pre_init                     
00000a8c  C$$EXIT                              
00000a8d  abort                                
00000b28  __TI_Handler_Table_Base              
00000b34  __TI_Handler_Table_Limit             
00000b44  __TI_CINIT_Base                      
00000b54  __TI_CINIT_Limit                     
00000b54  __TI_CINIT_Warm                      
20200000  __start___llvm_prf_bits              
20200000  __start___llvm_prf_cnts              
20200000  __stop___llvm_prf_bits               
20200000  __stop___llvm_prf_cnts               
20200000  gADCSamples                          
20200800  gWave_TIMBackup                      
202008a0  ADC_Sample_size                      
202008a2  check_music_adc                      
202008a3  check_wave_adc                       
20207e00  __stack                              
20208000  __STACK_END                          
ffffffff  __TI_pprof_out_hndl                  
ffffffff  __TI_prof_data_size                  
ffffffff  __TI_prof_data_start                 
ffffffff  __binit__                            
ffffffff  binit                                
UNDEFED   __mpu_init                           
UNDEFED   _system_post_cinit                   

[108 symbols]
