******************************************************************************
            TI ARM Clang Linker PC v4.0.0                      
******************************************************************************
>> Linked Thu May  8 14:19:55 2025

OUTPUT FILE NAME:   <ADC_FIFO.out>
ENTRY POINT SYMBOL: "_c_int00_noargs"  address: 000009b5


MEMORY CONFIGURATION

         name            origin    length      used     unused   attr    fill
----------------------  --------  ---------  --------  --------  ----  --------
  FLASH                 00000000   00020000  00000b60  0001f4a0  R  X
  SRAM                  20200000   00008000  00000c04  000073fc  RW X
  BCR_CONFIG            41c00000   00000080  00000000  00000080  R   
  BSL_CONFIG            41c00100   00000080  00000000  00000080  R   


SEGMENT ALLOCATION MAP

run origin  load origin   length   init length attrs members
----------  ----------- ---------- ----------- ----- -------
00000000    00000000    00000b60   00000b60    r-x
  00000000    00000000    000000c0   000000c0    r-- .intvecs
  000000c0    000000c0    000009d8   000009d8    r-x .text
  00000a98    00000a98    00000098   00000098    r-- .rodata
  00000b30    00000b30    00000030   00000030    r-- .cinit
20200000    20200000    00000a04   00000000    rw-
  20200000    20200000    00000a00   00000000    rw- .bss
  20200a00    20200a00    00000004   00000000    rw- .data
20207e00    20207e00    00000200   00000000    rw-
  20207e00    20207e00    00000200   00000000    rw- .stack


SECTION ALLOCATION MAP

 output                                  attributes/
section   page    origin      length       input sections
--------  ----  ----------  ----------   ----------------
.intvecs   0    00000000    000000c0     
                  00000000    000000c0     startup_mspm0g350x_ticlang.o (.intvecs)

.text      0    000000c0    000009d8     
                  000000c0    000000e8     driverlib.a : dl_timer.o (.text.DL_Timer_initTimerMode)
                  000001a8    000000dc                 : dl_sysctl_mspm0g1x0x_g3x0x.o (.text.DL_SYSCTL_configSYSPLL)
                  00000284    000000a0     ti_msp_dl_config.o (.text.SYSCFG_DL_Music_ADC_init)
                  00000324    0000009a     libc.a : memcpy16.S.obj (.text:memcpy)
                  000003be    00000002     startup_mspm0g350x_ticlang.o (.text.Default_Handler)
                  000003c0    00000090     ti_msp_dl_config.o (.text.SYSCFG_DL_Wave_ADC_init)
                  00000450    0000007c     libc.a : copy_decompress_lzss.c.obj (.text:decompress:lzss)
                  000004cc    00000074     ADC_FIFO.o (.text.main)
                  00000540    00000064     driverlib.a : dl_sysctl_mspm0g1x0x_g3x0x.o (.text.DL_SYSCTL_setHFCLKSourceHFXTParams)
                  000005a4    00000062     libc.a : memset16.S.obj (.text:memset)
                  00000606    00000002     libclang_rt.builtins.a : aeabi_div0.c.obj (.text.__aeabi_idiv0)
                  00000608    00000060     ti_msp_dl_config.o (.text.SYSCFG_DL_SYSCTL_init)
                  00000668    00000054     ti_msp_dl_config.o (.text.SYSCFG_DL_initPower)
                  000006bc    00000050     adc.o (.text.ADC_Init)
                  0000070c    0000004c     driverlib.a : dl_dma.o (.text.DL_DMA_initChannel)
                  00000758    00000044                 : dl_sysctl_mspm0g1x0x_g3x0x.o (.text.DL_SYSCTL_switchMCLKfromSYSOSCtoHSCLK)
                  0000079c    00000044     ti_msp_dl_config.o (.text.SYSCFG_DL_Wave_TIM_init)
                  000007e0    00000040     driverlib.a : dl_adc12.o (.text.DL_ADC12_setClockConfig)
                  00000820    00000040     ti_msp_dl_config.o (.text.SYSCFG_DL_Music_TIM_init)
                  00000860    00000040     libclang_rt.builtins.a : aeabi_uidivmod.S.obj (.text.__aeabi_uidivmod)
                  000008a0    0000003c     libc.a : autoinit.c.obj (.text:__TI_auto_init_nobinit_nopinit)
                  000008dc    00000030     ti_msp_dl_config.o (.text.SYSCFG_DL_init)
                  0000090c    0000002c     adc.o (.text.Start_Music_ADC)
                  00000938    0000002c     adc.o (.text.Start_Wave_ADC)
                  00000964    00000028     adc.o (.text.ADC0_IRQHandler)
                  0000098c    00000028     adc.o (.text.ADC1_IRQHandler)
                  000009b4    00000028     libc.a : boot_cortex_m.c.obj (.text:_c_int00_noargs)
                  000009dc    0000001c     driverlib.a : dl_timer.o (.text.DL_Timer_setClockConfig)
                  000009f8    00000018     ti_msp_dl_config.o (.text.SYSCFG_DL_Music_DMA_init)
                  00000a10    00000018     ti_msp_dl_config.o (.text.SYSCFG_DL_Wave_DMA_init)
                  00000a28    00000012     libc.a : copy_decompress_none.c.obj (.text:decompress:none)
                  00000a3a    00000002     --HOLE-- [fill = 0]
                  00000a3c    00000010     ti_msp_dl_config.o (.text.SYSCFG_DL_GPIO_init)
                  00000a4c    00000010     libc.a : copy_zero_init.c.obj (.text:decompress:ZI)
                  00000a5c    0000000c     ti_msp_dl_config.o (.text.SYSCFG_DL_DMA_init)
                  00000a68    0000000c     libclang_rt.builtins.a : aeabi_memset.S.obj (.text.__aeabi_memclr)
                  00000a74    0000000a     driverlib.a : dl_common.o (.text.DL_Common_delayCycles)
                  00000a7e    00000002     --HOLE-- [fill = 0]
                  00000a80    00000008     libclang_rt.builtins.a : aeabi_memcpy.S.obj (.text.__aeabi_memcpy)
                  00000a88    00000004     startup_mspm0g350x_ticlang.o (.text.Reset_Handler)
                  00000a8c    00000004     libc.a : pre_init.c.obj (.text._system_pre_init)
                  00000a90    00000004            : exit.c.obj (.text:abort)
                  00000a94    00000004     --HOLE-- [fill = 0]

.cinit     0    00000b30    00000030     
                  00000b30    0000000c     (__TI_handler_table)
                  00000b3c    00000008     (.cinit..bss.load) [load image, compression = zero_init]
                  00000b44    00000008     (.cinit..data.load) [load image, compression = lzss]
                  00000b4c    00000010     (__TI_cinit_table)
                  00000b5c    00000004     --HOLE-- [fill = 0]

.rodata    0    00000a98    00000098     
                  00000a98    00000028     ti_msp_dl_config.o (.rodata.gSYSPLLConfig)
                  00000ac0    00000018     ti_msp_dl_config.o (.rodata.gMusic_DMAConfig)
                  00000ad8    00000018     ti_msp_dl_config.o (.rodata.gWave_DMAConfig)
                  00000af0    00000014     ti_msp_dl_config.o (.rodata.gMusic_TIMTimerConfig)
                  00000b04    00000014     ti_msp_dl_config.o (.rodata.gWave_TIMTimerConfig)
                  00000b18    00000008     ti_msp_dl_config.o (.rodata.gMusic_ADCClockConfig)
                  00000b20    00000008     ti_msp_dl_config.o (.rodata.gWave_ADCClockConfig)
                  00000b28    00000003     ti_msp_dl_config.o (.rodata.gMusic_TIMClockConfig)
                  00000b2b    00000003     ti_msp_dl_config.o (.rodata.gWave_TIMClockConfig)
                  00000b2e    00000002     --HOLE-- [fill = 0]

.init_array 
*          0    00000000    00000000     UNINITIALIZED

.binit     0    00000000    00000000     

.bss       0    20200000    00000a00     UNINITIALIZED
                  20200000    00000960     (.common:gADCSamples)
                  20200960    000000a0     (.common:gWave_TIMBackup)

.data      0    20200a00    00000004     UNINITIALIZED
                  20200a00    00000002     adc.o (.data.ADC_Sample_size)
                  20200a02    00000001     adc.o (.data.check_music_adc)
                  20200a03    00000001     adc.o (.data.check_wave_adc)

.stack     0    20207e00    00000200     UNINITIALIZED
                  20207e00    00000004     libc.a : boot_cortex_m.c.obj (.stack)
                  20207e04    000001fc     --HOLE--

__llvm_prf_cnts 
*          0    20200000    00000000     UNINITIALIZED

__llvm_prf_bits 
*          0    20200000    00000000     UNINITIALIZED

MODULE SUMMARY

       Module                         code   ro data   rw data
       ------                         ----   -------   -------
    .\
       adc.o                          248    0         2404   
       ti_msp_dl_config.o             740    150       160    
       startup_mspm0g350x_ticlang.o   6      192       0      
       ADC_FIFO.o                     116    0         0      
    +--+------------------------------+------+---------+---------+
       Total:                         1110   342       2564   
                                                              
    D:/ti/mspm0_sdk_2_02_00_05/source/ti/driverlib/lib/ticlang/m0p/mspm0g1x0x_g3x0x/driverlib.a
       dl_sysctl_mspm0g1x0x_g3x0x.o   388    0         0      
       dl_timer.o                     260    0         0      
       dl_dma.o                       76     0         0      
       dl_adc12.o                     64     0         0      
       dl_common.o                    10     0         0      
    +--+------------------------------+------+---------+---------+
       Total:                         798    0         0      
                                                              
    D:\ti\CCSTheia\ccstheia\ccs\tools\compiler\ti-cgt-armllvm_4.0.0.LTS\lib\armv6m-ti-none-eabi/c/libc.a
       memcpy16.S.obj                 154    0         0      
       copy_decompress_lzss.c.obj     124    0         0      
       memset16.S.obj                 98     0         0      
       autoinit.c.obj                 60     0         0      
       boot_cortex_m.c.obj            40     0         0      
       copy_decompress_none.c.obj     18     0         0      
       copy_zero_init.c.obj           16     0         0      
       exit.c.obj                     4      0         0      
       pre_init.c.obj                 4      0         0      
    +--+------------------------------+------+---------+---------+
       Total:                         518    0         0      
                                                              
    D:\ti\CCSTheia\ccstheia\ccs\tools\compiler\ti-cgt-armllvm_4.0.0.LTS\lib\armv6m-ti-none-eabi/libclang_rt.builtins.a
       aeabi_uidivmod.S.obj           64     0         0      
       aeabi_memset.S.obj             12     0         0      
       aeabi_memcpy.S.obj             8      0         0      
       aeabi_div0.c.obj               2      0         0      
    +--+------------------------------+------+---------+---------+
       Total:                         86     0         0      
                                                              
       Stack:                         0      0         512    
       Linker Generated:              0      44        0      
    +--+------------------------------+------+---------+---------+
       Grand Total:                   2512   386       3076   


LINKER GENERATED COPY TABLES

__TI_cinit_table @ 00000b4c records: 2, size/record: 8, table size: 16
	.bss: load addr=00000b3c, load size=00000008 bytes, run addr=20200000, run size=00000a00 bytes, compression=zero_init
	.data: load addr=00000b44, load size=00000008 bytes, run addr=20200a00, run size=00000004 bytes, compression=lzss


LINKER GENERATED HANDLER TABLE

__TI_handler_table @ 00000b30 records: 3, size/record: 4, table size: 12
	index: 0, handler: __TI_decompress_lzss
	index: 1, handler: __TI_decompress_none
	index: 2, handler: __TI_zero_init


GLOBAL SYMBOLS: SORTED ALPHABETICALLY BY Name 

address   name                                 
-------   ----                                 
00000965  ADC0_IRQHandler                      
0000098d  ADC1_IRQHandler                      
000006bd  ADC_Init                             
20200a00  ADC_Sample_size                      
000003bf  AES_IRQHandler                       
00000a90  C$$EXIT                              
000003bf  CANFD0_IRQHandler                    
000003bf  DAC0_IRQHandler                      
000007e1  DL_ADC12_setClockConfig              
00000a75  DL_Common_delayCycles                
0000070d  DL_DMA_initChannel                   
000001a9  DL_SYSCTL_configSYSPLL               
00000541  DL_SYSCTL_setHFCLKSourceHFXTParams   
00000759  DL_SYSCTL_switchMCLKfromSYSOSCtoHSCLK
000000c1  DL_Timer_initTimerMode               
000009dd  DL_Timer_setClockConfig              
000003bf  DMA_IRQHandler                       
000003bf  Default_Handler                      
000003bf  GROUP0_IRQHandler                    
000003bf  GROUP1_IRQHandler                    
000003bf  HardFault_Handler                    
000003bf  I2C0_IRQHandler                      
000003bf  I2C1_IRQHandler                      
000003bf  NMI_Handler                          
000003bf  PendSV_Handler                       
000003bf  RTC_IRQHandler                       
00000a89  Reset_Handler                        
000003bf  SPI0_IRQHandler                      
000003bf  SPI1_IRQHandler                      
000003bf  SVC_Handler                          
00000a5d  SYSCFG_DL_DMA_init                   
00000a3d  SYSCFG_DL_GPIO_init                  
00000285  SYSCFG_DL_Music_ADC_init             
000009f9  SYSCFG_DL_Music_DMA_init             
00000821  SYSCFG_DL_Music_TIM_init             
00000609  SYSCFG_DL_SYSCTL_init                
000003c1  SYSCFG_DL_Wave_ADC_init              
00000a11  SYSCFG_DL_Wave_DMA_init              
0000079d  SYSCFG_DL_Wave_TIM_init              
000008dd  SYSCFG_DL_init                       
00000669  SYSCFG_DL_initPower                  
0000090d  Start_Music_ADC                      
00000939  Start_Wave_ADC                       
000003bf  SysTick_Handler                      
000003bf  TIMA0_IRQHandler                     
000003bf  TIMA1_IRQHandler                     
000003bf  TIMG0_IRQHandler                     
000003bf  TIMG12_IRQHandler                    
000003bf  TIMG6_IRQHandler                     
000003bf  TIMG7_IRQHandler                     
000003bf  TIMG8_IRQHandler                     
000003bf  UART0_IRQHandler                     
000003bf  UART1_IRQHandler                     
000003bf  UART2_IRQHandler                     
000003bf  UART3_IRQHandler                     
20208000  __STACK_END                          
00000200  __STACK_SIZE                         
00000000  __TI_ATRegion0_region_sz             
00000000  __TI_ATRegion0_src_addr              
00000000  __TI_ATRegion0_trg_addr              
00000000  __TI_ATRegion1_region_sz             
00000000  __TI_ATRegion1_src_addr              
00000000  __TI_ATRegion1_trg_addr              
00000000  __TI_ATRegion2_region_sz             
00000000  __TI_ATRegion2_src_addr              
00000000  __TI_ATRegion2_trg_addr              
00000b4c  __TI_CINIT_Base                      
00000b5c  __TI_CINIT_Limit                     
00000b5c  __TI_CINIT_Warm                      
00000b30  __TI_Handler_Table_Base              
00000b3c  __TI_Handler_Table_Limit             
000008a1  __TI_auto_init_nobinit_nopinit       
00000451  __TI_decompress_lzss                 
00000a29  __TI_decompress_none                 
ffffffff  __TI_pprof_out_hndl                  
ffffffff  __TI_prof_data_size                  
ffffffff  __TI_prof_data_start                 
00000000  __TI_static_base__                   
00000a4d  __TI_zero_init                       
00000607  __aeabi_idiv0                        
00000a69  __aeabi_memclr                       
00000a69  __aeabi_memclr4                      
00000a69  __aeabi_memclr8                      
00000a81  __aeabi_memcpy                       
00000a81  __aeabi_memcpy4                      
00000a81  __aeabi_memcpy8                      
00000861  __aeabi_uidiv                        
00000861  __aeabi_uidivmod                     
ffffffff  __binit__                            
UNDEFED   __mpu_init                           
20207e00  __stack                              
20200000  __start___llvm_prf_bits              
20200000  __start___llvm_prf_cnts              
20200000  __stop___llvm_prf_bits               
20200000  __stop___llvm_prf_cnts               
000009b5  _c_int00_noargs                      
UNDEFED   _system_post_cinit                   
00000a8d  _system_pre_init                     
00000a91  abort                                
ffffffff  binit                                
20200a02  check_music_adc                      
20200a03  check_wave_adc                       
20200000  gADCSamples                          
20200960  gWave_TIMBackup                      
00000000  interruptVectors                     
000004cd  main                                 
00000325  memcpy                               
000005a5  memset                               


GLOBAL SYMBOLS: SORTED BY Symbol Address 

address   name                                 
-------   ----                                 
00000000  __TI_ATRegion0_region_sz             
00000000  __TI_ATRegion0_src_addr              
00000000  __TI_ATRegion0_trg_addr              
00000000  __TI_ATRegion1_region_sz             
00000000  __TI_ATRegion1_src_addr              
00000000  __TI_ATRegion1_trg_addr              
00000000  __TI_ATRegion2_region_sz             
00000000  __TI_ATRegion2_src_addr              
00000000  __TI_ATRegion2_trg_addr              
00000000  __TI_static_base__                   
00000000  interruptVectors                     
000000c1  DL_Timer_initTimerMode               
000001a9  DL_SYSCTL_configSYSPLL               
00000200  __STACK_SIZE                         
00000285  SYSCFG_DL_Music_ADC_init             
00000325  memcpy                               
000003bf  AES_IRQHandler                       
000003bf  CANFD0_IRQHandler                    
000003bf  DAC0_IRQHandler                      
000003bf  DMA_IRQHandler                       
000003bf  Default_Handler                      
000003bf  GROUP0_IRQHandler                    
000003bf  GROUP1_IRQHandler                    
000003bf  HardFault_Handler                    
000003bf  I2C0_IRQHandler                      
000003bf  I2C1_IRQHandler                      
000003bf  NMI_Handler                          
000003bf  PendSV_Handler                       
000003bf  RTC_IRQHandler                       
000003bf  SPI0_IRQHandler                      
000003bf  SPI1_IRQHandler                      
000003bf  SVC_Handler                          
000003bf  SysTick_Handler                      
000003bf  TIMA0_IRQHandler                     
000003bf  TIMA1_IRQHandler                     
000003bf  TIMG0_IRQHandler                     
000003bf  TIMG12_IRQHandler                    
000003bf  TIMG6_IRQHandler                     
000003bf  TIMG7_IRQHandler                     
000003bf  TIMG8_IRQHandler                     
000003bf  UART0_IRQHandler                     
000003bf  UART1_IRQHandler                     
000003bf  UART2_IRQHandler                     
000003bf  UART3_IRQHandler                     
000003c1  SYSCFG_DL_Wave_ADC_init              
00000451  __TI_decompress_lzss                 
000004cd  main                                 
00000541  DL_SYSCTL_setHFCLKSourceHFXTParams   
000005a5  memset                               
00000607  __aeabi_idiv0                        
00000609  SYSCFG_DL_SYSCTL_init                
00000669  SYSCFG_DL_initPower                  
000006bd  ADC_Init                             
0000070d  DL_DMA_initChannel                   
00000759  DL_SYSCTL_switchMCLKfromSYSOSCtoHSCLK
0000079d  SYSCFG_DL_Wave_TIM_init              
000007e1  DL_ADC12_setClockConfig              
00000821  SYSCFG_DL_Music_TIM_init             
00000861  __aeabi_uidiv                        
00000861  __aeabi_uidivmod                     
000008a1  __TI_auto_init_nobinit_nopinit       
000008dd  SYSCFG_DL_init                       
0000090d  Start_Music_ADC                      
00000939  Start_Wave_ADC                       
00000965  ADC0_IRQHandler                      
0000098d  ADC1_IRQHandler                      
000009b5  _c_int00_noargs                      
000009dd  DL_Timer_setClockConfig              
000009f9  SYSCFG_DL_Music_DMA_init             
00000a11  SYSCFG_DL_Wave_DMA_init              
00000a29  __TI_decompress_none                 
00000a3d  SYSCFG_DL_GPIO_init                  
00000a4d  __TI_zero_init                       
00000a5d  SYSCFG_DL_DMA_init                   
00000a69  __aeabi_memclr                       
00000a69  __aeabi_memclr4                      
00000a69  __aeabi_memclr8                      
00000a75  DL_Common_delayCycles                
00000a81  __aeabi_memcpy                       
00000a81  __aeabi_memcpy4                      
00000a81  __aeabi_memcpy8                      
00000a89  Reset_Handler                        
00000a8d  _system_pre_init                     
00000a90  C$$EXIT                              
00000a91  abort                                
00000b30  __TI_Handler_Table_Base              
00000b3c  __TI_Handler_Table_Limit             
00000b4c  __TI_CINIT_Base                      
00000b5c  __TI_CINIT_Limit                     
00000b5c  __TI_CINIT_Warm                      
20200000  __start___llvm_prf_bits              
20200000  __start___llvm_prf_cnts              
20200000  __stop___llvm_prf_bits               
20200000  __stop___llvm_prf_cnts               
20200000  gADCSamples                          
20200960  gWave_TIMBackup                      
20200a00  ADC_Sample_size                      
20200a02  check_music_adc                      
20200a03  check_wave_adc                       
20207e00  __stack                              
20208000  __STACK_END                          
ffffffff  __TI_pprof_out_hndl                  
ffffffff  __TI_prof_data_size                  
ffffffff  __TI_prof_data_start                 
ffffffff  __binit__                            
ffffffff  binit                                
UNDEFED   __mpu_init                           
UNDEFED   _system_post_cinit                   

[108 symbols]
