******************************************************************************
            TI ARM Clang Linker Unix v4.0.4                    
******************************************************************************
>> Linked Tue Mar 31 15:01:29 2026

OUTPUT FILE NAME:   <M0_SI5351.out>
ENTRY POINT SYMBOL: "_c_int00_noargs"  address: 00000eb1


MEMORY CONFIGURATION

         name            origin    length      used     unused   attr    fill
----------------------  --------  ---------  --------  --------  ----  --------
  FLASH                 00000000   00080000  000013d0  0007ec30  R  X
  SRAM_BANK0            20200000   00010000  00000148  0000feb8  RW X
  SRAM_BANK1            20210000   00010000  00000000  00010000  RW X
  BCR_CONFIG            41c00000   000000ff  00000000  000000ff  R   
  BSL_CONFIG            41c00100   00000080  00000000  00000080  R   
  DATA                  41d00000   00004000  00000000  00004000  R   


SEGMENT ALLOCATION MAP

run origin  load origin   length   init length attrs members
----------  ----------- ---------- ----------- ----- -------
00000000    00000000    000013d0   000013d0    r-x
  00000000    00000000    000000c0   000000c0    r-- .intvecs
  000000c0    000000c0    00001290   00001290    r-x .text
  00001350    00001350    00000050   00000050    r-- .rodata
  000013a0    000013a0    00000030   00000030    r-- .cinit
20200000    20200000    00000048   00000000    rw-
  20200000    20200000    00000044   00000000    rw- .TrimTable
  20200044    20200044    00000004   00000000    rw- .data
2020ff00    2020ff00    00000100   00000000    rw-
  2020ff00    2020ff00    00000100   00000000    rw- .stack


SECTION ALLOCATION MAP

 output                                  attributes/
section   page    origin      length       input sections
--------  ----  ----------  ----------   ----------------
.intvecs   0    00000000    000000c0     
                  00000000    000000c0     startup_mspm0g351x_ticlang.o (.intvecs)

.text      0    000000c0    00001290     
                  000000c0    00000190     SI5351.o (.text.SI5351_SetFrequency)
                  00000250    000000f8     driverlib.a : dl_sysctl_mspm0gx51x.o (.text.DL_SYSCTL_configSYSPLL)
                  00000348    000000e8     ti_msp_dl_config.o (.text.SYSCFG_DL_SYSCTL_SYSPLL_init)
                  00000430    000000a4     SI5351.o (.text._SI5351_Pack8)
                  000004d4    000000a2     libclang_rt.builtins.a : udivmoddi4.S.obj (.text)
                  00000576    00000002                            : aeabi_div0.c.obj (.text.__aeabi_idiv0)
                  00000578    0000008c     SI5351.o (.text.I2C_SendByte)
                  00000604    00000088     driverlib.a : dl_sysctl_mspm0gx51x.o (.text.DL_SYSCTL_setHFCLKSourceHFXTParams)
                  0000068c    0000007c     ti_msp_dl_config.o (.text.SYSCFG_DL_GPIO_init)
                  00000708    0000007c     libc.a : copy_decompress_lzss.c.obj (.text:decompress:lzss)
                  00000784    00000074     SI5351.o (.text.I2C_WaitAck)
                  000007f8    00000074     ti_msp_dl_config.o (.text.SYSCFG_DL_SYSCTL_init)
                  0000086c    00000074     libclang_rt.builtins.a : comparedf2.c.obj (.text.__gedf2)
                  000008e0    00000068                            : comparedf2.c.obj (.text.__ledf2)
                  00000948    00000064     SI5351.o (.text.SI5351_WriteBulk)
                  000009ac    00000062     libclang_rt.builtins.a : aeabi_dcmp.S.obj (.text.__aeabi_dcmp)
                  00000a0e    00000002                            : aeabi_div0.c.obj (.text.__aeabi_ldiv0)
                  00000a10    00000060     ti_msp_dl_config.o (.text.SYSCFG_DL_UART_0_init)
                  00000a70    00000058     driverlib.a : dl_factoryregion.o (.text.DL_FactoryRegion_initTrimTable)
                  00000ac8    00000058     ti_msp_dl_config.o (.text.SYSCFG_DL_initPower)
                  00000b20    0000004c     driverlib.a : dl_dma.o (.text.DL_DMA_initChannel)
                  00000b6c    0000004c     ti_msp_dl_config.o (.text.DL_UART_setBaudRateDivisor)
                  00000bb8    00000048     driverlib.a : dl_uart.o (.text.DL_UART_init)
                  00000c00    00000048     SI5351.o (.text.I2C_Start)
                  00000c48    00000048     SI5351.o (.text.I2C_Stop)
                  00000c90    00000044     driverlib.a : dl_sysctl_mspm0gx51x.o (.text.DL_SYSCTL_switchMCLKfromSYSOSCtoHSCLK)
                  00000cd4    00000040     libclang_rt.builtins.a : aeabi_uidivmod.S.obj (.text.__aeabi_uidivmod)
                  00000d14    0000003c     libc.a : autoinit.c.obj (.text:__TI_auto_init_nobinit_nopinit)
                  00000d50    0000003a     libclang_rt.builtins.a : muldsi3.S.obj (.text.__muldsi3)
                  00000d8a    00000002     --HOLE-- [fill = 0]
                  00000d8c    00000030     ti_msp_dl_config.o (.text.DL_GPIO_initDigitalOutputFeatures)
                  00000dbc    0000002c     main.o (.text.main)
                  00000de8    00000028     ti_msp_dl_config.o (.text.DL_Common_updateReg)
                  00000e10    00000028     ti_msp_dl_config.o (.text.DL_SYSTICK_init)
                  00000e38    00000028     ti_msp_dl_config.o (.text.DL_UART_setRXFIFOThreshold)
                  00000e60    00000028     ti_msp_dl_config.o (.text.DL_UART_setTXFIFOThreshold)
                  00000e88    00000028     delay.o (.text.delay_ms)
                  00000eb0    00000028     libc.a : boot_cortex_m.c.obj (.text:_c_int00_noargs)
                  00000ed8    00000024     libclang_rt.builtins.a : floatunsidf.S.obj (.text.__floatunsidf)
                  00000efc    00000024                            : muldi3.S.obj (.text.__muldi3)
                  00000f20    00000024     delay.o (.text.delay_us)
                  00000f44    00000020     ti_msp_dl_config.o (.text.DL_GPIO_initPeripheralInputFunction)
                  00000f64    00000020     ti_msp_dl_config.o (.text.DL_SYSCTL_setFlashWaitState)
                  00000f84    00000020     ti_msp_dl_config.o (.text.SYSCFG_DL_init)
                  00000fa4    0000001e     ti_msp_dl_config.o (.text.DL_UART_setOversampling)
                  00000fc2    00000002     --HOLE-- [fill = 0]
                  00000fc4    0000001e     libclang_rt.builtins.a : ashldi3.S.obj (.text.__ashldi3)
                  00000fe2    00000002     --HOLE-- [fill = 0]
                  00000fe4    0000001c     ti_msp_dl_config.o (.text.DL_GPIO_initPeripheralOutputFunction)
                  00001000    0000001c     driverlib.a : dl_sysctl_mspm0gx51x.o (.text.DL_SYSCTL_configFCC)
                  0000101c    0000001c     ti_msp_dl_config.o (.text.DL_SYSCTL_setFCCPeriods)
                  00001038    0000001c     ti_msp_dl_config.o (.text.DL_SYSCTL_setSYSOSCFreq)
                  00001054    0000001c     ti_msp_dl_config.o (.text.DL_SYSCTL_setULPCLKDivider)
                  00001070    0000001c     SI5351.o (.text.SI5351_WriteReg)
                  0000108c    0000001c     ti_msp_dl_config.o (.text.SYSCFG_DL_SYSCTL_CLK_init)
                  000010a8    00000018     ti_msp_dl_config.o (.text.DL_GPIO_enableOutput)
                  000010c0    00000018     ti_msp_dl_config.o (.text.DL_GPIO_enablePower)
                  000010d8    00000018     ti_msp_dl_config.o (.text.DL_GPIO_initPeripheralAnalogFunction)
                  000010f0    00000018     ti_msp_dl_config.o (.text.DL_GPIO_reset)
                  00001108    00000018     SI5351.o (.text.DL_GPIO_setPins)
                  00001120    00000018     ti_msp_dl_config.o (.text.DL_GPIO_setPins)
                  00001138    00000018     ti_msp_dl_config.o (.text.DL_SYSCTL_setBORThreshold)
                  00001150    00000018     ti_msp_dl_config.o (.text.DL_UART_enableDMAReceiveEvent)
                  00001168    00000018     ti_msp_dl_config.o (.text.DL_UART_enableFIFOs)
                  00001180    00000018     ti_msp_dl_config.o (.text.DL_UART_enablePower)
                  00001198    00000018     ti_msp_dl_config.o (.text.DL_UART_reset)
                  000011b0    00000018     ti_msp_dl_config.o (.text.SYSCFG_DL_DMA_CH0_init)
                  000011c8    00000016     SI5351.o (.text.DL_GPIO_readPins)
                  000011de    00000016     ti_msp_dl_config.o (.text.DL_UART_enable)
                  000011f4    00000016     libc.a : copy_zero_init.c.obj (.text:decompress:ZI:__TI_zero_init_nomemset)
                  0000120a    00000014     SI5351.o (.text.DL_GPIO_clearPins)
                  0000121e    00000002     --HOLE-- [fill = 0]
                  00001220    00000014     ti_msp_dl_config.o (.text.DL_SYSCTL_disableSYSPLL)
                  00001234    00000014     ti_msp_dl_config.o (.text.DL_SYSCTL_enableSYSPLL)
                  00001248    00000014     SI5351.o (.text.SI5351_Init)
                  0000125c    00000014     ti_msp_dl_config.o (.text.SYSCFG_DL_SYSTICK_init)
                  00001270    00000014     libclang_rt.builtins.a : aeabi_uldivmod.S.obj (.text.__aeabi_uldivmod)
                  00001284    00000012     driverlib.a : dl_uart.o (.text.DL_UART_setClockConfig)
                  00001296    00000012     libc.a : memcpy16.S.obj (.text:TI_memcpy_small)
                  000012a8    00000012            : copy_decompress_none.c.obj (.text:decompress:none)
                  000012ba    00000002     --HOLE-- [fill = 0]
                  000012bc    00000010     ti_msp_dl_config.o (.text.DL_SYSCTL_disableHFXT)
                  000012cc    00000010     ti_msp_dl_config.o (.text.DL_SYSCTL_isFCCDone)
                  000012dc    00000010     ti_msp_dl_config.o (.text.DL_SYSCTL_startFCC)
                  000012ec    00000010     ti_msp_dl_config.o (.text.DL_SYSTICK_enable)
                  000012fc    0000000c     ti_msp_dl_config.o (.text.DL_SYSCTL_getClockStatus)
                  00001308    0000000c     ti_msp_dl_config.o (.text.DL_SYSCTL_readFCC)
                  00001314    0000000a     driverlib.a : dl_common.o (.text.DL_Common_delayCycles)
                  0000131e    0000000a     SI5351.o (.text.I2C_Delay)
                  00001328    00000008     ti_msp_dl_config.o (.text.SYSCFG_DL_DMA_init)
                  00001330    00000008     libclang_rt.builtins.a : aeabi_memcpy.S.obj (.text.__aeabi_memcpy)
                  00001338    00000006     libc.a : exit.c.obj (.text:abort)
                  0000133e    00000004     startup_mspm0g351x_ticlang.o (.text.Default_Handler)
                  00001342    00000004     libsysbm.a : hostexit.c.obj (.text.HOSTexit)
                  00001346    00000004     startup_mspm0g351x_ticlang.o (.text.Reset_Handler)
                  0000134a    00000004     libc.a : pre_init.c.obj (.text._system_pre_init)
                  0000134e    00000002     --HOLE-- [fill = 0]

.cinit     0    000013a0    00000030     
                  000013a0    0000000c     (__TI_handler_table)
                  000013ac    00000008     (.cinit..TrimTable.load) [load image, compression = zero_init]
                  000013b4    00000008     (.cinit..data.load) [load image, compression = lzss]
                  000013bc    00000010     (__TI_cinit_table)
                  000013cc    00000004     --HOLE-- [fill = 0]

.rodata    0    00001350    00000050     
                  00001350    00000028     ti_msp_dl_config.o (.rodata.gSYSPLLConfig)
                  00001378    00000018     ti_msp_dl_config.o (.rodata.gDMA_CH0Config)
                  00001390    0000000a     ti_msp_dl_config.o (.rodata.gUART_0Config)
                  0000139a    00000002     ti_msp_dl_config.o (.rodata.gUART_0ClockConfig)
                  0000139c    00000004     --HOLE-- [fill = 0]

.init_array 
*          0    00000000    00000000     UNINITIALIZED

.binit     0    00000000    00000000     

.data      0    20200044    00000004     UNINITIALIZED
                  20200044    00000004     driverlib.a : dl_factoryregion.o (.data.FACTORYVALUE)

.TrimTable 
*          0    20200000    00000044     UNINITIALIZED
                  20200000    00000044     driverlib.a : dl_factoryregion.o (.TrimTable)

.stack     0    2020ff00    00000100     UNINITIALIZED
                  2020ff00    00000004     libc.a : boot_cortex_m.c.obj (.stack)
                  2020ff04    000000fc     --HOLE--

__llvm_prf_cnts 
*          0    20200000    00000000     UNINITIALIZED

__llvm_prf_bits 
*          0    20200000    00000000     UNINITIALIZED

MODULE SUMMARY

       Module                         code   ro data   rw data
       ------                         ----   -------   -------
    ./
       ti_msp_dl_config.o             1648   76        0      
       startup_mspm0g351x_ticlang.o   8      192       0      
       main.o                         44     0         0      
    +--+------------------------------+------+---------+---------+
       Total:                         1700   268       0      
                                                              
    ./usercode/
       SI5351.o                       1188   0         0      
       delay.o                        76     0         0      
    +--+------------------------------+------+---------+---------+
       Total:                         1264   0         0      
                                                              
    /home/elysia/Software/ti/CCS2050/ccs/tools/compiler/ti-cgt-armllvm_4.0.4.LTS/lib/armv6m-ti-none-eabi/c/libc.a
       copy_decompress_lzss.c.obj     124    0         0      
       autoinit.c.obj                 60     0         0      
       boot_cortex_m.c.obj            40     0         0      
       copy_zero_init.c.obj           22     0         0      
       copy_decompress_none.c.obj     18     0         0      
       memcpy16.S.obj                 18     0         0      
       exit.c.obj                     6      0         0      
       pre_init.c.obj                 4      0         0      
    +--+------------------------------+------+---------+---------+
       Total:                         292    0         0      
                                                              
    /home/elysia/Software/ti/CCS2050/ccs/tools/compiler/ti-cgt-armllvm_4.0.4.LTS/lib/armv6m-ti-none-eabi/c/libsysbm.a
       hostexit.c.obj                 4      0         0      
    +--+------------------------------+------+---------+---------+
       Total:                         4      0         0      
                                                              
    /home/elysia/Software/ti/CCS2050/ccs/tools/compiler/ti-cgt-armllvm_4.0.4.LTS/lib/armv6m-ti-none-eabi/libclang_rt.builtins.a
       comparedf2.c.obj               220    0         0      
       udivmoddi4.S.obj               162    0         0      
       aeabi_dcmp.S.obj               98     0         0      
       aeabi_uidivmod.S.obj           64     0         0      
       muldsi3.S.obj                  58     0         0      
       floatunsidf.S.obj              36     0         0      
       muldi3.S.obj                   36     0         0      
       ashldi3.S.obj                  30     0         0      
       aeabi_uldivmod.S.obj           20     0         0      
       aeabi_memcpy.S.obj             8      0         0      
       aeabi_div0.c.obj               4      0         0      
    +--+------------------------------+------+---------+---------+
       Total:                         736    0         0      
                                                              
    /home/elysia/Software/ti/SDK/mspm0_sdk_2_10_00_04/source/ti/driverlib/lib/ticlang/m0p/mspm0gx51x/driverlib.a
       dl_sysctl_mspm0gx51x.o         480    0         0      
       dl_factoryregion.o             88     0         72     
       dl_uart.o                      90     0         0      
       dl_dma.o                       76     0         0      
       dl_common.o                    10     0         0      
    +--+------------------------------+------+---------+---------+
       Total:                         744    0         72     
                                                              
       Stack:                         0      0         256    
       Linker Generated:              0      44        0      
    +--+------------------------------+------+---------+---------+
       Grand Total:                   4740   312       328    


LINKER GENERATED COPY TABLES

__TI_cinit_table @ 000013bc records: 2, size/record: 8, table size: 16
	.TrimTable: load addr=000013ac, load size=00000008 bytes, run addr=20200000, run size=00000044 bytes, compression=zero_init
	.data: load addr=000013b4, load size=00000008 bytes, run addr=20200044, run size=00000004 bytes, compression=lzss


LINKER GENERATED HANDLER TABLE

__TI_handler_table @ 000013a0 records: 3, size/record: 4, table size: 12
	index: 0, handler: __TI_decompress_lzss
	index: 1, handler: __TI_decompress_none
	index: 2, handler: __TI_zero_init


GLOBAL SYMBOLS: SORTED ALPHABETICALLY BY Name 

address   name                                 
-------   ----                                 
0000133f  ADC0_IRQHandler                      
0000133f  ADC1_IRQHandler                      
0000133f  AESADV_IRQHandler                    
00001342  C$$EXIT                              
0000133f  CANFD0_IRQHandler                    
0000133f  CANFD1_IRQHandler                    
0000133f  DAC0_IRQHandler                      
00001315  DL_Common_delayCycles                
00000b21  DL_DMA_initChannel                   
20200000  DL_FACTORYREGION_TrimTable           
00000a71  DL_FactoryRegion_initTrimTable       
00001001  DL_SYSCTL_configFCC                  
00000251  DL_SYSCTL_configSYSPLL               
00000605  DL_SYSCTL_setHFCLKSourceHFXTParams   
00000c91  DL_SYSCTL_switchMCLKfromSYSOSCtoHSCLK
00000bb9  DL_UART_init                         
00001285  DL_UART_setClockConfig               
0000133f  DMA_IRQHandler                       
0000133f  Default_Handler                      
20200044  FACTORYVALUE                         
0000133f  GROUP0_IRQHandler                    
0000133f  GROUP1_IRQHandler                    
00001343  HOSTexit                             
0000133f  HardFault_Handler                    
0000133f  I2C0_IRQHandler                      
0000133f  I2C1_IRQHandler                      
0000133f  I2C2_IRQHandler                      
00000579  I2C_SendByte                         
00000c01  I2C_Start                            
00000c49  I2C_Stop                             
00000785  I2C_WaitAck                          
0000133f  LFSS_IRQHandler                      
0000133f  NMI_Handler                          
0000133f  PendSV_Handler                       
00001347  Reset_Handler                        
00001249  SI5351_Init                          
000000c1  SI5351_SetFrequency                  
00001071  SI5351_WriteReg                      
0000133f  SPI0_IRQHandler                      
0000133f  SPI1_IRQHandler                      
0000133f  SPI2_IRQHandler                      
0000133f  SVC_Handler                          
000011b1  SYSCFG_DL_DMA_CH0_init               
00001329  SYSCFG_DL_DMA_init                   
0000068d  SYSCFG_DL_GPIO_init                  
0000108d  SYSCFG_DL_SYSCTL_CLK_init            
00000349  SYSCFG_DL_SYSCTL_SYSPLL_init         
000007f9  SYSCFG_DL_SYSCTL_init                
0000125d  SYSCFG_DL_SYSTICK_init               
00000a11  SYSCFG_DL_UART_0_init                
00000f85  SYSCFG_DL_init                       
00000ac9  SYSCFG_DL_initPower                  
0000133f  SysTick_Handler                      
0000133f  TIMA0_IRQHandler                     
0000133f  TIMA1_IRQHandler                     
0000133f  TIMG0_IRQHandler                     
0000133f  TIMG12_IRQHandler                    
0000133f  TIMG14_IRQHandler                    
0000133f  TIMG6_IRQHandler                     
0000133f  TIMG7_IRQHandler                     
0000133f  TIMG8_IRQHandler                     
0000133f  TIMG9_IRQHandler                     
00001297  TI_memcpy_small                      
0000133f  UART0_IRQHandler                     
0000133f  UART1_IRQHandler                     
0000133f  UART3_IRQHandler                     
0000133f  UART4_IRQHandler                     
0000133f  UART5_IRQHandler                     
0000133f  UART6_IRQHandler                     
0000133f  UART7_IRQHandler                     
20210000  __STACK_END                          
00000100  __STACK_SIZE                         
00000000  __TI_ATRegion0_region_sz             
00000000  __TI_ATRegion0_src_addr              
00000000  __TI_ATRegion0_trg_addr              
00000000  __TI_ATRegion1_region_sz             
00000000  __TI_ATRegion1_src_addr              
00000000  __TI_ATRegion1_trg_addr              
00000000  __TI_ATRegion2_region_sz             
00000000  __TI_ATRegion2_src_addr              
00000000  __TI_ATRegion2_trg_addr              
000013bc  __TI_CINIT_Base                      
000013cc  __TI_CINIT_Limit                     
000013cc  __TI_CINIT_Warm                      
000013a0  __TI_Handler_Table_Base              
000013ac  __TI_Handler_Table_Limit             
00000d15  __TI_auto_init_nobinit_nopinit       
00000709  __TI_decompress_lzss                 
000012a9  __TI_decompress_none                 
ffffffff  __TI_pprof_out_hndl                  
ffffffff  __TI_prof_data_size                  
ffffffff  __TI_prof_data_start                 
00000000  __TI_static_base__                   
000011f5  __TI_zero_init_nomemset              
000009ad  __aeabi_dcmpeq                       
000009e9  __aeabi_dcmpge                       
000009fd  __aeabi_dcmpgt                       
000009d5  __aeabi_dcmple                       
000009c1  __aeabi_dcmplt                       
00000577  __aeabi_idiv0                        
00000a0f  __aeabi_ldiv0                        
00000fc5  __aeabi_llsl                         
00000efd  __aeabi_lmul                         
00001331  __aeabi_memcpy                       
00001331  __aeabi_memcpy4                      
00001331  __aeabi_memcpy8                      
00000ed9  __aeabi_ui2d                         
00000cd5  __aeabi_uidiv                        
00000cd5  __aeabi_uidivmod                     
00001271  __aeabi_uldivmod                     
00000fc5  __ashldi3                            
ffffffff  __binit__                            
000008e1  __cmpdf2                             
000008e1  __eqdf2                              
00000ed9  __floatunsidf                        
0000086d  __gedf2                              
0000086d  __gtdf2                              
000008e1  __ledf2                              
000008e1  __ltdf2                              
UNDEFED   __mpu_init                           
00000efd  __muldi3                             
00000d51  __muldsi3                            
000008e1  __nedf2                              
2020ff00  __stack                              
20200000  __start___llvm_prf_bits              
20200000  __start___llvm_prf_cnts              
20200000  __stop___llvm_prf_bits               
20200000  __stop___llvm_prf_cnts               
000004d5  __udivmoddi4                         
00000eb1  _c_int00_noargs                      
UNDEFED   _system_post_cinit                   
0000134b  _system_pre_init                     
00001339  abort                                
ffffffff  binit                                
00000e89  delay_ms                             
00000f21  delay_us                             
00000000  interruptVectors                     
00000dbd  main                                 


GLOBAL SYMBOLS: SORTED BY Symbol Address 

address   name                                 
-------   ----                                 
00000000  __TI_ATRegion0_region_sz             
00000000  __TI_ATRegion0_src_addr              
00000000  __TI_ATRegion0_trg_addr              
00000000  __TI_ATRegion1_region_sz             
00000000  __TI_ATRegion1_src_addr              
00000000  __TI_ATRegion1_trg_addr              
00000000  __TI_ATRegion2_region_sz             
00000000  __TI_ATRegion2_src_addr              
00000000  __TI_ATRegion2_trg_addr              
00000000  __TI_static_base__                   
00000000  interruptVectors                     
000000c1  SI5351_SetFrequency                  
00000100  __STACK_SIZE                         
00000251  DL_SYSCTL_configSYSPLL               
00000349  SYSCFG_DL_SYSCTL_SYSPLL_init         
000004d5  __udivmoddi4                         
00000577  __aeabi_idiv0                        
00000579  I2C_SendByte                         
00000605  DL_SYSCTL_setHFCLKSourceHFXTParams   
0000068d  SYSCFG_DL_GPIO_init                  
00000709  __TI_decompress_lzss                 
00000785  I2C_WaitAck                          
000007f9  SYSCFG_DL_SYSCTL_init                
0000086d  __gedf2                              
0000086d  __gtdf2                              
000008e1  __cmpdf2                             
000008e1  __eqdf2                              
000008e1  __ledf2                              
000008e1  __ltdf2                              
000008e1  __nedf2                              
000009ad  __aeabi_dcmpeq                       
000009c1  __aeabi_dcmplt                       
000009d5  __aeabi_dcmple                       
000009e9  __aeabi_dcmpge                       
000009fd  __aeabi_dcmpgt                       
00000a0f  __aeabi_ldiv0                        
00000a11  SYSCFG_DL_UART_0_init                
00000a71  DL_FactoryRegion_initTrimTable       
00000ac9  SYSCFG_DL_initPower                  
00000b21  DL_DMA_initChannel                   
00000bb9  DL_UART_init                         
00000c01  I2C_Start                            
00000c49  I2C_Stop                             
00000c91  DL_SYSCTL_switchMCLKfromSYSOSCtoHSCLK
00000cd5  __aeabi_uidiv                        
00000cd5  __aeabi_uidivmod                     
00000d15  __TI_auto_init_nobinit_nopinit       
00000d51  __muldsi3                            
00000dbd  main                                 
00000e89  delay_ms                             
00000eb1  _c_int00_noargs                      
00000ed9  __aeabi_ui2d                         
00000ed9  __floatunsidf                        
00000efd  __aeabi_lmul                         
00000efd  __muldi3                             
00000f21  delay_us                             
00000f85  SYSCFG_DL_init                       
00000fc5  __aeabi_llsl                         
00000fc5  __ashldi3                            
00001001  DL_SYSCTL_configFCC                  
00001071  SI5351_WriteReg                      
0000108d  SYSCFG_DL_SYSCTL_CLK_init            
000011b1  SYSCFG_DL_DMA_CH0_init               
000011f5  __TI_zero_init_nomemset              
00001249  SI5351_Init                          
0000125d  SYSCFG_DL_SYSTICK_init               
00001271  __aeabi_uldivmod                     
00001285  DL_UART_setClockConfig               
00001297  TI_memcpy_small                      
000012a9  __TI_decompress_none                 
00001315  DL_Common_delayCycles                
00001329  SYSCFG_DL_DMA_init                   
00001331  __aeabi_memcpy                       
00001331  __aeabi_memcpy4                      
00001331  __aeabi_memcpy8                      
00001339  abort                                
0000133f  ADC0_IRQHandler                      
0000133f  ADC1_IRQHandler                      
0000133f  AESADV_IRQHandler                    
0000133f  CANFD0_IRQHandler                    
0000133f  CANFD1_IRQHandler                    
0000133f  DAC0_IRQHandler                      
0000133f  DMA_IRQHandler                       
0000133f  Default_Handler                      
0000133f  GROUP0_IRQHandler                    
0000133f  GROUP1_IRQHandler                    
0000133f  HardFault_Handler                    
0000133f  I2C0_IRQHandler                      
0000133f  I2C1_IRQHandler                      
0000133f  I2C2_IRQHandler                      
0000133f  LFSS_IRQHandler                      
0000133f  NMI_Handler                          
0000133f  PendSV_Handler                       
0000133f  SPI0_IRQHandler                      
0000133f  SPI1_IRQHandler                      
0000133f  SPI2_IRQHandler                      
0000133f  SVC_Handler                          
0000133f  SysTick_Handler                      
0000133f  TIMA0_IRQHandler                     
0000133f  TIMA1_IRQHandler                     
0000133f  TIMG0_IRQHandler                     
0000133f  TIMG12_IRQHandler                    
0000133f  TIMG14_IRQHandler                    
0000133f  TIMG6_IRQHandler                     
0000133f  TIMG7_IRQHandler                     
0000133f  TIMG8_IRQHandler                     
0000133f  TIMG9_IRQHandler                     
0000133f  UART0_IRQHandler                     
0000133f  UART1_IRQHandler                     
0000133f  UART3_IRQHandler                     
0000133f  UART4_IRQHandler                     
0000133f  UART5_IRQHandler                     
0000133f  UART6_IRQHandler                     
0000133f  UART7_IRQHandler                     
00001342  C$$EXIT                              
00001343  HOSTexit                             
00001347  Reset_Handler                        
0000134b  _system_pre_init                     
000013a0  __TI_Handler_Table_Base              
000013ac  __TI_Handler_Table_Limit             
000013bc  __TI_CINIT_Base                      
000013cc  __TI_CINIT_Limit                     
000013cc  __TI_CINIT_Warm                      
20200000  DL_FACTORYREGION_TrimTable           
20200000  __start___llvm_prf_bits              
20200000  __start___llvm_prf_cnts              
20200000  __stop___llvm_prf_bits               
20200000  __stop___llvm_prf_cnts               
20200044  FACTORYVALUE                         
2020ff00  __stack                              
20210000  __STACK_END                          
ffffffff  __TI_pprof_out_hndl                  
ffffffff  __TI_prof_data_size                  
ffffffff  __TI_prof_data_start                 
ffffffff  __binit__                            
ffffffff  binit                                
UNDEFED   __mpu_init                           
UNDEFED   _system_post_cinit                   

[138 symbols]
